###############################################################################
#
# IAR ELF Linker V7.70.1.11437/W32 for ARM                19/Mar/2018  12:39:49
# Copyright 2007-2016 IAR Systems AB.
#
#    Output file  =  ./BUILD/STEVAL_IDB007V1/IAR/gian-ble-Copia.elf
#    Map file     =  ./BUILD/STEVAL_IDB007V1/IAR/gian-ble-Copia.map
#    Command line =  
#        -f .\BUILD\STEVAL_IDB007V1\IAR\.link_files.txt
#        (--skip_dynamic_initialization --threaded_lib -o
#        ./BUILD/STEVAL_IDB007V1/IAR/gian-ble-Copia.elf
#        --map=./BUILD/STEVAL_IDB007V1/IAR/gian-ble-Copia.map
#        ./BUILD/STEVAL_IDB007V1/IAR/./main.o
#        ./BUILD/STEVAL_IDB007V1/IAR/./test_env.o
#        ./BUILD/STEVAL_IDB007V1/IAR/BLUE1/Blue1.o
#        ./BUILD/STEVAL_IDB007V1/IAR/BLUE1/SensorDemo/gatt_db.o
#        ./BUILD/STEVAL_IDB007V1/IAR/BLUE1/sdk_hal/src/BlueNRG1_sleep.o
#        ./BUILD/STEVAL_IDB007V1/IAR/BLUE1/sdk_hal/src/context_switch.o
#        ./BUILD/STEVAL_IDB007V1/IAR/BLUE1/sdk_hal/src/gp_timer.o
#        ./BUILD/STEVAL_IDB007V1/IAR/BLUE1/sdk_hal/src/osal.o
#        ./BUILD/STEVAL_IDB007V1/IAR/mbed-os/cmsis/TARGET_CORTEX_M/TOOLCHAIN_IAR/cmain.o
#        ./BUILD/STEVAL_IDB007V1/IAR/mbed-os/drivers/AnalogIn.o
#        ./BUILD/STEVAL_IDB007V1/IAR/mbed-os/drivers/BusIn.o
#        ./BUILD/STEVAL_IDB007V1/IAR/mbed-os/drivers/BusInOut.o
#        ./BUILD/STEVAL_IDB007V1/IAR/mbed-os/drivers/BusOut.o
#        ./BUILD/STEVAL_IDB007V1/IAR/mbed-os/drivers/CAN.o
#        ./BUILD/STEVAL_IDB007V1/IAR/mbed-os/drivers/Ethernet.o
#        ./BUILD/STEVAL_IDB007V1/IAR/mbed-os/drivers/FlashIAP.o
#        ./BUILD/STEVAL_IDB007V1/IAR/mbed-os/drivers/I2C.o
#        ./BUILD/STEVAL_IDB007V1/IAR/mbed-os/drivers/I2CSlave.o
#        ./BUILD/STEVAL_IDB007V1/IAR/mbed-os/drivers/InterruptIn.o
#        ./BUILD/STEVAL_IDB007V1/IAR/mbed-os/drivers/InterruptManager.o
#        ./BUILD/STEVAL_IDB007V1/IAR/mbed-os/drivers/RawSerial.o
#        ./BUILD/STEVAL_IDB007V1/IAR/mbed-os/drivers/SPI.o
#        ./BUILD/STEVAL_IDB007V1/IAR/mbed-os/drivers/SPISlave.o
#        ./BUILD/STEVAL_IDB007V1/IAR/mbed-os/drivers/Serial.o
#        ./BUILD/STEVAL_IDB007V1/IAR/mbed-os/drivers/SerialBase.o
#        ./BUILD/STEVAL_IDB007V1/IAR/mbed-os/drivers/Ticker.o
#        ./BUILD/STEVAL_IDB007V1/IAR/mbed-os/drivers/Timeout.o
#        ./BUILD/STEVAL_IDB007V1/IAR/mbed-os/drivers/Timer.o
#        ./BUILD/STEVAL_IDB007V1/IAR/mbed-os/drivers/TimerEvent.o
#        ./BUILD/STEVAL_IDB007V1/IAR/mbed-os/drivers/UARTSerial.o
#        ./BUILD/STEVAL_IDB007V1/IAR/mbed-os/features/FEATURE_BLE/source/BLE.o
#        ./BUILD/STEVAL_IDB007V1/IAR/mbed-os/features/FEATURE_BLE/source/BLEInstanceBase.o
#        ./BUILD/STEVAL_IDB007V1/IAR/mbed-os/features/FEATURE_BLE/source/DiscoveredCharacteristic.o
#        ./BUILD/STEVAL_IDB007V1/IAR/mbed-os/features/FEATURE_BLE/source/GapScanningParams.o
#        ./BUILD/STEVAL_IDB007V1/IAR/mbed-os/features/FEATURE_BLE/source/generic/GenericGattClient.o
#        ./BUILD/STEVAL_IDB007V1/IAR/mbed-os/features/FEATURE_BLE/source/services/DFUService.o
#        ./BUILD/STEVAL_IDB007V1/IAR/mbed-os/features/FEATURE_BLE/source/services/UARTService.o
#        ./BUILD/STEVAL_IDB007V1/IAR/mbed-os/features/FEATURE_BLE/source/services/URIBeaconConfigService.o
#        ./BUILD/STEVAL_IDB007V1/IAR/mbed-os/features/filesystem/Dir.o
#        ./BUILD/STEVAL_IDB007V1/IAR/mbed-os/features/filesystem/File.o
#        ./BUILD/STEVAL_IDB007V1/IAR/mbed-os/features/filesystem/FileSystem.o
#        ./BUILD/STEVAL_IDB007V1/IAR/mbed-os/features/filesystem/bd/ChainingBlockDevice.o
#        ./BUILD/STEVAL_IDB007V1/IAR/mbed-os/features/filesystem/bd/HeapBlockDevice.o
#        ./BUILD/STEVAL_IDB007V1/IAR/mbed-os/features/filesystem/bd/MBRBlockDevice.o
#        ./BUILD/STEVAL_IDB007V1/IAR/mbed-os/features/filesystem/bd/ProfilingBlockDevice.o
#        ./BUILD/STEVAL_IDB007V1/IAR/mbed-os/features/filesystem/bd/SlicingBlockDevice.o
#        ./BUILD/STEVAL_IDB007V1/IAR/mbed-os/features/filesystem/fat/ChaN/ccsbcs.o
#        ./BUILD/STEVAL_IDB007V1/IAR/mbed-os/features/filesystem/fat/ChaN/ff.o
#        ./BUILD/STEVAL_IDB007V1/IAR/mbed-os/features/filesystem/fat/FATFileSystem.o
#        ./BUILD/STEVAL_IDB007V1/IAR/mbed-os/features/mbedtls/platform/src/mbed_trng.o
#        ./BUILD/STEVAL_IDB007V1/IAR/mbed-os/features/mbedtls/src/aes.o
#        ./BUILD/STEVAL_IDB007V1/IAR/mbed-os/features/mbedtls/src/aesni.o
#        ./BUILD/STEVAL_IDB007V1/IAR/mbed-os/features/mbedtls/src/arc4.o
#        ./BUILD/STEVAL_IDB007V1/IAR/mbed-os/features/mbedtls/src/asn1parse.o
#        ./BUILD/STEVAL_IDB007V1/IAR/mbed-os/features/mbedtls/src/asn1write.o
#        ./BUILD/STEVAL_IDB007V1/IAR/mbed-os/features/mbedtls/src/base64.o
#        ./BUILD/STEVAL_IDB007V1/IAR/mbed-os/features/mbedtls/src/bignum.o
#        ./BUILD/STEVAL_IDB007V1/IAR/mbed-os/features/mbedtls/src/blowfish.o
#        ./BUILD/STEVAL_IDB007V1/IAR/mbed-os/features/mbedtls/src/camellia.o
#        ./BUILD/STEVAL_IDB007V1/IAR/mbed-os/features/mbedtls/src/ccm.o
#        ./BUILD/STEVAL_IDB007V1/IAR/mbed-os/features/mbedtls/src/certs.o
#        ./BUILD/STEVAL_IDB007V1/IAR/mbed-os/features/mbedtls/src/cipher.o
#        ./BUILD/STEVAL_IDB007V1/IAR/mbed-os/features/mbedtls/src/cipher_wrap.o
#        ./BUILD/STEVAL_IDB007V1/IAR/mbed-os/features/mbedtls/src/cmac.o
#        ./BUILD/STEVAL_IDB007V1/IAR/mbed-os/features/mbedtls/src/ctr_drbg.o
#        ./BUILD/STEVAL_IDB007V1/IAR/mbed-os/features/mbedtls/src/debug.o
#        ./BUILD/STEVAL_IDB007V1/IAR/mbed-os/features/mbedtls/src/des.o
#        ./BUILD/STEVAL_IDB007V1/IAR/mbed-os/features/mbedtls/src/dhm.o
#        ./BUILD/STEVAL_IDB007V1/IAR/mbed-os/features/mbedtls/src/ecdh.o
#        ./BUILD/STEVAL_IDB007V1/IAR/mbed-os/features/mbedtls/src/ecdsa.o
#        ./BUILD/STEVAL_IDB007V1/IAR/mbed-os/features/mbedtls/src/ecjpake.o
#        ./BUILD/STEVAL_IDB007V1/IAR/mbed-os/features/mbedtls/src/ecp.o
#        ./BUILD/STEVAL_IDB007V1/IAR/mbed-os/features/mbedtls/src/ecp_curves.o
#        ./BUILD/STEVAL_IDB007V1/IAR/mbed-os/features/mbedtls/src/entropy.o
#        ./BUILD/STEVAL_IDB007V1/IAR/mbed-os/features/mbedtls/src/entropy_poll.o
#        ./BUILD/STEVAL_IDB007V1/IAR/mbed-os/features/mbedtls/src/error.o
#        ./BUILD/STEVAL_IDB007V1/IAR/mbed-os/features/mbedtls/src/gcm.o
#        ./BUILD/STEVAL_IDB007V1/IAR/mbed-os/features/mbedtls/src/havege.o
#        ./BUILD/STEVAL_IDB007V1/IAR/mbed-os/features/mbedtls/src/hmac_drbg.o
#        ./BUILD/STEVAL_IDB007V1/IAR/mbed-os/features/mbedtls/src/md.o
#        ./BUILD/STEVAL_IDB007V1/IAR/mbed-os/features/mbedtls/src/md2.o
#        ./BUILD/STEVAL_IDB007V1/IAR/mbed-os/features/mbedtls/src/md4.o
#        ./BUILD/STEVAL_IDB007V1/IAR/mbed-os/features/mbedtls/src/md5.o
#        ./BUILD/STEVAL_IDB007V1/IAR/mbed-os/features/mbedtls/src/md_wrap.o
#        ./BUILD/STEVAL_IDB007V1/IAR/mbed-os/features/mbedtls/src/memory_buffer_alloc.o
#        ./BUILD/STEVAL_IDB007V1/IAR/mbed-os/features/mbedtls/src/net_sockets.o
#        ./BUILD/STEVAL_IDB007V1/IAR/mbed-os/features/mbedtls/src/oid.o
#        ./BUILD/STEVAL_IDB007V1/IAR/mbed-os/features/mbedtls/src/padlock.o
#        ./BUILD/STEVAL_IDB007V1/IAR/mbed-os/features/mbedtls/src/pem.o
#        ./BUILD/STEVAL_IDB007V1/IAR/mbed-os/features/mbedtls/src/pk.o
#        ./BUILD/STEVAL_IDB007V1/IAR/mbed-os/features/mbedtls/src/pk_wrap.o
#        ./BUILD/STEVAL_IDB007V1/IAR/mbed-os/features/mbedtls/src/pkcs11.o
#        ./BUILD/STEVAL_IDB007V1/IAR/mbed-os/features/mbedtls/src/pkcs12.o
#        ./BUILD/STEVAL_IDB007V1/IAR/mbed-os/features/mbedtls/src/pkcs5.o
#        ./BUILD/STEVAL_IDB007V1/IAR/mbed-os/features/mbedtls/src/pkparse.o
#        ./BUILD/STEVAL_IDB007V1/IAR/mbed-os/features/mbedtls/src/pkwrite.o
#        ./BUILD/STEVAL_IDB007V1/IAR/mbed-os/features/mbedtls/src/platform.o
#        ./BUILD/STEVAL_IDB007V1/IAR/mbed-os/features/mbedtls/src/ripemd160.o
#        ./BUILD/STEVAL_IDB007V1/IAR/mbed-os/features/mbedtls/src/rsa.o
#        ./BUILD/STEVAL_IDB007V1/IAR/mbed-os/features/mbedtls/src/sha1.o
#        ./BUILD/STEVAL_IDB007V1/IAR/mbed-os/features/mbedtls/src/sha256.o
#        ./BUILD/STEVAL_IDB007V1/IAR/mbed-os/features/mbedtls/src/sha512.o
#        ./BUILD/STEVAL_IDB007V1/IAR/mbed-os/features/mbedtls/src/ssl_cache.o
#        ./BUILD/STEVAL_IDB007V1/IAR/mbed-os/features/mbedtls/src/ssl_ciphersuites.o
#        ./BUILD/STEVAL_IDB007V1/IAR/mbed-os/features/mbedtls/src/ssl_cli.o
#        ./BUILD/STEVAL_IDB007V1/IAR/mbed-os/features/mbedtls/src/ssl_cookie.o
#        ./BUILD/STEVAL_IDB007V1/IAR/mbed-os/features/mbedtls/src/ssl_srv.o
#        ./BUILD/STEVAL_IDB007V1/IAR/mbed-os/features/mbedtls/src/ssl_ticket.o
#        ./BUILD/STEVAL_IDB007V1/IAR/mbed-os/features/mbedtls/src/ssl_tls.o
#        ./BUILD/STEVAL_IDB007V1/IAR/mbed-os/features/mbedtls/src/threading.o
#        ./BUILD/STEVAL_IDB007V1/IAR/mbed-os/features/mbedtls/src/timing.o
#        ./BUILD/STEVAL_IDB007V1/IAR/mbed-os/features/mbedtls/src/version.o
#        ./BUILD/STEVAL_IDB007V1/IAR/mbed-os/features/mbedtls/src/version_features.o
#        ./BUILD/STEVAL_IDB007V1/IAR/mbed-os/features/mbedtls/src/x509.o
#        ./BUILD/STEVAL_IDB007V1/IAR/mbed-os/features/mbedtls/src/x509_create.o
#        ./BUILD/STEVAL_IDB007V1/IAR/mbed-os/features/mbedtls/src/x509_crl.o
#        ./BUILD/STEVAL_IDB007V1/IAR/mbed-os/features/mbedtls/src/x509_crt.o
#        ./BUILD/STEVAL_IDB007V1/IAR/mbed-os/features/mbedtls/src/x509_csr.o
#        ./BUILD/STEVAL_IDB007V1/IAR/mbed-os/features/mbedtls/src/x509write_crt.o
#        ./BUILD/STEVAL_IDB007V1/IAR/mbed-os/features/mbedtls/src/x509write_csr.o
#        ./BUILD/STEVAL_IDB007V1/IAR/mbed-os/features/mbedtls/src/xtea.o
#        ./BUILD/STEVAL_IDB007V1/IAR/mbed-os/hal/mbed_flash_api.o
#        ./BUILD/STEVAL_IDB007V1/IAR/mbed-os/hal/mbed_gpio.o
#        ./BUILD/STEVAL_IDB007V1/IAR/mbed-os/hal/mbed_lp_ticker_api.o
#        ./BUILD/STEVAL_IDB007V1/IAR/mbed-os/hal/mbed_pinmap_common.o
#        ./BUILD/STEVAL_IDB007V1/IAR/mbed-os/hal/mbed_sleep_manager.o
#        ./BUILD/STEVAL_IDB007V1/IAR/mbed-os/hal/mbed_ticker_api.o
#        ./BUILD/STEVAL_IDB007V1/IAR/mbed-os/hal/mbed_us_ticker_api.o
#        ./BUILD/STEVAL_IDB007V1/IAR/mbed-os/platform/ATCmdParser.o
#        ./BUILD/STEVAL_IDB007V1/IAR/mbed-os/platform/CallChain.o
#        ./BUILD/STEVAL_IDB007V1/IAR/mbed-os/platform/FileBase.o
#        ./BUILD/STEVAL_IDB007V1/IAR/mbed-os/platform/FileHandle.o
#        ./BUILD/STEVAL_IDB007V1/IAR/mbed-os/platform/FilePath.o
#        ./BUILD/STEVAL_IDB007V1/IAR/mbed-os/platform/FileSystemHandle.o
#        ./BUILD/STEVAL_IDB007V1/IAR/mbed-os/platform/LocalFileSystem.o
#        ./BUILD/STEVAL_IDB007V1/IAR/mbed-os/platform/Stream.o
#        ./BUILD/STEVAL_IDB007V1/IAR/mbed-os/platform/mbed_alloc_wrappers.o
#        ./BUILD/STEVAL_IDB007V1/IAR/mbed-os/platform/mbed_application.o
#        ./BUILD/STEVAL_IDB007V1/IAR/mbed-os/platform/mbed_assert.o
#        ./BUILD/STEVAL_IDB007V1/IAR/mbed-os/platform/mbed_board.o
#        ./BUILD/STEVAL_IDB007V1/IAR/mbed-os/platform/mbed_critical.o
#        ./BUILD/STEVAL_IDB007V1/IAR/mbed-os/platform/mbed_error.o
#        ./BUILD/STEVAL_IDB007V1/IAR/mbed-os/platform/mbed_interface.o
#        ./BUILD/STEVAL_IDB007V1/IAR/mbed-os/platform/mbed_mem_trace.o
#        ./BUILD/STEVAL_IDB007V1/IAR/mbed-os/platform/mbed_mktime.o
#        ./BUILD/STEVAL_IDB007V1/IAR/mbed-os/platform/mbed_poll.o
#        ./BUILD/STEVAL_IDB007V1/IAR/mbed-os/platform/mbed_retarget.o
#        ./BUILD/STEVAL_IDB007V1/IAR/mbed-os/platform/mbed_rtc_time.o
#        ./BUILD/STEVAL_IDB007V1/IAR/mbed-os/platform/mbed_sdk_boot.o
#        ./BUILD/STEVAL_IDB007V1/IAR/mbed-os/platform/mbed_semihost_api.o
#        ./BUILD/STEVAL_IDB007V1/IAR/mbed-os/platform/mbed_stats.o
#        ./BUILD/STEVAL_IDB007V1/IAR/mbed-os/platform/mbed_wait_api_no_rtos.o
#        ./BUILD/STEVAL_IDB007V1/IAR/mbed-os/platform/mbed_wait_api_rtos.o
#        ./BUILD/STEVAL_IDB007V1/IAR/mbed-os/rtos/ConditionVariable.o
#        ./BUILD/STEVAL_IDB007V1/IAR/mbed-os/rtos/EventFlags.o
#        ./BUILD/STEVAL_IDB007V1/IAR/mbed-os/rtos/Mutex.o
#        ./BUILD/STEVAL_IDB007V1/IAR/mbed-os/rtos/RtosTimer.o
#        ./BUILD/STEVAL_IDB007V1/IAR/mbed-os/rtos/Semaphore.o
#        ./BUILD/STEVAL_IDB007V1/IAR/mbed-os/rtos/TARGET_CORTEX/mbed_boot.o
#        ./BUILD/STEVAL_IDB007V1/IAR/mbed-os/rtos/TARGET_CORTEX/mbed_rtx_handlers.o
#        ./BUILD/STEVAL_IDB007V1/IAR/mbed-os/rtos/TARGET_CORTEX/mbed_rtx_idle.o
#        ./BUILD/STEVAL_IDB007V1/IAR/mbed-os/rtos/TARGET_CORTEX/rtx4/cmsis_os1.o
#        ./BUILD/STEVAL_IDB007V1/IAR/mbed-os/rtos/TARGET_CORTEX/rtx5/RTX/Config/RTX_Config.o
#        ./BUILD/STEVAL_IDB007V1/IAR/mbed-os/rtos/TARGET_CORTEX/rtx5/RTX/Source/TOOLCHAIN_IAR/TARGET_M0/irq_cm0.o
#        ./BUILD/STEVAL_IDB007V1/IAR/mbed-os/rtos/TARGET_CORTEX/rtx5/RTX/Source/rt_OsEventObserver.o
#        ./BUILD/STEVAL_IDB007V1/IAR/mbed-os/rtos/TARGET_CORTEX/rtx5/RTX/Source/rtx_delay.o
#        ./BUILD/STEVAL_IDB007V1/IAR/mbed-os/rtos/TARGET_CORTEX/rtx5/RTX/Source/rtx_evflags.o
#        ./BUILD/STEVAL_IDB007V1/IAR/mbed-os/rtos/TARGET_CORTEX/rtx5/RTX/Source/rtx_evr.o
#        ./BUILD/STEVAL_IDB007V1/IAR/mbed-os/rtos/TARGET_CORTEX/rtx5/RTX/Source/rtx_kernel.o
#        ./BUILD/STEVAL_IDB007V1/IAR/mbed-os/rtos/TARGET_CORTEX/rtx5/RTX/Source/rtx_lib.o
#        ./BUILD/STEVAL_IDB007V1/IAR/mbed-os/rtos/TARGET_CORTEX/rtx5/RTX/Source/rtx_memory.o
#        ./BUILD/STEVAL_IDB007V1/IAR/mbed-os/rtos/TARGET_CORTEX/rtx5/RTX/Source/rtx_mempool.o
#        ./BUILD/STEVAL_IDB007V1/IAR/mbed-os/rtos/TARGET_CORTEX/rtx5/RTX/Source/rtx_msgqueue.o
#        ./BUILD/STEVAL_IDB007V1/IAR/mbed-os/rtos/TARGET_CORTEX/rtx5/RTX/Source/rtx_mutex.o
#        ./BUILD/STEVAL_IDB007V1/IAR/mbed-os/rtos/TARGET_CORTEX/rtx5/RTX/Source/rtx_semaphore.o
#        ./BUILD/STEVAL_IDB007V1/IAR/mbed-os/rtos/TARGET_CORTEX/rtx5/RTX/Source/rtx_system.o
#        ./BUILD/STEVAL_IDB007V1/IAR/mbed-os/rtos/TARGET_CORTEX/rtx5/RTX/Source/rtx_thread.o
#        ./BUILD/STEVAL_IDB007V1/IAR/mbed-os/rtos/TARGET_CORTEX/rtx5/RTX/Source/rtx_timer.o
#        ./BUILD/STEVAL_IDB007V1/IAR/mbed-os/rtos/TARGET_CORTEX/rtx5/Source/os_systick.o
#        ./BUILD/STEVAL_IDB007V1/IAR/mbed-os/rtos/TARGET_CORTEX/rtx5/Source/os_tick_ptim.o
#        ./BUILD/STEVAL_IDB007V1/IAR/mbed-os/rtos/Thread.o
#        ./BUILD/STEVAL_IDB007V1/IAR/mbed-os/targets/TARGET_STMBLUE/TARGET_BLUENRG1/TARGET_STEVAL_IDB007V1/device/TOOLCHAIN_IAR/startup_bluenrg1.o
#        ./BUILD/STEVAL_IDB007V1/IAR/mbed-os/targets/TARGET_STMBLUE/TARGET_BLUENRG1/TARGET_STEVAL_IDB007V1/device/cmsis_nvic.o
#        ./BUILD/STEVAL_IDB007V1/IAR/mbed-os/targets/TARGET_STMBLUE/TARGET_BLUENRG1/TARGET_STEVAL_IDB007V1/device/system_bluenrg1.o
#        ./BUILD/STEVAL_IDB007V1/IAR/mbed-os/targets/TARGET_STMBLUE/TARGET_BLUENRG1/device/BlueNRG1_adc.o
#        ./BUILD/STEVAL_IDB007V1/IAR/mbed-os/targets/TARGET_STMBLUE/TARGET_BLUENRG1/device/BlueNRG1_dma.o
#        ./BUILD/STEVAL_IDB007V1/IAR/mbed-os/targets/TARGET_STMBLUE/TARGET_BLUENRG1/device/BlueNRG1_flash.o
#        ./BUILD/STEVAL_IDB007V1/IAR/mbed-os/targets/TARGET_STMBLUE/TARGET_BLUENRG1/device/BlueNRG1_gpio.o
#        ./BUILD/STEVAL_IDB007V1/IAR/mbed-os/targets/TARGET_STMBLUE/TARGET_BLUENRG1/device/BlueNRG1_i2c.o
#        ./BUILD/STEVAL_IDB007V1/IAR/mbed-os/targets/TARGET_STMBLUE/TARGET_BLUENRG1/device/BlueNRG1_it.o
#        ./BUILD/STEVAL_IDB007V1/IAR/mbed-os/targets/TARGET_STMBLUE/TARGET_BLUENRG1/device/BlueNRG1_mft.o
#        ./BUILD/STEVAL_IDB007V1/IAR/mbed-os/targets/TARGET_STMBLUE/TARGET_BLUENRG1/device/BlueNRG1_pka.o
#        ./BUILD/STEVAL_IDB007V1/IAR/mbed-os/targets/TARGET_STMBLUE/TARGET_BLUENRG1/device/BlueNRG1_rng.o
#        ./BUILD/STEVAL_IDB007V1/IAR/mbed-os/targets/TARGET_STMBLUE/TARGET_BLUENRG1/device/BlueNRG1_rtc.o
#        ./BUILD/STEVAL_IDB007V1/IAR/mbed-os/targets/TARGET_STMBLUE/TARGET_BLUENRG1/device/BlueNRG1_spi.o
#        ./BUILD/STEVAL_IDB007V1/IAR/mbed-os/targets/TARGET_STMBLUE/TARGET_BLUENRG1/device/BlueNRG1_sysCtrl.o
#        ./BUILD/STEVAL_IDB007V1/IAR/mbed-os/targets/TARGET_STMBLUE/TARGET_BLUENRG1/device/BlueNRG1_uart.o
#        ./BUILD/STEVAL_IDB007V1/IAR/mbed-os/targets/TARGET_STMBLUE/TARGET_BLUENRG1/device/BlueNRG1_wdg.o
#        ./BUILD/STEVAL_IDB007V1/IAR/mbed-os/targets/TARGET_STMBLUE/TARGET_BLUENRG1/device/clock.o
#        ./BUILD/STEVAL_IDB007V1/IAR/mbed-os/targets/TARGET_STMBLUE/TARGET_BLUENRG1/device/misc.o
#        ./BUILD/STEVAL_IDB007V1/IAR/mbed-os/targets/TARGET_STMBLUE/TARGET_BLUENRG1/pin_device.o
#        ./BUILD/STEVAL_IDB007V1/IAR/mbed-os/targets/TARGET_STMBLUE/gpio_api.o
#        ./BUILD/STEVAL_IDB007V1/IAR/mbed-os/targets/TARGET_STMBLUE/mbed_overrides.o
#        ./BUILD/STEVAL_IDB007V1/IAR/mbed-os/targets/TARGET_STMBLUE/pinmap.o
#        ./BUILD/STEVAL_IDB007V1/IAR/mbed-os/targets/TARGET_STMBLUE/serial_api.o
#        ./BUILD/STEVAL_IDB007V1/IAR/mbed-os/targets/TARGET_STMBLUE/spi_api.o
#        ./BUILD/STEVAL_IDB007V1/IAR/mbed-os/targets/TARGET_STMBLUE/us_ticker_api.o
#        ./BLUE1/Bluetooth_LE/library/libbluenrg1_stack.a --config
#        ./mbed-os/targets/TARGET_STMBLUE/TARGET_BLUENRG1/TARGET_STEVAL_IDB007V1/device/TOOLCHAIN_IAR/BLUENRG1.icf)
#
###############################################################################

*******************************************************************************
*** RUNTIME MODEL ATTRIBUTES
***

CppFlavor                     = *
__CPP_Exceptions              = Disabled
__CPP_Language                = C++
__Heap_Handler                = DLMalloc
__SystemLibrary               = DLib
__dlib_dynamic_initialization = postponed
__dlib_has_iterator_debugging = 0


*******************************************************************************
*** PLACEMENT SUMMARY
***

"A0":  place at start of [0x10067000-0x10067fff] {
          block BLOCK_STACKLIB_FLASH_DATA };
"A1":  place at 0x200000c0 { block BLUE };
"A3":  place at start of [0x10040000-0x10066fff] { ro section .intvec };
"A4":  place at 0x20000004 { block ota_sw_activation_block };
"A5":  place at 0x20000008 { block savedMSP_block };
"A6":  place at 0x2000000c { block wakeupFromSleepFlag_block };
"A8":  place at 0x20000030 { block Blue_Flag_Ram_block };
"P2":  place in [from 0x10040000 to 0x10067fff] { ro };
"P3":  place in [from 0x200000c0 to 0x20005fff] { rw, block CSTACK, block HEAP };
initialize by copy { rw };
 { section .bss.__blue_RAM };
 { section .intvec };
 { section .ota_sw_activation };
 { section .savedMSP };
 { section .wakeupFromSleepFlag };
 { section .__blueflag_RAM };

  Section                 Kind        Address     Size  Object
  -------                 ----        -------     ----  ------
"A3":                                             0xc0
  .intvec                 ro code  0x10040000     0xc0  startup_bluenrg1.o [28]
                                 - 0x100400c0     0xc0

"P2", part 1 of 2:                             0x1abe2
  i.RAL_Isr               ro code  0x100400c0   0x1714  ll_isr.o [33]
  i.Timer_ExpiryCallback  ro code  0x100417d4     0x14  host_timer.o [33]
  i.Is_Flash_Write_On_Going
                          ro code  0x100417e8     0x10  nvm.o [33]
  i.advance_wakeup_timer  ro code  0x100417f8    0x4d4  advance_wakeup_time.o [33]
  i.get_scan_addr         ro code  0x10041ccc     0x2e  rom_ll_isr_routines.o [33]
  .text                   ro code  0x10041cfa      0xa  ATCmdParser.o [17]
  i.PRIV_u32ProcessAdvPacket
                          ro code  0x10041d04    0x698  ll_privacy.o [33]
  i.get_adv_addr          ro code  0x1004239c     0x2c  rom_ll_isr_routines.o [33]
  i.PRIV_SearchAddrInWhiteList
                          ro code  0x100423c8     0x48  ll_privacy.o [33]
  i.go_to_connect         ro code  0x10042410    0x278  rom_ll_isr_routines.o [33]
  i.cancel_current_master
                          ro code  0x10042688    0x19c  multi_master_time.o [33]
  i.machine_time_trans    ro code  0x10042824     0x20  rom_ll_timehandling.o [33]
  i.unpack_update_request
                          ro code  0x10042844     0x46  rom_ll_isr_routines.o [33]
  i.unpack_channel_map    ro code  0x1004288a     0x38  rom_ll_isr_routines.o [33]
  i.char_copy             ro code  0x100428c2     0x12  hal.o [33]
  i.LL_receive_data_patch
                          ro code  0x100428d4     0xc4  isr_routines.o [33]
  i.isr_postproc1         ro code  0x10042998    0x14c  rom_ll_isr_postproc.o [33]
  i.LL_update_proc        ro code  0x10042ae4     0x58  rom_ll_isr_routines.o [33]
  i.modulo_37             ro code  0x10042b3c     0x18  rom_ll_routines_support.o [33]
  i.advance_slave_timing_MultiSlave
                          ro code  0x10042b54    0x438  multi_master_time.o [33]
  i.set_string            ro code  0x10042f8c     0x10  hal.o [33]
  i.go_to_connect_master  ro code  0x10042f9c    0x198  isr_routines.o [33]
  i.system_time_trans     ro code  0x10043134      0xa  rom_ll_timehandling.o [33]
  i.isr_postproc_encrypt_data
                          ro code  0x1004313e     0x16  rom_ll_isr_postproc.o [33]
  i.anchor_replace        ro code  0x10043154     0x50  multi_master_time.o [33]
  i.read_rssi             ro code  0x100431a4     0x70  ll_routines.o [33]
  i.isr_event_handler_patched
                          ro code  0x10043214    0x8bc  ll_routines_master.o [33]
  i.isr_postproc          ro code  0x10043ad0    0x14c  isr_postproc.o [33]
  i.cancel_master         ro code  0x10043c1c    0x100  rom_ll_isr_routines.o [33]
  .text                   ro code  0x10043d1c     0xe0  I32DivModFast.o [35]
  i.cancel_slave          ro code  0x10043dfc     0x98  isr_routines.o [33]
  i.Hal_Get_Random_Number
                          ro code  0x10043e94     0x28  hal.o [33]
  i.LL_Sleep_Req          ro code  0x10043ebc     0x54  rom_ll_routines_support.o [33]
  i.LL_Update_Advertising_Buffers
                          ro code  0x10043f10     0x44  rom_ll_ll_routines.o [33]
  i.LL_Update_Scanning_Initiating_Buffers
                          ro code  0x10043f54     0x40  rom_ll_ll_routines.o [33]
  .text                   ro code  0x10043f94     0x16  uread4.o [35]
  .text                   ro code  0x10043faa      0x2  ATCmdParser.o [17]
  i.PRIV_u8ResolvePrivateAddress
                          ro code  0x10043fac     0xf0  ll_privacy.o [33]
  .text                   ro code  0x1004409c     0x28  osal.o [4]
  i.timebase_start_connect
                          ro code  0x100440c4     0x40  multi_master_time.o [33]
  i.is_slave              ro code  0x10044104     0x34  multi_master_time.o [33]
  i.swap_char             ro code  0x10044138      0xa  multi_master_time.o [33]
  i.swap_short_int        ro code  0x10044142      0xa  multi_master_time.o [33]
  i.set_sca               ro code  0x1004414c     0x20  rom_ll_timehandling.o [33]
  i.WindowWiden1          ro code  0x1004416c      0xa  rom_ll_timehandling.o [33]
  i.time_offset1          ro code  0x10044176      0xe  rom_ll_timehandling.o [33]
  i.WindowWiden2          ro code  0x10044184     0x10  rom_ll_timehandling.o [33]
  i.time_offset2          ro code  0x10044194     0x10  rom_ll_timehandling.o [33]
  i.microseconds_to_machine_time
                          ro code  0x100441a4      0x8  routines_support.o [33]
  i.system_time_trans_ext
                          ro code  0x100441ac     0x2c  rom_ll_timehandling.o [33]
  i.encrypt               ro code  0x100441d8     0x88  rom_ll_routines_support.o [33]
  i.hci_le_enhanced_connection_complete_event_push
                          ro code  0x10044260     0x90  ll_routines_master.o [33]
  i.hci_le_connection_complete_event_push
                          ro code  0x100442f0     0x78  ll_routines_master.o [33]
  i.hci_encryption_key_refresh_complete_event_push
                          ro code  0x10044368     0x48  ll_routines_master.o [33]
  i.hci_encryption_change_event_push
                          ro code  0x100443b0     0x4c  ll_routines_master.o [33]
  i.Acl_Tx_Cmpl_Pkt_Handler
                          ro code  0x100443fc     0x1e  acl.o [33]
  .text                   ro code  0x1004441a      0x2  Stream.o [17]
  i.aci_event_fifo_push_header
                          ro code  0x1004441c     0xc8  aci_events.o [33]
  i.aci_event_fifo_push   ro code  0x100444e4     0x28  aci_events.o [33]
  i.hci_le_connection_update_complete_event_push
                          ro code  0x1004450c     0x58  ll_routines_master.o [33]
  i.hci_le_direct_advertising_report_event_push
                          ro code  0x10044564     0x74  ll_routines_master.o [33]
  i.hci_le_advertising_report_event_push
                          ro code  0x100445d8     0x80  ll_routines_master.o [33]
  i.Reclassify_All_Channels
                          ro code  0x10044658     0xc0  ll_routines_master.o [33]
  i.Acl_Rcv_Pkt_Handler   ro code  0x10044718     0x1e  acl.o [33]
  i.Hal_Get_Random_Number32
                          ro code  0x10044736     0x12  hal.o [33]
  .text                   ro code  0x10044748      0x2  IntDivZer.o [35]
  .text                   ro code  0x1004474a      0x2  Stream.o [17]
  i.PRIVWHIT_u8SearchAddrInList
                          ro code  0x1004474c     0xa0  ll_privacy.o [33]
  i.LL_Encrypt_Plain_Data
                          ro code  0x100447ec     0x54  ll_routines_support.o [33]
  i.PRIVWHIT_u8AddAddrInList
                          ro code  0x10044840    0x1d8  ll_privacy.o [33]
  i.PRIVWHIT_u8RemoveAddrInList
                          ro code  0x10044a18     0xc8  ll_privacy.o [33]
  .text                   ro code  0x10044ae0     0x5c  ABImemcpy.o [35]
  .text                   ro code  0x10044b3c     0x58  ABImemset.o [35]
  .text                   ro code  0x10044b94     0x28  memcmp.o [35]
  i.fifoBuf_getFreeHeader
                          ro code  0x10044bbc     0x6a  aci_events.o [33]
  i.AES128ECB_Wrapper     ro code  0x10044c26     0x7e  aes128cmac.o [33]
  i.AES_keyschedule_enc   ro code  0x10044ca4     0x36  crypto.o [33]
  .text                   ro code  0x10044cda      0x2  startup_bluenrg1.o [28]
  i.AES_general_SW_enc    ro code  0x10044cdc    0x268  crypto.o [33]
  i.AES_keyschedule_enc_LL
                          ro code  0x10044f44    0x15c  crypto.o [33]
  .text                   ro code  0x100450a0   0x16b8  dlmalloc.o [31]
  .text                   ro code  0x10046758      0xa  abort.o [31]
  .text                   ro code  0x10046762      0x2  startup_bluenrg1.o [28]
  .text                   ro code  0x10046764     0x2c  xgetmemchunk.o [31]
  .text                   ro code  0x10046790     0x28  xsyslock.o [31]
  .text                   ro code  0x100467b8      0xc  XXexit.o [35]
  .text                   ro code  0x100467c4    0x164  xsyslock_mtx.o [31]
  .text                   ro code  0x10046928    0x23a  mbed_boot.o [19]
  .text                   ro code  0x10046b62      0x2  startup_bluenrg1.o [28]
  .text                   ro code  0x10046b64    0x894  rtx_thread.o [22]
  .text                   ro code  0x100473f8     0x28  mbed_error.o [17]
  .text                   ro code  0x10047420    0x348  rtx_kernel.o [22]
  .text                   ro code  0x10047768    0x420  rtx_mutex.o [22]
  .text                   ro code  0x10047b88     0x1c  dynamic_init.o [35]
  .text                   ro code  0x10047ba4     0xac  main.o [1]
  .text                   ro code  0x10047c50      0x4  low_level_init.o [31]
  .text                   ro code  0x10047c54     0x28  data_init.o [35]
  .text                   ro code  0x10047c7c      0x2  mbed_overrides.o [25]
  .text                   ro code  0x10047c7e      0x2  rtx_evr.o [22]
  .text                   ro code  0x10047c80      0x2  rtx_evr.o [22]
  .text                   ro code  0x10047c82      0x2  rtx_evr.o [22]
  .text                   ro code  0x10047c84      0x2  rtx_evr.o [22]
  .text                   ro code  0x10047c86      0x2  rtx_evr.o [22]
  .text                   ro code  0x10047c88      0x2  rtx_evr.o [22]
  .text                   ro code  0x10047c8a      0x2  rtx_evr.o [22]
  .text                   ro code  0x10047c8c      0x2  rtx_evr.o [22]
  .text                   ro code  0x10047c8e      0x2  rtx_evr.o [22]
  .text                   ro code  0x10047c90      0x2  rtx_evr.o [22]
  .text                   ro code  0x10047c92      0x2  rtx_evr.o [22]
  .text                   ro code  0x10047c94      0x2  rtx_evr.o [22]
  .text                   ro code  0x10047c96      0x2  rtx_evr.o [22]
  .text                   ro code  0x10047c98     0xcc  rtx_mempool.o [22]
  .text                   ro code  0x10047d64     0x70  rtx_memory.o [22]
  .text                   ro code  0x10047dd4     0x4e  rtx_memory.o [22]
  .text                   ro code  0x10047e22      0x2  rtx_evr.o [22]
  .text                   ro code  0x10047e24      0x2  rtx_evr.o [22]
  .text                   ro code  0x10047e26      0x2  rtx_evr.o [22]
  .text                   ro code  0x10047e28      0x2  rtx_evr.o [22]
  .text                   ro code  0x10047e2a      0x2  rtx_evr.o [22]
  .text                   ro code  0x10047e2c      0x2  rtx_evr.o [22]
  .text                   ro code  0x10047e2e      0x2  startup_bluenrg1.o [28]
  .text                   ro code  0x10047e30    0x284  mbed_rtx_handlers.o [19]
  .text                   ro code  0x100480b4     0x64  mbed_board.o [17]
  .text                   ro code  0x10048118    0x374  mbed_retarget.o [17]
  .text                   ro code  0x1004848c      0x2  rtx_evr.o [22]
  .text                   ro code  0x1004848e     0x3e  rtx_memory.o [22]
  .text                   ro code  0x100484cc      0x2  rtx_evr.o [22]
  .text                   ro code  0x100484ce      0x2  rtx_evr.o [22]
  .text                   ro code  0x100484d0     0x4c  os_systick.o [24]
  .text                   ro code  0x1004851c      0x6  os_systick.o [24]
  .text                   ro code  0x10048522      0x2  startup_bluenrg1.o [28]
  .text                   ro code  0x10048524     0x30  os_systick.o [24]
  .text                   ro code  0x10048554      0x2  rtx_evr.o [22]
  .text                   ro code  0x10048556      0x2  rtx_evr.o [22]
  .text                   ro code  0x10048558      0x2  rtx_evr.o [22]
  .text                   ro code  0x1004855a      0x2  rtx_evr.o [22]
  .text                   ro code  0x1004855c      0x2  rtx_evr.o [22]
  .text                   ro code  0x1004855e      0x2  rtx_evr.o [22]
  .text                   ro code  0x10048560      0x2  rtx_evr.o [22]
  .text                   ro code  0x10048562      0x2  rtx_evr.o [22]
  .text                   ro code  0x10048564      0x2  rtx_evr.o [22]
  .text                   ro code  0x10048566      0x2  rtx_evr.o [22]
  .text                   ro code  0x10048568      0x2  rtx_evr.o [22]
  .text                   ro code  0x1004856a      0x2  rtx_evr.o [22]
  .text                   ro code  0x1004856c      0x2  rtx_evr.o [22]
  .text                   ro code  0x1004856e      0x2  rtx_evr.o [22]
  .text                   ro code  0x10048570     0x18  cppinit.o [31]
  .text                   ro code  0x10048588     0x5e  Serial.o [6]
  .text                   ro code  0x100485e6     0x3c  mbed_gpio.o [16]
  .text                   ro code  0x10048622      0x2  startup_bluenrg1.o [28]
  .text                   ro code  0x10048624    0x138  SPI.o [6]
  .text                   ro code  0x1004875c    0x968  Blue1.o [2]
  .text                   ro code  0x100490c4      0x2  rtx_evr.o [22]
  .text                   ro code  0x100490c6      0x2  rtx_evr.o [22]
  .text                   ro code  0x100490c8      0x2  rtx_evr.o [22]
  .text                   ro code  0x100490ca      0x2  rtx_evr.o [22]
  .text                   ro code  0x100490cc      0x2  rtx_evr.o [22]
  .text                   ro code  0x100490ce      0x2  startup_bluenrg1.o [28]
  .text                   ro code  0x100490d0     0x24  mbed_rtx_idle.o [19]
  .text                   ro code  0x100490f4     0x1c  Thread.o [18]
  .text                   ro code  0x10049110     0x68  mbed_critical.o [17]
  .text                   ro code  0x10049178     0x3c  vsnprint.o [31]
  .text                   ro code  0x100491b4     0xe8  serial_api.o [25]
  .text                   ro code  0x1004929c     0x40  mbed_critical.o [17]
  .text                   ro code  0x100492dc     0x22  strcmp.o [35]
  .text                   ro code  0x100492fe      0x2  startup_bluenrg1.o [28]
  .text                   ro code  0x10049300     0x50  mbed_rtc_time.o [17]
  .text                   ro code  0x10049350     0xb0  Mutex.o [18]
  .text                   ro code  0x10049400     0x10  errno.o [31]
  .text                   ro code  0x10049410     0xa4  FilePath.o [17]
  .text                   ro code  0x100494b4     0xf4  mbed_board.o [17]
  .text                   ro code  0x100495a8     0xb0  setvbuf.o [31]
  .text                   ro code  0x10049658     0x2a  fopen.o [31]
  .text                   ro code  0x10049682      0x2  rtx_evr.o [22]
  .text                   ro code  0x10049684     0xf0  SerialBase.o [6]
  .text                   ro code  0x10049774     0xc8  Stream.o [17]
  .text                   ro code  0x1004983c     0x8c  gpio_api.o [25]
  .text                   ro code  0x100498c8    0x1f0  spi_api.o [25]
  .text                   ro code  0x10049ab8     0x24  printf.o [31]
  .text                   ro code  0x10049adc     0x32  I32ToFlt.o [34]
  .text                   ro code  0x10049b0e     0xb0  FltMul.o [34]
  .text                   ro code  0x10049bbe    0x116  FltAddSub.o [34]
  .text                   ro code  0x10049cd4     0x32  FltToDbl.o [34]
  .text                   ro code  0x10049d06      0x2  startup_bluenrg1.o [28]
  i.BlueNRG_Stack_Initialization
                          ro code  0x10049d08     0x30  bluenrg_main_func.o [33]
  i.aci_hal_write_config_data
                          ro code  0x10049d38      0x8  bluenrg_hal_aci.o [33]
  i.aci_hal_set_tx_power_level
                          ro code  0x10049d40      0x8  bluenrg_hal_aci.o [33]
  i.aci_gatt_init         ro code  0x10049d48      0x8  bluenrg_gatt_aci.o [33]
  i.aci_gap_init          ro code  0x10049d50     0x30  bluenrg_gap_aci.o [33]
  i.aci_gatt_update_char_value
                          ro code  0x10049d80     0x14  bluenrg_gatt_aci.o [33]
  i.aci_gap_set_authentication_requirement
                          ro code  0x10049d94     0x7c  bluenrg_gap_aci.o [33]
  .text                   ro code  0x10049e10    0x430  gatt_db.o [3]
  i.HAL_VTimerStart_ms    ro code  0x1004a240     0x1a  host_timer.o [33]
  i.hci_le_set_scan_response_data
                          ro code  0x1004a25a     0x16  hci.o [33]
  i.aci_gap_set_discoverable
                          ro code  0x1004a270     0x42  bluenrg_gap_aci.o [33]
  .text                   ro code  0x1004a2b2      0x2  startup_bluenrg1.o [28]
  i.BTLE_StackTick        ro code  0x1004a2b4     0x8c  bluenrg_main_func.o [33]
  .text                   ro code  0x1004a340     0x34  I32ToDbl.o [34]
  .text                   ro code  0x1004a374    0x184  DblMul.o [34]
  .text                   ro code  0x1004a4f8     0x52  DblToI32.o [34]
  .text                   ro code  0x1004a54a      0x2  startup_bluenrg1.o [28]
  .text                   ro code  0x1004a54c     0x3a  FltToS32.o [34]
  .text                   ro code  0x1004a586      0x4  mbed_sleep_manager.o [16]
  .text                   ro code  0x1004a58a      0x2  startup_bluenrg1.o [28]
  .text                   ro code  0x1004a58c     0x4c  rtx_delay.o [22]
  .text                   ro code  0x1004a5d8     0x54  mbed_assert.o [17]
  .text                   ro code  0x1004a62c    0xece  xprintffull_nomb.o [31]
  .text                   ro code  0x1004b4fa      0x2  startup_bluenrg1.o [28]
  .text                   ro code  0x1004b4fc     0x18  BlueNRG1_sysCtrl.o [29]
  .text                   ro code  0x1004b514      0xc  pin_device.o [26]
  .text                   ro code  0x1004b520     0xe6  BlueNRG1_gpio.o [29]
  i.hci_data_buffer_overflow_event_cb
                          ro code  0x1004b606      0x2  aci_events.o [33]
  .text                   ro code  0x1004b608    0x1c8  BlueNRG1_uart.o [29]
  .text                   ro code  0x1004b7d0      0x2  xtls.o [31]
  .text                   ro code  0x1004b7d4     0xac  FileBase.o [17]
  .text                   ro code  0x1004b880     0x52  mbed_wait_api_rtos.o [17]
  .text                   ro code  0x1004b8d4     0xe8  xfofind.o [31]
  .text                   ro code  0x1004b9bc    0x12c  xfoprep.o [31]
  .text                   ro code  0x1004bae8     0x22  cxxabi.o [32]
  .text                   ro code  0x1004bb0c     0x30  Ticker.o [6]
  .text                   ro code  0x1004bb3c     0x12  SerialBase.o [6]
  .text                   ro code  0x1004bb4e     0x18  CallChain.o [17]
  .text                   ro code  0x1004bb66      0x8  FileHandle.o [17]
  .text                   ro code  0x1004bb70    0x128  BlueNRG1_spi.o [29]
  i.BlueNRG_Stack_Initialize_RAM_check
                          ro code  0x1004bc98     0x64  bluenrg_main_func.o [33]
  i._BlueNRG_Stack_Initialization
                          ro code  0x1004bcfc     0x94  bluenrg_main_func.o [33]
  i.HAL_Write_ConfigData  ro code  0x1004bd90     0x68  hal.o [33]
  i.HAL_Set_TX_Power_Level
                          ro code  0x1004bdf8     0x44  hal.o [33]
  i.Gatt_Server_Init      ro code  0x1004be3c    0x190  gatt_server.o [33]
  i.GAP_Init              ro code  0x1004bfcc    0x1f8  gap.o [33]
  i.Gatt_Update_Charac_Value
                          ro code  0x1004c1c4     0x64  gatt_server.o [33]
  i.SM_Set_Authentication_req
                          ro code  0x1004c228     0x80  sm_common.o [33]
  i.aci_gatt_add_service  ro code  0x1004c2a8     0x36  bluenrg_gatt_aci.o [33]
  i.aci_gatt_add_char     ro code  0x1004c2de     0x3e  bluenrg_gatt_aci.o [33]
  i.aci_gatt_add_char_desc
                          ro code  0x1004c31c     0x50  bluenrg_gatt_aci.o [33]
  i.aci_gatt_allow_read   ro code  0x1004c36c      0xc  bluenrg_gatt_aci.o [33]
  i.HAL_VTimerGetCurrentTime_sysT32
                          ro code  0x1004c378     0x12  host_timer.o [33]
  i.HAL_VTimerAcc_sysT32_ms
                          ro code  0x1004c38c     0x24  host_timer.o [33]
  i.HAL_VTimerStart_sysT32
                          ro code  0x1004c3b0     0x1a  host_timer.o [33]
  i.LL_Set_Scan_Resp_Data
                          ro code  0x1004c3cc     0x60  rom_ll_ll_routines.o [33]
  i._aci_gap_set_discoverable_param_check
                          ro code  0x1004c42c     0x6c  bluenrg_gap_aci.o [33]
  i.GAP_Set_Discoverable_Mode
                          ro code  0x1004c498     0x38  gap.o [33]
  i.Timer_ProcessQ        ro code  0x1004c4d0    0x144  host_timer.o [33]
  i.hci_acl_Process_Q     ro code  0x1004c614     0x64  hci.o [33]
  i.Controller_Process_Q  ro code  0x1004c678      0xc  hci.o [33]
  i.Events_Process_Q      ro code  0x1004c684    0x120  aci_events.o [33]
  i.BlueNRG_Stack_Perform_Crystal_Check
                          ro code  0x1004c7a4     0xb8  bluenrg_main_func.o [33]
  i.patch_advance_transmit
                          ro code  0x1004c85c     0x44  routines_support.o [33]
  i.GAP_Process_Q         ro code  0x1004c8a0     0x70  gap.o [33]
  i.Gatt_Process_Q        ro code  0x1004c910    0x160  gatt_server.o [33]
  i.SMP_Process_Q         ro code  0x1004ca70    0x114  securitymgr.o [33]
  .text                   ro code  0x1004cb84      0x2  rtx_evr.o [22]
  .text                   ro code  0x1004cb86     0x14  strchr.o [35]
  .text                   ro code  0x1004cb9a     0x10  strlen.o [35]
  .text                   ro code  0x1004cbaa     0x18  memchr.o [35]
  .text                   ro code  0x1004cbc2     0x6a  I64DivMod.o [35]
  .text                   ro code  0x1004cc2c     0x32  DblCmpLe.o [34]
  .text                   ro code  0x1004cc5e     0x32  DblCmpGe.o [34]
  .text                   ro code  0x1004cc90     0x80  xdscale.o [34]
  .text                   ro code  0x1004cd10    0x1a8  DblAddSub.o [34]
  .text                   ro code  0x1004ceb8     0xc2  DblDiv.o [34]
  .text                   ro code  0x1004cf7c     0x68  localeconv.o [31]
  .text                   ro code  0x1004cfe4     0x20  div.o [31]
  .text                   ro code  0x1004d004     0x2c  strncmp.o [31]
  .text                   ro code  0x1004d030      0xc  mbed_us_ticker_api.o [16]
  .text                   ro code  0x1004d03c    0x2e8  mbed_ticker_api.o [16]
  .text                   ro code  0x1004d324     0x60  xfopen.o [31]
  .text                   ro code  0x1004d384     0x7e  fclose.o [31]
  i.Dynamic_allocator     ro code  0x1004d404    0x270  mem_alloc.o [33]
  i.Dynamic_allocator_noRet
                          ro code  0x1004d674      0x2  mem_alloc.o [33]
  i.BlueNRG_Stack_Initialize_RAM
                          ro code  0x1004d678     0x2c  bluenrg_main_func.o [33]
  .text                   ro code  0x1004d6a4     0xf4  BlueNRG1_pka.o [29]
  i.BlueNRG_Stack_Initialize_ConfigData
                          ro code  0x1004d798     0x48  bluenrg_main_func.o [33]
  i.BlueNRG_Stack_Initialize_Layers
                          ro code  0x1004d7e0     0x8c  bluenrg_main_func.o [33]
  i.PRIVWHIT_vInit_Struct
                          ro code  0x1004d86c     0x78  ll_privacy.o [33]
  i.SMP_Force_SC_Debug_Key_Usage
                          ro code  0x1004d8e4     0x20  smp_scv42_isap.o [33]
  i.acl_list_init         ro code  0x1004d904     0x12  acl_list.o [33]
  i.List_Circular_Insert_Tail
                          ro code  0x1004d916      0xe  rom_list.o [33]
  i.GATT_Server_Set_Flag  ro code  0x1004d924     0x14  gatt_server.o [33]
  i.Gatt_Add_Service      ro code  0x1004d938    0x150  gatt_server.o [33]
  i.Gatt_Add_Characteristic
                          ro code  0x1004da88    0x330  gatt_server.o [33]
  i.IDD_Initialize_Device_IDs
                          ro code  0x1004ddb8    0x12c  device_id_data.o [33]
  i.Get_StaticRandAddr    ro code  0x1004dee4     0x14  rom_gap_rom.o [33]
  i.LL_LE_Set_Resolvable_Private_Address_Timeout
                          ro code  0x1004def8     0x1c  ll_privacy.o [33]
  i.hci_le_set_event_mask
                          ro code  0x1004df14     0x24  hci.o [33]
  i.LL_SetAddressResolutionEnable
                          ro code  0x1004df38      0x8  routines_support.o [33]
  i.Search_Service_Handle
                          ro code  0x1004df40     0x28  gatt_server.o [33]
  i.Search_Handle         ro code  0x1004df68     0x1e  rom_gatt_server.o [33]
  i.Gatt_Update_Charac_Value_Ext
                          ro code  0x1004df88    0x308  gatt_server.o [33]
  i._load_uuid            ro code  0x1004e290     0x26  bluenrg_gatt_aci.o [33]
  i.Gatt_Add_Charac_Desc  ro code  0x1004e2b8    0x15c  gatt_server.o [33]
  i.Gatt_Appl_Auth_For_Read
                          ro code  0x1004e414     0xfc  gatt_server.o [33]
  i.Timer_sysTime32_convMachineTime
                          ro code  0x1004e510     0x20  host_timer.o [33]
  i.Timer_StartOneShot_sysTime32
                          ro code  0x1004e530     0x70  host_timer.o [33]
  i._gap_set_discoverable_connectable
                          ro code  0x1004e5a0    0x16c  gap.o [33]
  i.TimerCallback         ro code  0x1004e70c     0x7c  host_timer.o [33]
  i.List_Circular_Remove_Node
                          ro code  0x1004e788     0x20  rom_list.o [33]
  i.acl_list_is_empty     ro code  0x1004e7a8     0x10  acl_list.o [33]
  i.Acl_Transmit_Data     ro code  0x1004e7b8     0x48  acl.o [33]
  i.acl_list_remove       ro code  0x1004e800     0x20  acl_list.o [33]
  i.PRIV_u8OfflineProcessing
                          ro code  0x1004e820    0x1f8  ll_privacy.o [33]
  i.PKA_Offline_Processing
                          ro code  0x1004ea18     0xbc  hci.o [33]
  i.hci_hardware_error_event
                          ro code  0x1004ead4      0x2  aci_events.o [33]
  i.hal_radio_activity_state_callback_check
                          ro code  0x1004ead8     0x34  hal.o [33]
  i.BlueNRG_Start_Crystal_Measurement
                          ro code  0x1004eb0c     0x1c  bluenrg_main_func.o [33]
  i.set_freq              ro code  0x1004eb28     0x7c  rom_ll_timehandling.o [33]
  i.advance_transmit      ro code  0x1004eba4     0xb8  rom_ll_routines_support.o [33]
  i.Timer_StopOneShot     ro code  0x1004ec5c     0x54  host_timer.o [33]
  i.aci_gap_limited_discoverable_event_push
                          ro code  0x1004ecb0     0x40  gap.o [33]
  i.Gatt_Read_Charac_By_Uuid
                          ro code  0x1004ecf0     0x88  gatt_client.o [33]
  i.Gatt_Reset_To_Closed_State
                          ro code  0x1004ed78     0xc0  gatt_server.o [33]
  i.SMP_Forget_Device_by_ConnHandle
                          ro code  0x1004ee38     0x1c  sm_common.o [33]
  i.SMP_Check_Is_Device_Bonded
                          ro code  0x1004ee54     0x48  sm_common.o [33]
  i.Check_For_Service_Change
                          ro code  0x1004ee9c    0x30c  gatt_server.o [33]
  i.GATT_Clear_Flag       ro code  0x1004f1a8      0x8  rom_att.o [33]
  i.Process_Peer_Server_Data
                          ro code  0x1004f1b0    0x210  gatt_server.o [33]
  i.Process_Peer_Client_Data
                          ro code  0x1004f3c0    0x228  gatt_server.o [33]
  i.acl_list_remove_head  ro code  0x1004f5e8     0x20  acl_list.o [33]
  i.L2C_Send_Data         ro code  0x1004f608     0x2c  l2cap.o [33]
  i.acl_list_insert_tail  ro code  0x1004f634     0x20  acl_list.o [33]
  i.hci_le_read_local_p256_public_key
                          ro code  0x1004f654     0x5c  hci.o [33]
  i.sm_Get_Long_Term_Key  ro code  0x1004f6b0     0x90  securitymgr.o [33]
  i.LL_Get_LTK            ro code  0x1004f740     0xd4  ll_routines_support.o [33]
  i.smp_Execute_Actions_wrt_Current_State
                          ro code  0x1004f814    0x26c  securitymgr.o [33]
  i.SM_Get_Remote_Device_Info
                          ro code  0x1004fa80     0x48  sm_common.o [33]
  i.smp_Process_Rx_Packet_wrt_Current_State
                          ro code  0x1004fac8    0x178  securitymgr.o [33]
  i.smp____Pairing_Process_Abort
                          ro code  0x1004fc40     0xbc  securitymgr.o [33]
  i.smp_Process_Rx_Packet_Exception_Cases
                          ro code  0x1004fcfc     0xb4  securitymgr.o [33]
  i.acl_list_insert_head  ro code  0x1004fdb0     0x20  acl_list.o [33]
  i.PM_Release_Pckt       ro code  0x1004fdd0     0x5c  pm.o [33]
  .text                   ro code  0x1004fe2c      0x2  I64DivZer.o [35]
  .text                   ro code  0x1004fe30     0x22  I64Shl.o [35]
  .text                   ro code  0x1004fe54     0x32  I64Mul.o [35]
  .text                   ro code  0x1004fe88     0xb4  fflush.o [31]
  i.Mem_assign            ro code  0x1004ff3c     0x16  mem_alloc.o [33]
  i.mem_alloc_ctx_init    ro code  0x1004ff54     0xa8  mem_alloc.o [33]
  i.hal_get_hw_version    ro code  0x1004fffc     0x20  hal.o [33]
  i.Timer_Init            ro code  0x1005001c     0x34  host_timer.o [33]
  i.LL_Init               ro code  0x10050050    0x180  rom_ll_ll_routines.o [33]
  i.PM_Init               ro code  0x100501d0     0x70  pm.o [33]
  i.Acl_Init              ro code  0x10050240     0x34  acl.o [33]
  i.L2C_Init              ro code  0x10050274     0x44  l2cap.o [33]
  i.SMP_Init              ro code  0x100502b8     0x70  sm_common.o [33]
  i.GAP_Init_Context      ro code  0x10050328     0x14  gap.o [33]
  i.HCI_Init              ro code  0x1005033c     0x54  hci.o [33]
  i.HAL_Init              ro code  0x10050390     0x18  hal.o [33]
  i.Events_Process_init   ro code  0x100503a8     0x50  aci_events.o [33]
  i.smp____SC_is_any_other_SC_Pairing_Ongoing
                          ro code  0x100503f8     0x38  smp_scv42_isap.o [33]
  i.smp____SC_initialize  ro code  0x10050430     0x58  smp_scv42_isap.o [33]
  i.Gatt_Server_Db_Check  ro code  0x10050488     0x4c  gatt_server.o [33]
  i.List_Circular_Get_Size
                          ro code  0x100504d4     0x12  rom_list.o [33]
  i.Ind_Service_Change_Charac
                          ro code  0x100504e8     0x44  gatt_server.o [33]
  i.Get_GAP_Handle        ro code  0x1005052c     0x10  rom_gap_rom.o [33]
  i.GAP_Notify_Add_Charac
                          ro code  0x1005053c     0x98  rom_gap_rom.o [33]
  i.Check_Encry_Key_Size  ro code  0x100505d4     0x18  rom_gatt_server.o [33]
  i.HAL_Generate_Random_Bytes_To
                          ro code  0x100505ec     0x20  hal.o [33]
  i.HAL_Flash_Store_Data  ro code  0x1005060c     0x50  hal.o [33]
  .text                   ro code  0x1005065c     0x3c  BlueNRG1_flash.o [29]
  i.is_Buffer_All_Set_To  ro code  0x10050698     0x1e  utils.o [33]
  i.LL_LE_Set_Address_Resolution_Enable
                          ro code  0x100506b8     0x24  ll_privacy.o [33]
  i.PM_Get_Pckt           ro code  0x100506dc     0x80  pm.o [33]
  i.PM_Extend_Pckt_Pdu_Size
                          ro code  0x1005075c     0x36  pm.o [33]
  i.Build_Notif_Or_Ind    ro code  0x10050792     0x46  gatt_server.o [33]
  i.Send_Notif_Or_Ind     ro code  0x100507d8     0x7c  gatt_server.o [33]
  i.__ARM_common_switch8  ro code  0x10050854     0x1a  rom_ll_routines_support.o [33]
  i.Gatt_Add_Descriptor   ro code  0x10050870    0x150  gatt_server.o [33]
  i.Find_Gatt_Client      ro code  0x100509c0     0x40  gatt_client.o [33]
  i.acl_list_get_pckt_count
                          ro code  0x10050a00      0x4  acl_list.o [33]
  i.Send_Error_Resp       ro code  0x10050a04     0x30  rom_att.o [33]
  i.Read_Resp             ro code  0x10050a34    0x146  att.o [33]
  i.Read_Blob_Resp        ro code  0x10050b7a    0x160  att.o [33]
  i.Read_Multi_Resp       ro code  0x10050cdc    0x1a4  att.o [33]
  i.Read_By_Type_Resp     ro code  0x10050e80    0x344  att.o [33]
  i.PM_Set_ConnHandle     ro code  0x100511c4      0xc  pm.o [33]
  i.GATT_Set_Flag         ro code  0x100511d0      0x8  rom_att.o [33]
  i.List_Circular_Remove_Head
                          ro code  0x100511d8     0x1a  rom_list.o [33]
  i.LL_Enable_Disable_Adv
                          ro code  0x100511f4    0x1cc  rom_ll_ll_routines.o [33]
  i.GAP_Privacy1v2        ro code  0x100513c0    0x1c8  rom_gap.o [33]
  i.gapClearAllModeFlags  ro code  0x10051588     0x14  gap.o [33]
  i.advParamsCheckAndSet  ro code  0x1005159c     0x78  gap.o [33]
  i.setGapAdvData         ro code  0x10051614    0x100  gap.o [33]
  i.LL_Set_Adv_Params     ro code  0x10051714    0x2ec  rom_ll_ll_routines.o [33]
  i.GAP_LimDiscTimeoutcb  ro code  0x10051a00     0x2c  gap.o [33]
  i.GAP_PrivateAddrTimercb
                          ro code  0x10051a2c     0x44  rom_gap.o [33]
  i.GATT_TimeOut_Handler  ro code  0x10051a70     0x1a  gatt_server.o [33]
  i.L2C_SigChan_Req_TimeOut_Handler
                          ro code  0x10051a8c     0x4c  l2cap.o [33]
  i.SMP_Timer_cb          ro code  0x10051ad8     0x50  sm_common.o [33]
  i.SMP_Repeated_Attacks_Timer_cb
                          ro code  0x10051b28     0x78  sm_common.o [33]
  i.GAP_DiscProcTimeoutcb
                          ro code  0x10051ba0     0x48  gap.o [33]
  i.List_Circular_Node_Present
                          ro code  0x10051be8     0x16  rom_list.o [33]
  i.Acl_Transmit_Packet   ro code  0x10051bfe     0x16  acl.o [33]
  i.PM_Get_Fragments_Count
                          ro code  0x10051c14     0x12  pm.o [33]
  i.PKA_Get_Current_Operation
                          ro code  0x10051c28     0x14  pka.o [33]
  i.hci_le_read_local_p256_public_key_complete_event_push
                          ro code  0x10051c3c     0x58  hci.o [33]
  i.hci_le_generate_dhkey_complete_event_push
                          ro code  0x10051c94     0x54  hci.o [33]
  i.hal_read_radio_activity_state
                          ro code  0x10051ce8     0x40  hal.o [33]
  i.Check_Flags           ro code  0x10051d28     0x38  gatt_client.o [33]
  i.Att_Send_Read_By_Typ_Req_Pdu
                          ro code  0x10051d60     0x7c  rom_att.o [33]
  i.Gatt_Flush_Pending_AclPacket_Lists
                          ro code  0x10051ddc     0x74  gatt_server.o [33]
  i.Gatt_Find_Timed_Out_Connection_Index
                          ro code  0x10051e50     0x38  gatt_server.o [33]
  i.Gatt_Store_Server_Database_And_Reset_CCCD
                          ro code  0x10051e88    0x150  gatt_server.o [33]
  i.SDB_Find_Record       ro code  0x10051fd8     0xcc  sdb.o [33]
  i.SDB_Read_Peer_Bonded_Data
                          ro code  0x100520a4     0x22  sdb.o [33]
  i.Fetch_Handle          ro code  0x100520c6     0x3c  rom_gatt_server.o [33]
  i.Find_Attr_Index       ro code  0x10052104     0x50  gatt_server.o [33]
  i.Stop_Gatt_Timer       ro code  0x10052154     0x1c  rom_gatt_server.o [33]
  i.Start_Gatt_Timer      ro code  0x10052170     0x24  rom_gatt_server.o [33]
  i.L2CAP_Get_PDU_Len     ro code  0x10052194      0xe  l2cap.o [33]
  i.PM_Copy_Pckt_Data     ro code  0x100521a2     0x14  pm.o [33]
  i.Exchg_Mtu_Resp        ro code  0x100521b8     0xb4  rom_att.o [33]
  i.Find_Info_Resp        ro code  0x1005226c    0x206  rom_att.o [33]
  i.Find_By_Type_Val_Resp
                          ro code  0x10052474    0x2a0  att.o [33]
  i.Read_By_Grp_Type_Resp
                          ro code  0x10052714    0x360  att.o [33]
  i.Write_Resp            ro code  0x10052a74    0x14a  att.o [33]
  i.Prepare_Write_Resp    ro code  0x10052bc0    0x194  att.o [33]
  i.Exec_Write_Resp       ro code  0x10052d54    0x258  att.o [33]
  i.Write_Cmd             ro code  0x10052fac    0x132  att.o [33]
  i.PKA_Generate_ECDH_Public_Key
                          ro code  0x100530e0     0xc4  pka.o [33]
  i.SMA_GenEDIV_RecovDIV  ro code  0x100531a4     0x7c  ssm_algo.o [33]
  i.SDB_Find_Matching_LTK
                          ro code  0x10053220     0xa8  rom_sdb.o [33]
  i.SMA_Diversify         ro code  0x100532c8     0x2e  ssm_algo.o [33]
  i.get_connection_no     ro code  0x100532f8     0x84  multi_master_time.o [33]
  i.smp____MI_PairingConfirm_Receive
                          ro code  0x1005337c     0x56  securitymgr.o [33]
  i.GapIsPrivacySupported
                          ro code  0x100533d4     0x14  rom_gap.o [33]
  i.SDB_Get_Number_Of_Records
                          ro code  0x100533e8     0x44  rom_sdb.o [33]
  i.SDB_Get_Data_From_Record
                          ro code  0x1005342c     0xde  sdb.o [33]
  i.smp____SC_submit_ECC_PK_generation_request
                          ro code  0x1005350c     0x1c  smp_scv42_isap.o [33]
  i.smp____SC_PairingPublicKey_Send
                          ro code  0x10053528     0x68  smp_scv42_isap.o [33]
  i.smp____MI_PairingConfirm_Send
                          ro code  0x10053590     0x98  securitymgr.o [33]
  i.smp____SC_Pairing_OOB_Confirm_Receive_and_Verify
                          ro code  0x10053628     0x90  smp_scv42_isap.o [33]
  i.smp____SR_PairingConfirm_Receive
                          ro code  0x100536b8     0xb0  securitymgr.o [33]
  i.smp____SC_Phase_2AS2_Start
                          ro code  0x10053768     0xb4  smp_scv42_isap.o [33]
  i.smp____PairingFailed_Send
                          ro code  0x1005381c     0x30  securitymgr.o [33]
  i.smp_Keys_Distribution_Start
                          ro code  0x1005384c     0x36  sm_common.o [33]
  i.smp_Keys_Distribution_Send
                          ro code  0x10053884    0x12c  securitymgr.o [33]
  i.smp_Pairing_Completed
                          ro code  0x100539b0     0xa8  sm_common.o [33]
  i.smp_Find_Remote_Device_Index
                          ro code  0x10053a58     0x40  sm_common.o [33]
  i.smp_Reset_Timer       ro code  0x10053a98     0x20  securitymgr.o [33]
  i.smp____SR_PairingRequest_Receive
                          ro code  0x10053ab8    0x194  securitymgr.o [33]
  i.smp____MI_SecurityRequest_Receive
                          ro code  0x10053c4c     0x64  securitymgr.o [33]
  i.smp____SC_PairingPublicKey_Receive
                          ro code  0x10053cb0     0x70  smp_scv42_isap.o [33]
  i.smp____SR_PairingRandom_Receive
                          ro code  0x10053d20    0x1a4  securitymgr.o [33]
  i.smp_Receive_Keys      ro code  0x10053ec4     0xd2  sm_common.o [33]
  i.smp____MI_PairingResponse_Receive
                          ro code  0x10053f98     0x84  securitymgr.o [33]
  i.smp____MI_PairingRandom_Receive
                          ro code  0x1005401c    0x1ac  securitymgr.o [33]
  i.smp____SC_Phase_2AS2_DHKeyCheck_Receive
                          ro code  0x100541c8     0x80  smp_scv42_isap.o [33]
  i.sm_RepeatedAttacks_Protection
                          ro code  0x10054248    0x118  securitymgr.o [33]
  i.List_Circular_Insert_Head
                          ro code  0x10054360      0xe  rom_list.o [33]
  i.LL_Rcv_ACL_Data       ro code  0x10054370     0x30  rom_ll_ll_routines.o [33]
  i.Blue_Init_Global      ro code  0x100543a0     0x8c  routines_support.o [33]
  i.LL_LE_Clear_White_List
                          ro code  0x1005442c     0x20  ll_privacy.o [33]
  i.nsar_init             ro code  0x1005444c     0x18  multi_master_time.o [33]
  i.PM_Eng_Config         ro code  0x10054464     0x18  pm.o [33]
  i.hal_radio_activity_state_init
                          ro code  0x1005447c     0x1c  hal.o [33]
  i.fifoCtrl_init         ro code  0x10054498      0xa  aci_events.o [33]
  i.PM_Get_Available_Fragments
                          ro code  0x100544a4     0x38  pm.o [33]
  i.Check_Serv_Chng_Charac_Ind_Not
                          ro code  0x100544dc     0x80  rom_gatt_server.o [33]
  i.GATT_Num_Charac_Present
                          ro code  0x1005455c     0x3a  rom_gatt_server.o [33]
  i.get_advertiser        ro code  0x10054598     0x48  multi_master_time.o [33]
  i.get_scan_connection   ro code  0x100545e0     0x48  multi_master_time.o [33]
  i.PM_Write_Pckt_Data    ro code  0x10054628     0x14  pm.o [33]
  i.PM_Set_Att_Pdu_Length
                          ro code  0x1005463c     0x50  pm.o [33]
  i.Select_Next_Notification_Client
                          ro code  0x1005468c     0x54  gatt_server.o [33]
  i.Gatt_Find_Srv_Owner_Of_Handle
                          ro code  0x100546e0     0x44  gatt_server.o [33]
  i.ValidLinkPermRequest  ro code  0x10054724     0x50  att.o [33]
  i.aci_gatt_read_permit_req_event_push
                          ro code  0x10054774     0x38  att.o [33]
  i.Accu_Handles_Requiring_Auth
                          ro code  0x100547ac     0x6e  rom_att.o [33]
  i.aci_gatt_read_multi_permit_req_event_push
                          ro code  0x1005481a     0x50  att.o [33]
  i.STORE_LE_16           ro code  0x1005486a      0x8  utils.o [33]
  i.Accu_UuidTypes_Requiring_Auth
                          ro code  0x10054872     0xe8  rom_att.o [33]
  i.get_next_free_slot    ro code  0x1005495c     0x34  multi_master_time.o [33]
  i.LL_Set_Advertising_Buffers
                          ro code  0x10054990     0x88  rom_ll_ll_routines.o [33]
  i.schedule_advertise_slot
                          ro code  0x10054a18     0x94  multi_master_time.o [33]
  i.LL_Allow_Address_Setting
                          ro code  0x10054aac     0x42  rom_ll_ll_routines.o [33]
  i.LL_Get_AdvAddress     ro code  0x10054af0     0x40  rom_ll_ll_routines.o [33]
  i.LL_Get_ScanAddress    ro code  0x10054b30     0x40  rom_ll_ll_routines.o [33]
  i.Generate_Non_Resolvable_Private_Address
                          ro code  0x10054b70     0x88  rom_gap.o [33]
  i.SM_Generate_Resolvable_Private_Address
                          ro code  0x10054bf8     0x4e  ssm_algo.o [33]
  i.Timer_StartOneShot    ro code  0x10054c46     0x22  host_timer.o [33]
  i.LL_Get_Adv_Tx_Power_Level
                          ro code  0x10054c68     0x18  rom_ll_routines_support.o [33]
  i.LL_Set_Adv_Data       ro code  0x10054c80     0x74  rom_ll_ll_routines.o [33]
  i.aci_gap_proc_complete_event_push
                          ro code  0x10054cf4     0x64  gap.o [33]
  i.LL_Send_ACL_Data      ro code  0x10054d58     0x54  rom_ll_ll_routines.o [33]
  i.slave_advance         ro code  0x10054dac     0xfc  routines_support.o [33]
  i.store_data            ro code  0x10054ea8     0x1c  gatt_server.o [33]
  i.Flash_Write_Client_Data
                          ro code  0x10054ec4     0xc8  sdb.o [33]
  i.Read_RecordValidity   ro code  0x10054f8c     0x10  rom_sdb.o [33]
  i.Get_SecRec_Len_In_Words
                          ro code  0x10054f9c      0xc  rom_sdb.o [33]
  i.Read_SDBRecord        ro code  0x10054fa8     0x2c  rom_sdb.o [33]
  i.SM_Resolve_Private_Address
                          ro code  0x10054fd4     0x22  ssm_algo.o [33]
  i.SDB_Find_Record_By_ConnHandle
                          ro code  0x10054ff6     0x26  sdb.o [33]
  i.Find_Client_Data      ro code  0x1005501c     0xcc  rom_sdb.o [33]
  i.Acl_Copy_Data         ro code  0x100550e8     0x82  pm.o [33]
  i.PM_Pckt_Cmp           ro code  0x1005516a     0x6a  pm.o [33]
  i.Gatt_Find_Srv_From_Handle
                          ro code  0x100551d4     0x28  gatt_server.o [33]
  i.aci_gatt_write_permit_req_event_push
                          ro code  0x100551fc     0x56  att.o [33]
  i.aci_gatt_attribute_modified_event_push
                          ro code  0x10055254     0x68  att.o [33]
  i.acl_list_full_on_packt
                          ro code  0x100552bc     0x26  acl_list.o [33]
  i.PM_Clone_Pckt         ro code  0x100552e2     0x2a  pm.o [33]
  i.SM_Validate_Signed_Packet
                          ro code  0x1005530c     0x7c  ssm_algo.o [33]
  i.CheckSecForSignedWrite
                          ro code  0x10055388     0x2c  att.o [33]
  i.SDB_Get_SecurityDb_Start_Addr
                          ro code  0x100553b4     0x14  sdb.o [33]
  i.Get_Max_SecDb_Size    ro code  0x100553c8      0x4  sdb.o [33]
  i.smp_Send_Data         ro code  0x100553cc     0x2c  securitymgr.o [33]
  i.smp____SC_is_Debug_Key_Usage_Forced
                          ro code  0x100553f8     0x14  smp_scv42_isap.o [33]
  i.SMA_SC_Gen_f4_Confirm
                          ro code  0x1005540c     0x50  ssm_algo.o [33]
  i.smp_LP_MI_Compute_c1_Confirm_Value
                          ro code  0x1005545c    0x15c  securitymgr.o [33]
  i.smp_OOB_Check_Is_Remote_Data_Present
                          ro code  0x100555b8     0x3c  sm_common.o [33]
  i.smp_OOB_Get_Remote_Data_Reference
                          ro code  0x100555f4     0x4c  sm_common.o [33]
  i.smp_SR_Compute_c1_Confirm_Value
                          ro code  0x10055640    0x170  securitymgr.o [33]
  i.smp____SC_Phase_2AS2__Set_Addresses
                          ro code  0x100557b0     0x32  smp_scv42_isap.o [33]
  i.SMA_SC_Gen_f5_Keys    ro code  0x100557e4     0xe0  ssm_algo.o [33]
  i.smp____SC_Phase_2AS2_Generate_DHKeyCheck
                          ro code  0x100558c4    0x130  smp_scv42_isap.o [33]
  i.smp____SC_Phase_2AS2_DHKeyCheck_Send
                          ro code  0x100559f4     0x5c  smp_scv42_isap.o [33]
  i.smp____Pairing_2Octets_Packet_Send
                          ro code  0x10055a50     0x48  sm_common.o [33]
  i.SMA_Generate_IRK      ro code  0x10055a98     0x28  ssm_algo.o [33]
  i.smp_Get_Local_Identity_Address
                          ro code  0x10055ac0     0x40  sm_common.o [33]
  i.SMA_Generate_CSRK     ro code  0x10055b00     0x28  ssm_algo.o [33]
  i.smp_Add_To_Database   ro code  0x10055b28    0x14c  sm_common.o [33]
  i.smp_OOB_Clear_Remote_Data_Entry_by_Index
                          ro code  0x10055c74     0x20  sm_common.o [33]
  i.aci_gap_authorization_req_event_push
                          ro code  0x10055c94     0x44  sm_common.o [33]
  i.smp_Check_Incoming_Pairing_Parameters
                          ro code  0x10055cd8     0x38  securitymgr.o [33]
  i.smp_Build_AuthReq_Field
                          ro code  0x10055d10     0x1a  securitymgr.o [33]
  i.smp____SC_Continue_If_Exclusive_SC_Pairing
                          ro code  0x10055d2c     0x3c  smp_scv42_isap.o [33]
  i.smp_Get_Pairing_Parameters_From_Peer_Packet
                          ro code  0x10055d68     0x88  securitymgr.o [33]
  i.smp_Set_Key_Association_Method
                          ro code  0x10055df0     0x68  securitymgr.o [33]
  i.smp_Build_Pairing_ReqResp_Packet
                          ro code  0x10055e58     0x54  securitymgr.o [33]
  i.SMP_MI_PairingRequest_Send
                          ro code  0x10055eac    0x130  securitymgr.o [33]
  i.smp____SC_Verify_Peer_PK_and_Generate_DHKey
                          ro code  0x10055fdc     0x44  smp_scv42_isap.o [33]
  i.SMA_SC_Gen_g2_NumComp_Val
                          ro code  0x10056020     0x58  ssm_algo.o [33]
  i.aci_gap_numeric_comparison_value_event_push
                          ro code  0x10056078     0x48  securitymgr.o [33]
  i.STORE_LE_32           ro code  0x100560c0     0x10  utils.o [33]
  i.SMA_LP_s1_Generate_STK
                          ro code  0x100560d0     0x28  ssm_algo.o [33]
  i.LL_Start_Encryption   ro code  0x100560f8     0xec  rom_ll_ll_routines_master.o [33]
  i.Blue_Set_Radio_Config_Data
                          ro code  0x100561e4     0x24  rom_ll_routines_support.o [33]
  i.Check_Permission      ro code  0x10056208     0x9c  rom_att.o [33]
  i.LL_Get_Address        ro code  0x100562a4     0x30  rom_ll_ll_routines.o [33]
  i.adapt_slot            ro code  0x100562d4    0x258  multi_master_time.o [33]
  i.start_timebase        ro code  0x1005652c     0xa0  multi_master_time.o [33]
  i.sm_Calculate_Hash     ro code  0x100565cc     0x38  ssm_algo.o [33]
  i.convert_power         ro code  0x10056604     0x24  rom_ll_routines_support.o [33]
  i.PRIV_vGeneratePrivateAddress
                          ro code  0x10056628     0x62  ll_privacy.o [33]
  i.LL_Set_DirectAddress  ro code  0x1005668c     0x64  rom_ll_ll_routines.o [33]
  i.LL_Set_OwnAddress     ro code  0x100566f0     0x3c  rom_ll_ll_routines.o [33]
  i.request_scan_slot     ro code  0x1005672c     0x88  multi_master_time.o [33]
  i.Write_Client_Data     ro code  0x100567b4    0x1b8  sdb.o [33]
  i.SDB_Delete            ro code  0x1005696c    0x170  sdb.o [33]
  i.Get_SecRecord_Size    ro code  0x10056adc      0x4  sdb.o [33]
  i.SDB_Get_GattDb_Start_Addr
                          ro code  0x10056ae0     0x18  sdb.o [33]
  i.Acl_Get_Pack_Off      ro code  0x10056af8     0x18  pm.o [33]
  i.Acl_Clone_Fragment    ro code  0x10056b10     0x20  pm.o [33]
  i.LE_TO_NRG_32          ro code  0x10056b30     0x14  utils.o [33]
  i.SM_CMAC_Generate_Tag  ro code  0x10056b44     0xc4  ssm_algo.o [33]
  i.copy_swap_buffer      ro code  0x10056c08     0x22  utils.o [33]
  i.AES_CMAC_Encrypt      ro code  0x10056c2a     0x3a  aes128cmac.o [33]
  i.SMA_SC_Gen_f6_Check_Val
                          ro code  0x10056c64     0x84  ssm_algo.o [33]
  i.SDB_Add_Record        ro code  0x10056ce8    0x1ac  sdb.o [33]
  i.smp_Determine_Key_Association_Method
                          ro code  0x10056e94     0xb4  securitymgr.o [33]
  i.sm_Search_BlackList   ro code  0x10056f48     0x4c  securitymgr.o [33]
  i.hci_le_generate_dhkey
                          ro code  0x10056f94     0x94  hci.o [33]
  i.SM_Get_Link_Status    ro code  0x10057028     0x2e  sm_common.o [33]
  i.SM_Check_Encryption_KeySize
                          ro code  0x10057056     0x20  sm_common.o [33]
  i.nsar_updateSlotListEntry
                          ro code  0x10057078     0x6c  multi_master_time.o [33]
  i.nsar_insertSlotListEntry
                          ro code  0x100570e4     0x1c  multi_master_time.o [33]
  i.nsar_searchBestFreeSlot
                          ro code  0x10057100     0xac  multi_master_time.o [33]
  i.InvaliDate_Record     ro code  0x100571ac     0x20  rom_sdb.o [33]
  i.SDB_Get_GattDb_End_Addr
                          ro code  0x100571cc     0x1c  sdb.o [33]
  i.Flash_Write_Flagged   ro code  0x100571e8     0x3c  nvm.o [33]
  i.Erase_Sector          ro code  0x10057224      0xe  sdb.o [33]
  i.Write_SDBRecord       ro code  0x10057234     0x6c  sdb.o [33]
  i.sm_Generate_SubKeys   ro code  0x100572a0     0x80  ssm_algo.o [33]
  i.AES_CMAC_Encrypt_Init
                          ro code  0x10057320     0x34  crypto.o [33]
  i.AES_CMAC_Encrypt_Append
                          ro code  0x10057354    0x288  crypto.o [33]
  i.AES_CMAC_Encrypt_Finish
                          ro code  0x100575dc     0x6c  crypto.o [33]
  i.PKA_Start_Generate_DHKey
                          ro code  0x10057648     0x30  pka.o [33]
  i.nsar_updateBestFreeSlot
                          ro code  0x10057678     0x22  multi_master_time.o [33]
  i.Delay_With_NOP_Cycles
                          ro code  0x1005769a      0xe  utils.o [33]
  i.LeftShift             ro code  0x100576a8     0x2c  ssm_algo.o [33]
  i.AESstdInit            ro code  0x100576d4     0xb8  crypto.o [33]
  i.AES_general_enc       ro code  0x1005778c      0x8  crypto.o [33]
  .text                   ro code  0x10057794    0x6b0  rtx_msgqueue.o [22]
  .text                   ro code  0x10057e44      0x2  rtx_evr.o [22]
  .text                   ro code  0x10057e46      0x2  rtx_evr.o [22]
  .text                   ro code  0x10057e48      0x2  rtx_evr.o [22]
  .text                   ro code  0x10057e4a      0x2  rtx_evr.o [22]
  .text                   ro code  0x10057e4c      0x2  rtx_evr.o [22]
  .text                   ro code  0x10057e4e      0x2  rtx_evr.o [22]
  .text                   ro code  0x10057e50      0x2  rtx_evr.o [22]
  .text                   ro code  0x10057e52      0x2  rtx_evr.o [22]
  .text                   ro code  0x10057e54      0x2  rtx_evr.o [22]
  .text                   ro code  0x10057e56      0x2  rtx_evr.o [22]
  .text                   ro code  0x10057e58    0x160  rtx_system.o [22]
  .text                   ro code  0x10057fb8      0x2  rtx_evr.o [22]
  .text                   ro code  0x10057fba      0x2  rtx_evr.o [22]
  .text                   ro code  0x10057fbc      0xc  os_systick.o [24]
  i.Gatt_Server_L2C_Handler
                          ro code  0x10057fc8    0x228  gatt_server.o [33]
  .text                   ro code  0x100581f0    0x1d8  system_bluenrg1.o [27]
  i.Gatt_Super_Handler_Task7
                          ro code  0x100583c8    0x1a8  gatt_client.o [33]
  i.GAP_Started_Gatt_Proc
                          ro code  0x10058570     0x2c  gap.o [33]
  i.Gatt_Check_Not_Error_Resp
                          ro code  0x1005859c     0x6c  gatt_client.o [33]
  i.aci_att_read_resp_event_push
                          ro code  0x10058608     0x68  gatt_client.o [33]
  i.aci_att_read_multiple_resp_event_push
                          ro code  0x10058670     0x64  gatt_client.o [33]
  i.aci_att_read_blob_resp_event_push
                          ro code  0x100586d4     0x68  gatt_client.o [33]
  i.Att_Send_Read_Blob_Req_Pdu
                          ro code  0x1005873c     0x4e  rom_att.o [33]
  i.GAP_Internal_Evt_Handler
                          ro code  0x1005878c     0x38  gap.o [33]
  i.aci_gatt_disc_read_char_by_uuid_resp_event_push
                          ro code  0x100587c4     0x74  gatt_client.o [33]
  i.aci_gatt_proc_complete_event_push
                          ro code  0x10058838     0x48  gatt_client.o [33]
  i.aci_gatt_error_resp_event_push
                          ro code  0x10058880     0x64  gatt_client.o [33]
  i.L2C_Signal_Channel_Handler
                          ro code  0x100588e4    0x19c  l2cap.o [33]
  i.Find_L2cap_conn_index
                          ro code  0x10058a80     0x38  l2cap.o [33]
  i.aci_l2cap_connection_update_req_event_push
                          ro code  0x10058ab8     0x88  l2cap.o [33]
  i.L2C_Build_Command_Reject_Pdu
                          ro code  0x10058b40     0x7a  l2cap.o [33]
  i.Find_L2cap_signalling_connection
                          ro code  0x10058bbc     0x38  l2cap.o [33]
  i.SM_L2CAP_Handler_ISR  ro code  0x10058bf4    0x12c  sm_common.o [33]
  i.SM_Connection_Complete_Handler
                          ro code  0x10058d20     0x7c  sm_common.o [33]
  .constdata              const    0x10058d9c    0x128  crypto.o [33]
  .constdata              const    0x10058ec4    0x110  aci_events.o [33]
  .text                   ro code  0x10058fd4     0xfa  BlueNRG1_mft.o [29]
  .text                   ro code  0x100590d0     0xf0  rtx_timer.o [22]
  .text                   ro code  0x100591c0      0x2  rtx_evr.o [22]
  i.hci_acl_data_ind_event_int_cb
                          ro code  0x100591c4     0xe4  acl.o [33]
  i.hci_rx_acl_data       ro code  0x100592a8     0x5a  hci.o [33]
  i.Search_In_Stat        ro code  0x10059302     0x20  acl.o [33]
  i.Check_Stat            ro code  0x10059322     0x24  acl.o [33]
  i.PM_Append_Fragment    ro code  0x10059346     0x10  pm.o [33]
  i.L2C_Rcv_Event_Handler
                          ro code  0x10059356     0x3e  l2cap.o [33]
  i.Acl_Get_Last          ro code  0x10059394      0xc  pm.o [33]
  i.SM_L2CAP_Handler      ro code  0x100593a0     0xe0  sm_common.o [33]
  i.smp_Keys_Distribution_Complete
                          ro code  0x10059480     0x46  sm_common.o [33]
  .text                   ro code  0x100594c8     0xe0  xfspos.o [31]
  .text                   ro code  0x100595a8      0xc  xfgpos.o [31]
  .text                   ro code  0x100595b4     0xc4  us_ticker_api.o [25]
  .text                   ro code  0x10059678     0x78  misc.o [29]
  i.SM_L2CAP_Encryption_changed_Handler_ISR
                          ro code  0x100596f0     0xc4  sm_common.o [33]
  .text                   ro code  0x100597b4     0xc0  xfwprep.o [31]
  .text                   ro code  0x10059874     0x22  fseek.o [31]
  .text                   ro code  0x10059898     0x98  irq_cm0.o [23]
  i.hci_acl_data_tx_cmpl_event_int_cb
                          ro code  0x10059930     0x98  acl.o [33]
  i.hci_tx_acl_data_done  ro code  0x100599c8     0x34  hci.o [33]
  .rodata                 const    0x100599fc     0x8c  Serial.o [6]
  .rodata                 const    0x10059a88     0x6c  Stream.o [17]
  .rodata                 const    0x10059af4     0x68  rtx_lib.o [22]
  .text                   ro code  0x10059b5c     0x68  xcloseall.o [31]
  i._GAP_Parse_Advertising_Report
                          ro code  0x10059bc4     0x64  gap.o [33]
  .constdata              const    0x10059c28     0x60  smp_scv42_isap.o [33]
  .rodata                 const    0x10059c88     0x60  mbed_critical.o [17]
  .rodata                 const    0x10059ce8     0x60  rtx_lib.o [22]
  i.GAP_Connection_Complete_Handler
                          ro code  0x10059d48     0x60  gap.o [33]
  .rodata                 const    0x10059da8     0x5c  Stream.o [17]
  i.GAP_LL_Event_Handler_ISR
                          ro code  0x10059e04     0x5c  gap.o [33]
  i.GAP_Parse_Advertising_Report
                          ro code  0x10059e60     0x10  gap.o [33]
  i.L2C_Rcv_Event_Handler_ISR
                          ro code  0x10059e70     0x5a  l2cap.o [33]
  i.L2C_Connection_Complete_Handler
                          ro code  0x10059eca     0x24  l2cap.o [33]
  i.Gatt_Server_L2C_Handler_ISR
                          ro code  0x10059ef0     0x48  gatt_server.o [33]
  i.L2C_Signal_Channel_Handler_ISR
                          ro code  0x10059f38     0x24  l2cap.o [33]
  i.Acl_Disconnected_Peer
                          ro code  0x10059f5c     0x54  acl.o [33]
  i.GATT_Connection_Complete_Handler
                          ro code  0x10059fb0     0x48  gatt_server.o [33]
  i.L2C_Connection_Complete_Signal_Handler
                          ro code  0x10059ff8     0x24  l2cap.o [33]
  i.L2CAP_Reset_To_Closed_State
                          ro code  0x1005a01c     0x38  l2cap.o [33]
  .text                   ro code  0x1005a054     0x56  fputc.o [31]
  i.hci_le_enhanced_connection_complete_event_cb
                          ro code  0x1005a0ac     0x48  aci_events.o [33]
  i.hci_le_enhanced_connection_complete_event
                          ro code  0x1005a0f4      0x2  aci_events.o [33]
  i.smp____SC_hci_le_read_local_p256_public_key_complete_evt_hndl
                          ro code  0x1005a0f8     0x44  smp_scv42_isap.o [33]
  i.hci_le_connection_complete_event_cb
                          ro code  0x1005a13c     0x40  aci_events.o [33]
  .text                   ro code  0x1005a17c     0x3c  zero_init3.o [35]
  .text                   ro code  0x1005a1b8     0x3c  packbits_init_single.o [35]
  i.aci_l2cap_connection_update_req_event_cb
                          ro code  0x1005a1f4     0x30  aci_events.o [33]
  i.aci_l2cap_connection_update_req_event
                          ro code  0x1005a224      0x2  aci_events.o [33]
  i.hci_le_connection_update_complete_event_cb
                          ro code  0x1005a228     0x2c  aci_events.o [33]
  i.hci_le_connection_update_complete_event
                          ro code  0x1005a254      0x2  aci_events.o [33]
  i.aci_att_prepare_write_resp_event_cb
                          ro code  0x1005a258     0x28  aci_events.o [33]
  i.aci_att_prepare_write_resp_event
                          ro code  0x1005a280      0x2  aci_events.o [33]
  i.aci_gatt_attribute_modified_event_cb
                          ro code  0x1005a284     0x28  aci_events.o [33]
  i.hci_le_read_remote_used_features_complete_event_cb
                          ro code  0x1005a2ac     0x28  aci_events.o [33]
  i.hci_le_read_remote_used_features_complete_event
                          ro code  0x1005a2d4      0x2  aci_events.o [33]
  i.smp____SC_hci_le_generate_dhkey_complete_evt_hndl
                          ro code  0x1005a2d8     0x28  smp_scv42_isap.o [33]
  i.hci_disconnection_complete_event_int_cb
                          ro code  0x1005a300     0x26  aci_events.o [33]
  i.hci_le_connection_complete_event_int_cb
                          ro code  0x1005a326     0x26  aci_events.o [33]
  i.hci_le_enhanced_connection_complete_event_int_cb
                          ro code  0x1005a34c     0x26  aci_events.o [33]
  .rodata                 const    0x1005a374     0x24  mbed_rtc_time.o [17]
  i.aci_att_find_by_type_value_resp_event_cb
                          ro code  0x1005a398     0x24  aci_events.o [33]
  i.aci_att_find_by_type_value_resp_event
                          ro code  0x1005a3bc      0x2  aci_events.o [33]
  i.aci_att_find_info_resp_event_cb
                          ro code  0x1005a3c0     0x24  aci_events.o [33]
  i.aci_att_find_info_resp_event
                          ro code  0x1005a3e4      0x2  aci_events.o [33]
  i.aci_att_read_blob_resp_event_cb
                          ro code  0x1005a3e8     0x24  aci_events.o [33]
  i.aci_att_read_blob_resp_event
                          ro code  0x1005a40c      0x2  aci_events.o [33]
  i.aci_att_read_by_group_type_resp_event_cb
                          ro code  0x1005a410     0x24  aci_events.o [33]
  i.aci_att_read_by_group_type_resp_event
                          ro code  0x1005a434      0x2  aci_events.o [33]
  i.aci_att_read_by_type_resp_event_cb
                          ro code  0x1005a438     0x24  aci_events.o [33]
  i.aci_att_read_by_type_resp_event
                          ro code  0x1005a45c      0x2  aci_events.o [33]
  i.aci_att_read_multiple_resp_event_cb
                          ro code  0x1005a460     0x24  aci_events.o [33]
  i.aci_att_read_multiple_resp_event
                          ro code  0x1005a484      0x2  aci_events.o [33]
  i.aci_att_read_resp_event_cb
                          ro code  0x1005a488     0x24  aci_events.o [33]
  i.aci_att_read_resp_event
                          ro code  0x1005a4ac      0x2  aci_events.o [33]
  i.aci_att_write_resp_event_cb
                          ro code  0x1005a4b0     0x24  aci_events.o [33]
  i.aci_att_write_resp_event
                          ro code  0x1005a4d4      0x2  aci_events.o [33]
  i.aci_gap_pairing_complete_event_cb
[...]
osRtxThreadStackCheck   0x100473cd    0x2c  Code  Wk  rtx_thread.o [22]
osRtxThreadSwitch       0x10046df5    0x18  Code  Gb  rtx_thread.o [22]
osRtxThreadWaitEnter    0x10046eb1    0xa6  Code  Gb  rtx_thread.o [22]
osRtxThreadWaitExit     0x10046e7f    0x32  Code  Gb  rtx_thread.o [22]
osRtxTick_Handler       0x10057e59    0x72  Code  Gb  rtx_system.o [22]
osRtxTimerThread        0x1005916d    0x54  Code  Wk  rtx_timer.o [22]
osRtxTimerTick          0x1005910d    0x5a  Code  Gb  rtx_timer.o [22]
osRtxUserSVC            0x1005ac88     0x4  Data  Wk  rtx_lib.o [22]
osThreadContextNew      0x1004730d    0x50  Code  Gb  rtx_thread.o [22]
osThreadExit            0x100473a5    0x16  Code  Gb  rtx_thread.o [22]
osThreadGetId           0x10047381    0x24  Code  Gb  rtx_thread.o [22]
osThreadGetName         0x1004735d    0x24  Code  Gb  rtx_thread.o [22]
osThreadNew             0x10047301     0xa  Code  Gb  rtx_thread.o [22]
os_idle_thread_attr     0x10059ce8    0x24  Data  Lc  rtx_lib.o [22]
os_idle_thread_cb       0x20004f00    0x48  Data  Lc  rtx_lib.o [22]
os_idle_thread_stack    0x20004720   0x200  Data  Lc  rtx_lib.o [22]
os_isr_queue            0x20004fd0    0x40  Data  Lc  rtx_lib.o [22]
os_timer_mq_attr        0x10059d30    0x18  Data  Lc  rtx_lib.o [22]
os_timer_mq_cb          0x200050f4    0x34  Data  Lc  rtx_lib.o [22]
os_timer_mq_data        0x20004eb0    0x50  Data  Lc  rtx_lib.o [22]
os_timer_thread_attr    0x10059d0c    0x24  Data  Lc  rtx_lib.o [22]
os_timer_thread_cb      0x20004f48    0x48  Data  Lc  rtx_lib.o [22]
os_timer_thread_stack   0x20004420   0x300  Data  Lc  rtx_lib.o [22]
ota_sw_activation       0x20000004     0x4  Data  Gb  system_bluenrg1.o [27]
ota_sw_activation_block$$Base
                        0x20000004           --   Gb  - Linker created -
ota_sw_activation_block$$Limit
                        0x20000008           --   Gb  - Linker created -
patch_advance_transmit  0x1004c85d    0x3a  Code  Gb  routines_support.o [33]
pre_main                0x10046965    0x32  Code  Gb  mbed_boot.o [19]
prepend_alloc           0x1004512d   0x35e  Code  Lc  dlmalloc.o [31]
pressCharHandle         0x2000501a     0x2  Data  Gb  gatt_db.o [3]
printf                  0x10049ab9    0x24  Code  Gb  printf.o [31]
putchar                 0x1005ab25    0x10  Code  Gb  putchar.o [31]
rcon                    0x10058e9c    0x28  Data  Gb  crypto.o [33]
read_rssi               0x100431a5    0x68  Code  Gb  ll_routines.o [33]
remove                  0x100483f1    0x40  Code  Gb  mbed_retarget.o [17]
request_scan_slot       0x1005672d    0x80  Code  Gb  multi_master_time.o [33]
rtos::Mutex::Mutex()    0x10049351    0x4a  Code  Gb  Mutex.o [18]
rtos::Mutex::lock(unsigned int)
                        0x100493a1    0x16  Code  Gb  Mutex.o [18]
rtos::Mutex::unlock()   0x100493b7    0x10  Code  Gb  Mutex.o [18]
rtos::Thread::wait(unsigned int)
                        0x10049109     0x8  Code  Gb  Thread.o [18]
rtos_idle_loop          0x100490e5     0xa  Code  Gb  mbed_rtx_idle.o [19]
savedMSP                0x20000008     0x4  Data  Gb  system_bluenrg1.o [27]
savedMSP_block$$Base    0x20000008           --   Gb  - Linker created -
savedMSP_block$$Limit   0x2000000c           --   Gb  - Linker created -
schedule_advertise_slot
                        0x10054a19    0x8c  Code  Gb  multi_master_time.o [33]
schedule_interrupt      0x1004d2a5    0x68  Code  Lc  mbed_ticker_api.o [16]
segment_holding         0x100450a1    0x1c  Code  Lc  dlmalloc.o [31]
serial_baud             0x10049241     0x6  Code  Gb  serial_api.o [25]
serial_init             0x100491b5    0x76  Code  Gb  serial_api.o [25]
serial_irq_handler      0x10049247     0xa  Code  Gb  serial_api.o [25]
serial_irq_ids          0x200051b8     0x4  Data  Lc  serial_api.o [25]
serial_putc             0x1004922b    0x16  Code  Gb  serial_api.o [25]
serialport              0x20004c38    0x74  Data  Gb  main.o [1]
service_uuid            0x2000501c    0x10  Data  Gb  gatt_db.o [3]
setGapAdvData           0x10051615    0xfa  Code  Gb  gap.o [33]
set_freq                0x1004eb29    0x5e  Code  Gb  rom_ll_timehandling.o [33]
set_sca                 0x1004414d    0x1c  Code  Gb  rom_ll_timehandling.o [33]
set_string              0x10042f8d    0x10  Code  Gb  hal.o [33]
setvbuf                 0x100495a9    0xb0  Code  Gb  setvbuf.o [31]
singleton_mutex_attr    0x20005050    0x10  Data  Gb  mbed_boot.o [19]
singleton_mutex_id      0x20005068     0x4  Data  Gb  mbed_boot.o [19]
singleton_mutex_obj     0x2000506c    0x1c  Data  Gb  mbed_boot.o [19]
slave_advance           0x10054dad    0xf0  Code  Gb  routines_support.o [33]
sleep_manager_lock_deep_sleep
                        0x1004a587     0x2  Code  Gb  mbed_sleep_manager.o [16]
sleep_manager_unlock_deep_sleep
                        0x1004a589     0x2  Code  Gb  mbed_sleep_manager.o [16]
sm_Calculate_Hash       0x100565cd    0x38  Code  Lc  ssm_algo.o [33]
sm_Generate_SubKeys     0x100572a1    0x80  Code  Lc  ssm_algo.o [33]
sm_Get_Long_Term_Key    0x1004f6b1    0x8a  Code  Lc  securitymgr.o [33]
sm_RepeatedAttacks_Protection
                        0x10054249   0x102  Code  Lc  securitymgr.o [33]
sm_Search_BlackList     0x10056f49    0x46  Code  Gb  securitymgr.o [33]
smp_Add_To_Database     0x10055b29   0x146  Code  Gb  sm_common.o [33]
smp_Build_AuthReq_Field
                        0x10055d11    0x1a  Code  Lc  securitymgr.o [33]
smp_Build_Pairing_ReqResp_Packet
                        0x10055e59    0x50  Code  Lc  securitymgr.o [33]
smp_Check_Incoming_Pairing_Parameters
                        0x10055cd9    0x34  Code  Lc  securitymgr.o [33]
smp_Determine_Key_Association_Method
                        0x10056e95    0xac  Code  Gb  securitymgr.o [33]
smp_Execute_Actions_wrt_Current_State
                        0x1004f815   0x266  Code  Lc  securitymgr.o [33]
smp_Find_Remote_Device_Index
                        0x10053a59    0x3a  Code  Gb  sm_common.o [33]
smp_Get_Local_Identity_Address
                        0x10055ac1    0x3a  Code  Gb  sm_common.o [33]
smp_Get_Pairing_Parameters_From_Peer_Packet
                        0x10055d69    0x82  Code  Lc  securitymgr.o [33]
smp_Keys_Distribution_Complete
                        0x10059481    0x46  Code  Lc  sm_common.o [33]
smp_Keys_Distribution_Send
                        0x10053885   0x126  Code  Lc  securitymgr.o [33]
smp_Keys_Distribution_Start
                        0x1005384d    0x36  Code  Gb  sm_common.o [33]
smp_LP_MI_Compute_c1_Confirm_Value
                        0x1005545d   0x156  Code  Lc  securitymgr.o [33]
smp_OOB_Check_Is_Remote_Data_Present
                        0x100555b9    0x36  Code  Gb  sm_common.o [33]
smp_OOB_Clear_Remote_Data_Entry_by_Index
                        0x10055c75    0x1a  Code  Gb  sm_common.o [33]
smp_OOB_Get_Remote_Data_Reference
                        0x100555f5    0x48  Code  Gb  sm_common.o [33]
smp_Pairing_Completed   0x100539b1    0xa2  Code  Gb  sm_common.o [33]
smp_Process_Rx_Packet_Exception_Cases
                        0x1004fcfd    0xae  Code  Lc  securitymgr.o [33]
smp_Process_Rx_Packet_wrt_Current_State
                        0x1004fac9   0x174  Code  Lc  securitymgr.o [33]
smp_Receive_Keys        0x10053ec5    0xd2  Code  Gb  sm_common.o [33]
smp_Reset_Timer         0x10053a99    0x1a  Code  Lc  securitymgr.o [33]
smp_SR_Compute_c1_Confirm_Value
                        0x10055641   0x16a  Code  Lc  securitymgr.o [33]
smp_Send_Data           0x100553cd    0x2c  Code  Gb  securitymgr.o [33]
smp_Set_Key_Association_Method
                        0x10055df1    0x64  Code  Lc  securitymgr.o [33]
smp____MI_PairingConfirm_Receive
                        0x1005337d    0x56  Code  Lc  securitymgr.o [33]
smp____MI_PairingConfirm_Send
                        0x10053591    0x92  Code  Lc  securitymgr.o [33]
smp____MI_PairingRandom_Receive
                        0x1005401d   0x1a2  Code  Lc  securitymgr.o [33]
smp____MI_PairingResponse_Receive
                        0x10053f99    0x7e  Code  Lc  securitymgr.o [33]
smp____MI_SecurityRequest_Receive
                        0x10053c4d    0x60  Code  Lc  securitymgr.o [33]
smp____PairingFailed_Send
                        0x1005381d    0x30  Code  Gb  securitymgr.o [33]
smp____Pairing_2Octets_Packet_Send
                        0x10055a51    0x48  Code  Gb  sm_common.o [33]
smp____Pairing_Process_Abort
                        0x1004fc41    0xb6  Code  Lc  securitymgr.o [33]
smp____SC_Continue_If_Exclusive_SC_Pairing
                        0x10055d2d    0x36  Code  Gb  smp_scv42_isap.o [33]
smp____SC_PairingPublicKey_Receive
                        0x10053cb1    0x68  Code  Gb  smp_scv42_isap.o [33]
smp____SC_PairingPublicKey_Send
                        0x10053529    0x64  Code  Gb  smp_scv42_isap.o [33]
smp____SC_Pairing_OOB_Confirm_Receive_and_Verify
                        0x10053629    0x8c  Code  Gb  smp_scv42_isap.o [33]
smp____SC_Phase_2AS2_DHKeyCheck_Receive
                        0x100541c9    0x80  Code  Gb  smp_scv42_isap.o [33]
smp____SC_Phase_2AS2_DHKeyCheck_Send
                        0x100559f5    0x56  Code  Gb  smp_scv42_isap.o [33]
smp____SC_Phase_2AS2_Generate_DHKeyCheck
                        0x100558c5   0x12a  Code  Lc  smp_scv42_isap.o [33]
smp____SC_Phase_2AS2_Start
                        0x10053769    0xae  Code  Gb  smp_scv42_isap.o [33]
smp____SC_Phase_2AS2__Set_Addresses
                        0x100557b1    0x32  Code  Lc  smp_scv42_isap.o [33]
smp____SC_Verify_Peer_PK_and_Generate_DHKey
                        0x10055fdd    0x3e  Code  Gb  smp_scv42_isap.o [33]
smp____SC_hci_le_generate_dhkey_complete_evt_hndl
                        0x1005a2d9    0x22  Code  Gb  smp_scv42_isap.o [33]
smp____SC_hci_le_read_local_p256_public_key_complete_evt_hndl
                        0x1005a0f9    0x3c  Code  Gb  smp_scv42_isap.o [33]
smp____SC_initialize    0x10050431    0x50  Code  Gb  smp_scv42_isap.o [33]
smp____SC_is_Debug_Key_Usage_Forced
                        0x100553f9    0x10  Code  Gb  smp_scv42_isap.o [33]
smp____SC_is_any_other_SC_Pairing_Ongoing
                        0x100503f9    0x34  Code  Gb  smp_scv42_isap.o [33]
smp____SC_submit_ECC_PK_generation_request
                        0x1005350d    0x16  Code  Gb  smp_scv42_isap.o [33]
smp____SR_PairingConfirm_Receive
                        0x100536b9    0xac  Code  Lc  securitymgr.o [33]
smp____SR_PairingRandom_Receive
                        0x10053d21   0x19a  Code  Lc  securitymgr.o [33]
smp____SR_PairingRequest_Receive
                        0x10053ab9   0x18e  Code  Lc  securitymgr.o [33]
spi                     0x20004cc4    0x24  Data  Gb  main.o [1]
spi_format              0x1004999d    0x60  Code  Gb  spi_api.o [25]
spi_frequency           0x100499fd     0xa  Code  Gb  spi_api.o [25]
spi_init                0x100498c9    0xd0  Code  Gb  spi_api.o [25]
spi_master_block_write  0x10049a07    0xb2  Code  Gb  spi_api.o [25]
stacklib_flash_data     0x10067000   0x800  Data  Lc  Blue1.o [2]
stacklib_stored_device_id_data
                        0x10067800    0x38  Data  Lc  Blue1.o [2]
start_timebase          0x1005652d    0x92  Code  Gb  multi_master_time.o [33]
std_mutex_file          0x20004b20   0x118  Data  Lc  mbed_boot.o [19]
std_mutex_id_file       0x20004af8    0x28  Data  Lc  mbed_boot.o [19]
std_mutex_id_sys        0x20004d08    0x14  Data  Lc  mbed_boot.o [19]
std_mutex_sys           0x20004d1c    0x8c  Data  Lc  mbed_boot.o [19]
stdio_uart              0x20005194    0x10  Data  Gb  serial_api.o [25]
stdio_uart_inited       0x200051d4     0x4  Data  Gb  serial_api.o [25]
store_data              0x10054ea9    0x1c  Code  Gb  gatt_server.o [33]
strcmp                  0x100492dd    0x22  Code  Gb  strcmp.o [35]
strlen                  0x1004cb9b    0x10  Code  Gb  strlen.o [35]
strncmp                 0x1004d005    0x2c  Code  Gb  strncmp.o [31]
svcRtxDelay             0x1004a58d    0x14  Code  Gb  rtx_delay.o [22]
svcRtxKernelGetState    0x100475a9     0xe  Code  Gb  rtx_kernel.o [22]
svcRtxKernelInitialize  0x10047421   0x17a  Code  Gb  rtx_kernel.o [22]
svcRtxKernelStart       0x100475b7    0xa6  Code  Gb  rtx_kernel.o [22]
svcRtxMessageQueueGet   0x10057b93   0x106  Code  Gb  rtx_msgqueue.o [22]
svcRtxMessageQueueNew   0x1005793b   0x16e  Code  Gb  rtx_msgqueue.o [22]
svcRtxMessageQueuePut   0x10057aa9    0xea  Code  Gb  rtx_msgqueue.o [22]
svcRtxMutexAcquire      0x10047833    0xca  Code  Gb  rtx_mutex.o [22]
svcRtxMutexDelete       0x100479ef    0xba  Code  Gb  rtx_mutex.o [22]
svcRtxMutexNew          0x100477b7    0x7c  Code  Gb  rtx_mutex.o [22]
svcRtxMutexRelease      0x100478fd    0xdc  Code  Gb  rtx_mutex.o [22]
svcRtxThreadExit        0x10047259    0xa0  Code  Gb  rtx_thread.o [22]
svcRtxThreadGetId       0x100471e5    0x10  Code  Gb  rtx_thread.o [22]
svcRtxThreadGetName     0x100471bb    0x2a  Code  Gb  rtx_thread.o [22]
svcRtxThreadNew         0x10046fb5   0x206  Code  Gb  rtx_thread.o [22]
swap_char               0x10044139     0xa  Code  Lc  multi_master_time.o [33]
swap_short_int          0x10044143     0xa  Code  Lc  multi_master_time.o [33]
sys_alloc               0x10045495   0x3e8  Code  Lc  dlmalloc.o [31]
syslock_o               0x20005088     0x4  Data  Lc  xsyslock_mtx.o [31]
system_time_trans       0x10043135     0xa  Code  Gb  rom_ll_timehandling.o [33]
system_time_trans_ext   0x100441ad    0x26  Code  Gb  rom_ll_timehandling.o [33]
tempCharHandle          0x20005018     0x2  Data  Gb  gatt_db.o [3]
terminate_hook          0x200051d0     0x4  Data  Lc  Thread.o [18]
thread_terminate_hook   0x100490f5    0x10  Code  Gb  Thread.o [18]
ticker_read             0x1004d30d     0x4  Code  Gb  mbed_ticker_api.o [16]
time_offset1            0x10044177     0xe  Code  Gb  rom_ll_timehandling.o [33]
time_offset2            0x10044195     0xc  Code  Gb  rom_ll_timehandling.o [33]
timebase_start_connect  0x100440c5    0x36  Code  Gb  multi_master_time.o [33]
tmalloc_large           0x10045889   0x3ca  Code  Lc  dlmalloc.o [31]
tmalloc_small           0x10045c59   0x230  Code  Lc  dlmalloc.o [31]
touch_it                0x200004f3     0x1  Data  Gb  rom_global_var.o [33]
unpack_channel_map      0x1004288b    0x38  Code  Gb  rom_ll_isr_routines.o [33]
unpack_update_request   0x10042845    0x46  Code  Gb  rom_ll_isr_routines.o [33]
update_present_time     0x1004d13d    0xf4  Code  Lc  mbed_ticker_api.o [16]
us_data                 0x1004d034     0x8  Data  Lc  mbed_us_ticker_api.o [16]
us_interface            0x1005a920    0x1c  Data  Lc  mbed_us_ticker_api.o [16]
us_ticker_clear_interrupt
                        0x10059675     0x2  Code  Gb  us_ticker_api.o [25]
us_ticker_disable_interrupt
                        0x1005965b     0xc  Code  Gb  us_ticker_api.o [25]
us_ticker_fire_interrupt
                        0x10059677     0x2  Code  Gb  us_ticker_api.o [25]
us_ticker_get_info      0x1005ac71     0x8  Code  Wk  mbed_retarget.o [17]
us_ticker_get_info::info
                        0x1005ac58     0x8  Data  Lc  mbed_retarget.o [17]
us_ticker_init          0x100595db    0x5c  Code  Gb  us_ticker_api.o [25]
us_ticker_read          0x10059637    0x18  Code  Gb  us_ticker_api.o [25]
us_ticker_set_interrupt
                        0x1005964f     0xc  Code  Gb  us_ticker_api.o [25]
void mbed::Callback<void ()>::function_call<void (*)()>(void const *)
                        0x1005ac69     0x8  Code  Gb  ATCmdParser.o [17]
void mbed::Callback<void ()>::function_dtor<void (*)()>(void *)
                        0x10043fab     0x2  Code  Gb  ATCmdParser.o [17]
void mbed::Callback<void ()>::function_move<void (*)()>(void *, void const *)
                        0x10041cfb     0xa  Code  Gb  ATCmdParser.o [17]
void mbed::Callback<void ()>::generate<void (*)()>(void (*)() const &)::ops
                        0x1005ac1c     0xc  Data  Gb  ATCmdParser.o [17]
vsnprintf               0x10049179    0x3c  Code  Gb  vsnprint.o [31]
wait_ms                 0x1004b881     0xe  Code  Gb  mbed_wait_api_rtos.o [17]
wait_us                 0x1004b88f     0x2  Code  Gb  mbed_wait_api_rtos.o [17]
wakeupFromSleepFlag     0x2000000c     0x1  Data  Gb  system_bluenrg1.o [27]
wakeupFromSleepFlag_block$$Base
                        0x2000000c           --   Gb  - Linker created -
wakeupFromSleepFlag_block$$Limit
                        0x20000010           --   Gb  - Linker created -


[1] = C:\Users\Gianluca\mbedCLIdev\gian-ble-Copia\BUILD\STEVAL_IDB007V1\IAR
[2] = C:\Users\Gianluca\mbedCLIdev\gian-ble-Copia\BUILD\STEVAL_IDB007V1\IAR\BLUE1
[3] = C:\Users\Gianluca\mbedCLIdev\gian-ble-Copia\BUILD\STEVAL_IDB007V1\IAR\BLUE1\SensorDemo
[4] = C:\Users\Gianluca\mbedCLIdev\gian-ble-Copia\BUILD\STEVAL_IDB007V1\IAR\BLUE1\sdk_hal\src
[5] = C:\Users\Gianluca\mbedCLIdev\gian-ble-Copia\BUILD\STEVAL_IDB007V1\IAR\mbed-os\cmsis\TARGET_CORTEX_M\TOOLCHAIN_IAR
[6] = C:\Users\Gianluca\mbedCLIdev\gian-ble-Copia\BUILD\STEVAL_IDB007V1\IAR\mbed-os\drivers
[7] = C:\Users\Gianluca\mbedCLIdev\gian-ble-Copia\BUILD\STEVAL_IDB007V1\IAR\mbed-os\features\FEATURE_BLE\source
[8] = C:\Users\Gianluca\mbedCLIdev\gian-ble-Copia\BUILD\STEVAL_IDB007V1\IAR\mbed-os\features\FEATURE_BLE\source\generic
[9] = C:\Users\Gianluca\mbedCLIdev\gian-ble-Copia\BUILD\STEVAL_IDB007V1\IAR\mbed-os\features\FEATURE_BLE\source\services
[10] = C:\Users\Gianluca\mbedCLIdev\gian-ble-Copia\BUILD\STEVAL_IDB007V1\IAR\mbed-os\features\filesystem
[11] = C:\Users\Gianluca\mbedCLIdev\gian-ble-Copia\BUILD\STEVAL_IDB007V1\IAR\mbed-os\features\filesystem\bd
[12] = C:\Users\Gianluca\mbedCLIdev\gian-ble-Copia\BUILD\STEVAL_IDB007V1\IAR\mbed-os\features\filesystem\fat
[13] = C:\Users\Gianluca\mbedCLIdev\gian-ble-Copia\BUILD\STEVAL_IDB007V1\IAR\mbed-os\features\filesystem\fat\ChaN
[14] = C:\Users\Gianluca\mbedCLIdev\gian-ble-Copia\BUILD\STEVAL_IDB007V1\IAR\mbed-os\features\mbedtls\platform\src
[15] = C:\Users\Gianluca\mbedCLIdev\gian-ble-Copia\BUILD\STEVAL_IDB007V1\IAR\mbed-os\features\mbedtls\src
[16] = C:\Users\Gianluca\mbedCLIdev\gian-ble-Copia\BUILD\STEVAL_IDB007V1\IAR\mbed-os\hal
[17] = C:\Users\Gianluca\mbedCLIdev\gian-ble-Copia\BUILD\STEVAL_IDB007V1\IAR\mbed-os\platform
[18] = C:\Users\Gianluca\mbedCLIdev\gian-ble-Copia\BUILD\STEVAL_IDB007V1\IAR\mbed-os\rtos
[19] = C:\Users\Gianluca\mbedCLIdev\gian-ble-Copia\BUILD\STEVAL_IDB007V1\IAR\mbed-os\rtos\TARGET_CORTEX
[20] = C:\Users\Gianluca\mbedCLIdev\gian-ble-Copia\BUILD\STEVAL_IDB007V1\IAR\mbed-os\rtos\TARGET_CORTEX\rtx4
[21] = C:\Users\Gianluca\mbedCLIdev\gian-ble-Copia\BUILD\STEVAL_IDB007V1\IAR\mbed-os\rtos\TARGET_CORTEX\rtx5\RTX\Config
[22] = C:\Users\Gianluca\mbedCLIdev\gian-ble-Copia\BUILD\STEVAL_IDB007V1\IAR\mbed-os\rtos\TARGET_CORTEX\rtx5\RTX\Source
[23] = C:\Users\Gianluca\mbedCLIdev\gian-ble-Copia\BUILD\STEVAL_IDB007V1\IAR\mbed-os\rtos\TARGET_CORTEX\rtx5\RTX\Source\TOOLCHAIN_IAR\TARGET_M0
[24] = C:\Users\Gianluca\mbedCLIdev\gian-ble-Copia\BUILD\STEVAL_IDB007V1\IAR\mbed-os\rtos\TARGET_CORTEX\rtx5\Source
[25] = C:\Users\Gianluca\mbedCLIdev\gian-ble-Copia\BUILD\STEVAL_IDB007V1\IAR\mbed-os\targets\TARGET_STMBLUE
[26] = C:\Users\Gianluca\mbedCLIdev\gian-ble-Copia\BUILD\STEVAL_IDB007V1\IAR\mbed-os\targets\TARGET_STMBLUE\TARGET_BLUENRG1
[27] = C:\Users\Gianluca\mbedCLIdev\gian-ble-Copia\BUILD\STEVAL_IDB007V1\IAR\mbed-os\targets\TARGET_STMBLUE\TARGET_BLUENRG1\TARGET_STEVAL_IDB007V1\device
[28] = C:\Users\Gianluca\mbedCLIdev\gian-ble-Copia\BUILD\STEVAL_IDB007V1\IAR\mbed-os\targets\TARGET_STMBLUE\TARGET_BLUENRG1\TARGET_STEVAL_IDB007V1\device\TOOLCHAIN_IAR
[29] = C:\Users\Gianluca\mbedCLIdev\gian-ble-Copia\BUILD\STEVAL_IDB007V1\IAR\mbed-os\targets\TARGET_STMBLUE\TARGET_BLUENRG1\device
[30] = command line
[31] = dl6M_tlf.a
[32] = dlpp6M_tl_fc.a
[33] = libbluenrg1_stack.a
[34] = m6M_tl.a
[35] = rt6M_tl.a

  109 210 bytes of readonly  code memory
    3 999 bytes of readonly  data memory
   20 775 bytes of readwrite data memory

Errors: none
Warnings: none
