###############################################################################
#
# IAR ELF Linker V7.70.1.11437/W32 for ARM                19/Mar/2018  13:34:03
# Copyright 2007-2016 IAR Systems AB.
#
#    Output file  =  ./BUILD/STEVAL_IDB007V1/IAR/gian-ble-Copia-bleapi.elf
#    Map file     =  ./BUILD/STEVAL_IDB007V1/IAR/gian-ble-Copia-bleapi.map
#    Command line =  
#        -f .\BUILD\STEVAL_IDB007V1\IAR\.link_files.txt
#        (--skip_dynamic_initialization --threaded_lib -o
#        ./BUILD/STEVAL_IDB007V1/IAR/gian-ble-Copia-bleapi.elf
#        --map=./BUILD/STEVAL_IDB007V1/IAR/gian-ble-Copia-bleapi.map
#        ./BUILD/STEVAL_IDB007V1/IAR/./main.o
#        ./BUILD/STEVAL_IDB007V1/IAR/./test_env.o
#        ./BUILD/STEVAL_IDB007V1/IAR/BLUE1/Blue1.o
#        ./BUILD/STEVAL_IDB007V1/IAR/BLUE1/SensorDemo/gatt_db.o
#        ./BUILD/STEVAL_IDB007V1/IAR/BLUE1/sdk_hal/src/BlueNRG1_sleep.o
#        ./BUILD/STEVAL_IDB007V1/IAR/BLUE1/sdk_hal/src/context_switch.o
#        ./BUILD/STEVAL_IDB007V1/IAR/BLUE1/sdk_hal/src/gp_timer.o
#        ./BUILD/STEVAL_IDB007V1/IAR/BLUE1/sdk_hal/src/osal.o
#        ./BUILD/STEVAL_IDB007V1/IAR/mbed-os/cmsis/TARGET_CORTEX_M/TOOLCHAIN_IAR/cmain.o
#        ./BUILD/STEVAL_IDB007V1/IAR/mbed-os/drivers/AnalogIn.o
#        ./BUILD/STEVAL_IDB007V1/IAR/mbed-os/drivers/BusIn.o
#        ./BUILD/STEVAL_IDB007V1/IAR/mbed-os/drivers/BusInOut.o
#        ./BUILD/STEVAL_IDB007V1/IAR/mbed-os/drivers/BusOut.o
#        ./BUILD/STEVAL_IDB007V1/IAR/mbed-os/drivers/CAN.o
#        ./BUILD/STEVAL_IDB007V1/IAR/mbed-os/drivers/Ethernet.o
#        ./BUILD/STEVAL_IDB007V1/IAR/mbed-os/drivers/FlashIAP.o
#        ./BUILD/STEVAL_IDB007V1/IAR/mbed-os/drivers/I2C.o
#        ./BUILD/STEVAL_IDB007V1/IAR/mbed-os/drivers/I2CSlave.o
#        ./BUILD/STEVAL_IDB007V1/IAR/mbed-os/drivers/InterruptIn.o
#        ./BUILD/STEVAL_IDB007V1/IAR/mbed-os/drivers/InterruptManager.o
#        ./BUILD/STEVAL_IDB007V1/IAR/mbed-os/drivers/RawSerial.o
#        ./BUILD/STEVAL_IDB007V1/IAR/mbed-os/drivers/SPI.o
#        ./BUILD/STEVAL_IDB007V1/IAR/mbed-os/drivers/SPISlave.o
#        ./BUILD/STEVAL_IDB007V1/IAR/mbed-os/drivers/Serial.o
#        ./BUILD/STEVAL_IDB007V1/IAR/mbed-os/drivers/SerialBase.o
#        ./BUILD/STEVAL_IDB007V1/IAR/mbed-os/drivers/Ticker.o
#        ./BUILD/STEVAL_IDB007V1/IAR/mbed-os/drivers/Timeout.o
#        ./BUILD/STEVAL_IDB007V1/IAR/mbed-os/drivers/Timer.o
#        ./BUILD/STEVAL_IDB007V1/IAR/mbed-os/drivers/TimerEvent.o
#        ./BUILD/STEVAL_IDB007V1/IAR/mbed-os/drivers/UARTSerial.o
#        ./BUILD/STEVAL_IDB007V1/IAR/mbed-os/events/EventQueue.o
#        ./BUILD/STEVAL_IDB007V1/IAR/mbed-os/events/equeue/equeue.o
#        ./BUILD/STEVAL_IDB007V1/IAR/mbed-os/events/equeue/equeue_mbed.o
#        ./BUILD/STEVAL_IDB007V1/IAR/mbed-os/events/equeue/equeue_posix.o
#        ./BUILD/STEVAL_IDB007V1/IAR/mbed-os/events/mbed_shared_queues.o
#        ./BUILD/STEVAL_IDB007V1/IAR/mbed-os/features/FEATURE_BLE/source/BLE.o
#        ./BUILD/STEVAL_IDB007V1/IAR/mbed-os/features/FEATURE_BLE/source/BLEInstanceBase.o
#        ./BUILD/STEVAL_IDB007V1/IAR/mbed-os/features/FEATURE_BLE/source/DiscoveredCharacteristic.o
#        ./BUILD/STEVAL_IDB007V1/IAR/mbed-os/features/FEATURE_BLE/source/GapScanningParams.o
#        ./BUILD/STEVAL_IDB007V1/IAR/mbed-os/features/FEATURE_BLE/source/generic/GenericGattClient.o
#        ./BUILD/STEVAL_IDB007V1/IAR/mbed-os/features/FEATURE_BLE/source/services/DFUService.o
#        ./BUILD/STEVAL_IDB007V1/IAR/mbed-os/features/FEATURE_BLE/source/services/UARTService.o
#        ./BUILD/STEVAL_IDB007V1/IAR/mbed-os/features/FEATURE_BLE/source/services/URIBeaconConfigService.o
#        ./BUILD/STEVAL_IDB007V1/IAR/mbed-os/features/filesystem/Dir.o
#        ./BUILD/STEVAL_IDB007V1/IAR/mbed-os/features/filesystem/File.o
#        ./BUILD/STEVAL_IDB007V1/IAR/mbed-os/features/filesystem/FileSystem.o
#        ./BUILD/STEVAL_IDB007V1/IAR/mbed-os/features/filesystem/bd/ChainingBlockDevice.o
#        ./BUILD/STEVAL_IDB007V1/IAR/mbed-os/features/filesystem/bd/HeapBlockDevice.o
#        ./BUILD/STEVAL_IDB007V1/IAR/mbed-os/features/filesystem/bd/MBRBlockDevice.o
#        ./BUILD/STEVAL_IDB007V1/IAR/mbed-os/features/filesystem/bd/ProfilingBlockDevice.o
#        ./BUILD/STEVAL_IDB007V1/IAR/mbed-os/features/filesystem/bd/SlicingBlockDevice.o
#        ./BUILD/STEVAL_IDB007V1/IAR/mbed-os/features/filesystem/fat/ChaN/ccsbcs.o
#        ./BUILD/STEVAL_IDB007V1/IAR/mbed-os/features/filesystem/fat/ChaN/ff.o
#        ./BUILD/STEVAL_IDB007V1/IAR/mbed-os/features/filesystem/fat/FATFileSystem.o
#        ./BUILD/STEVAL_IDB007V1/IAR/mbed-os/features/mbedtls/platform/src/mbed_trng.o
#        ./BUILD/STEVAL_IDB007V1/IAR/mbed-os/features/mbedtls/src/aes.o
#        ./BUILD/STEVAL_IDB007V1/IAR/mbed-os/features/mbedtls/src/aesni.o
#        ./BUILD/STEVAL_IDB007V1/IAR/mbed-os/features/mbedtls/src/arc4.o
#        ./BUILD/STEVAL_IDB007V1/IAR/mbed-os/features/mbedtls/src/asn1parse.o
#        ./BUILD/STEVAL_IDB007V1/IAR/mbed-os/features/mbedtls/src/asn1write.o
#        ./BUILD/STEVAL_IDB007V1/IAR/mbed-os/features/mbedtls/src/base64.o
#        ./BUILD/STEVAL_IDB007V1/IAR/mbed-os/features/mbedtls/src/bignum.o
#        ./BUILD/STEVAL_IDB007V1/IAR/mbed-os/features/mbedtls/src/blowfish.o
#        ./BUILD/STEVAL_IDB007V1/IAR/mbed-os/features/mbedtls/src/camellia.o
#        ./BUILD/STEVAL_IDB007V1/IAR/mbed-os/features/mbedtls/src/ccm.o
#        ./BUILD/STEVAL_IDB007V1/IAR/mbed-os/features/mbedtls/src/certs.o
#        ./BUILD/STEVAL_IDB007V1/IAR/mbed-os/features/mbedtls/src/cipher.o
#        ./BUILD/STEVAL_IDB007V1/IAR/mbed-os/features/mbedtls/src/cipher_wrap.o
#        ./BUILD/STEVAL_IDB007V1/IAR/mbed-os/features/mbedtls/src/cmac.o
#        ./BUILD/STEVAL_IDB007V1/IAR/mbed-os/features/mbedtls/src/ctr_drbg.o
#        ./BUILD/STEVAL_IDB007V1/IAR/mbed-os/features/mbedtls/src/debug.o
#        ./BUILD/STEVAL_IDB007V1/IAR/mbed-os/features/mbedtls/src/des.o
#        ./BUILD/STEVAL_IDB007V1/IAR/mbed-os/features/mbedtls/src/dhm.o
#        ./BUILD/STEVAL_IDB007V1/IAR/mbed-os/features/mbedtls/src/ecdh.o
#        ./BUILD/STEVAL_IDB007V1/IAR/mbed-os/features/mbedtls/src/ecdsa.o
#        ./BUILD/STEVAL_IDB007V1/IAR/mbed-os/features/mbedtls/src/ecjpake.o
#        ./BUILD/STEVAL_IDB007V1/IAR/mbed-os/features/mbedtls/src/ecp.o
#        ./BUILD/STEVAL_IDB007V1/IAR/mbed-os/features/mbedtls/src/ecp_curves.o
#        ./BUILD/STEVAL_IDB007V1/IAR/mbed-os/features/mbedtls/src/entropy.o
#        ./BUILD/STEVAL_IDB007V1/IAR/mbed-os/features/mbedtls/src/entropy_poll.o
#        ./BUILD/STEVAL_IDB007V1/IAR/mbed-os/features/mbedtls/src/error.o
#        ./BUILD/STEVAL_IDB007V1/IAR/mbed-os/features/mbedtls/src/gcm.o
#        ./BUILD/STEVAL_IDB007V1/IAR/mbed-os/features/mbedtls/src/havege.o
#        ./BUILD/STEVAL_IDB007V1/IAR/mbed-os/features/mbedtls/src/hmac_drbg.o
#        ./BUILD/STEVAL_IDB007V1/IAR/mbed-os/features/mbedtls/src/md.o
#        ./BUILD/STEVAL_IDB007V1/IAR/mbed-os/features/mbedtls/src/md2.o
#        ./BUILD/STEVAL_IDB007V1/IAR/mbed-os/features/mbedtls/src/md4.o
#        ./BUILD/STEVAL_IDB007V1/IAR/mbed-os/features/mbedtls/src/md5.o
#        ./BUILD/STEVAL_IDB007V1/IAR/mbed-os/features/mbedtls/src/md_wrap.o
#        ./BUILD/STEVAL_IDB007V1/IAR/mbed-os/features/mbedtls/src/memory_buffer_alloc.o
#        ./BUILD/STEVAL_IDB007V1/IAR/mbed-os/features/mbedtls/src/net_sockets.o
#        ./BUILD/STEVAL_IDB007V1/IAR/mbed-os/features/mbedtls/src/oid.o
#        ./BUILD/STEVAL_IDB007V1/IAR/mbed-os/features/mbedtls/src/padlock.o
#        ./BUILD/STEVAL_IDB007V1/IAR/mbed-os/features/mbedtls/src/pem.o
#        ./BUILD/STEVAL_IDB007V1/IAR/mbed-os/features/mbedtls/src/pk.o
#        ./BUILD/STEVAL_IDB007V1/IAR/mbed-os/features/mbedtls/src/pk_wrap.o
#        ./BUILD/STEVAL_IDB007V1/IAR/mbed-os/features/mbedtls/src/pkcs11.o
#        ./BUILD/STEVAL_IDB007V1/IAR/mbed-os/features/mbedtls/src/pkcs12.o
#        ./BUILD/STEVAL_IDB007V1/IAR/mbed-os/features/mbedtls/src/pkcs5.o
#        ./BUILD/STEVAL_IDB007V1/IAR/mbed-os/features/mbedtls/src/pkparse.o
#        ./BUILD/STEVAL_IDB007V1/IAR/mbed-os/features/mbedtls/src/pkwrite.o
#        ./BUILD/STEVAL_IDB007V1/IAR/mbed-os/features/mbedtls/src/platform.o
#        ./BUILD/STEVAL_IDB007V1/IAR/mbed-os/features/mbedtls/src/ripemd160.o
#        ./BUILD/STEVAL_IDB007V1/IAR/mbed-os/features/mbedtls/src/rsa.o
#        ./BUILD/STEVAL_IDB007V1/IAR/mbed-os/features/mbedtls/src/sha1.o
#        ./BUILD/STEVAL_IDB007V1/IAR/mbed-os/features/mbedtls/src/sha256.o
#        ./BUILD/STEVAL_IDB007V1/IAR/mbed-os/features/mbedtls/src/sha512.o
#        ./BUILD/STEVAL_IDB007V1/IAR/mbed-os/features/mbedtls/src/ssl_cache.o
#        ./BUILD/STEVAL_IDB007V1/IAR/mbed-os/features/mbedtls/src/ssl_ciphersuites.o
#        ./BUILD/STEVAL_IDB007V1/IAR/mbed-os/features/mbedtls/src/ssl_cli.o
#        ./BUILD/STEVAL_IDB007V1/IAR/mbed-os/features/mbedtls/src/ssl_cookie.o
#        ./BUILD/STEVAL_IDB007V1/IAR/mbed-os/features/mbedtls/src/ssl_srv.o
#        ./BUILD/STEVAL_IDB007V1/IAR/mbed-os/features/mbedtls/src/ssl_ticket.o
#        ./BUILD/STEVAL_IDB007V1/IAR/mbed-os/features/mbedtls/src/ssl_tls.o
#        ./BUILD/STEVAL_IDB007V1/IAR/mbed-os/features/mbedtls/src/threading.o
#        ./BUILD/STEVAL_IDB007V1/IAR/mbed-os/features/mbedtls/src/timing.o
#        ./BUILD/STEVAL_IDB007V1/IAR/mbed-os/features/mbedtls/src/version.o
#        ./BUILD/STEVAL_IDB007V1/IAR/mbed-os/features/mbedtls/src/version_features.o
#        ./BUILD/STEVAL_IDB007V1/IAR/mbed-os/features/mbedtls/src/x509.o
#        ./BUILD/STEVAL_IDB007V1/IAR/mbed-os/features/mbedtls/src/x509_create.o
#        ./BUILD/STEVAL_IDB007V1/IAR/mbed-os/features/mbedtls/src/x509_crl.o
#        ./BUILD/STEVAL_IDB007V1/IAR/mbed-os/features/mbedtls/src/x509_crt.o
#        ./BUILD/STEVAL_IDB007V1/IAR/mbed-os/features/mbedtls/src/x509_csr.o
#        ./BUILD/STEVAL_IDB007V1/IAR/mbed-os/features/mbedtls/src/x509write_crt.o
#        ./BUILD/STEVAL_IDB007V1/IAR/mbed-os/features/mbedtls/src/x509write_csr.o
#        ./BUILD/STEVAL_IDB007V1/IAR/mbed-os/features/mbedtls/src/xtea.o
#        ./BUILD/STEVAL_IDB007V1/IAR/mbed-os/hal/mbed_flash_api.o
#        ./BUILD/STEVAL_IDB007V1/IAR/mbed-os/hal/mbed_gpio.o
#        ./BUILD/STEVAL_IDB007V1/IAR/mbed-os/hal/mbed_lp_ticker_api.o
#        ./BUILD/STEVAL_IDB007V1/IAR/mbed-os/hal/mbed_pinmap_common.o
#        ./BUILD/STEVAL_IDB007V1/IAR/mbed-os/hal/mbed_sleep_manager.o
#        ./BUILD/STEVAL_IDB007V1/IAR/mbed-os/hal/mbed_ticker_api.o
#        ./BUILD/STEVAL_IDB007V1/IAR/mbed-os/hal/mbed_us_ticker_api.o
#        ./BUILD/STEVAL_IDB007V1/IAR/mbed-os/platform/ATCmdParser.o
#        ./BUILD/STEVAL_IDB007V1/IAR/mbed-os/platform/CallChain.o
#        ./BUILD/STEVAL_IDB007V1/IAR/mbed-os/platform/FileBase.o
#        ./BUILD/STEVAL_IDB007V1/IAR/mbed-os/platform/FileHandle.o
#        ./BUILD/STEVAL_IDB007V1/IAR/mbed-os/platform/FilePath.o
#        ./BUILD/STEVAL_IDB007V1/IAR/mbed-os/platform/FileSystemHandle.o
#        ./BUILD/STEVAL_IDB007V1/IAR/mbed-os/platform/LocalFileSystem.o
#        ./BUILD/STEVAL_IDB007V1/IAR/mbed-os/platform/Stream.o
#        ./BUILD/STEVAL_IDB007V1/IAR/mbed-os/platform/mbed_alloc_wrappers.o
#        ./BUILD/STEVAL_IDB007V1/IAR/mbed-os/platform/mbed_application.o
#        ./BUILD/STEVAL_IDB007V1/IAR/mbed-os/platform/mbed_assert.o
#        ./BUILD/STEVAL_IDB007V1/IAR/mbed-os/platform/mbed_board.o
#        ./BUILD/STEVAL_IDB007V1/IAR/mbed-os/platform/mbed_critical.o
#        ./BUILD/STEVAL_IDB007V1/IAR/mbed-os/platform/mbed_error.o
#        ./BUILD/STEVAL_IDB007V1/IAR/mbed-os/platform/mbed_interface.o
#        ./BUILD/STEVAL_IDB007V1/IAR/mbed-os/platform/mbed_mem_trace.o
#        ./BUILD/STEVAL_IDB007V1/IAR/mbed-os/platform/mbed_mktime.o
#        ./BUILD/STEVAL_IDB007V1/IAR/mbed-os/platform/mbed_poll.o
#        ./BUILD/STEVAL_IDB007V1/IAR/mbed-os/platform/mbed_retarget.o
#        ./BUILD/STEVAL_IDB007V1/IAR/mbed-os/platform/mbed_rtc_time.o
#        ./BUILD/STEVAL_IDB007V1/IAR/mbed-os/platform/mbed_sdk_boot.o
#        ./BUILD/STEVAL_IDB007V1/IAR/mbed-os/platform/mbed_semihost_api.o
#        ./BUILD/STEVAL_IDB007V1/IAR/mbed-os/platform/mbed_stats.o
#        ./BUILD/STEVAL_IDB007V1/IAR/mbed-os/platform/mbed_wait_api_no_rtos.o
#        ./BUILD/STEVAL_IDB007V1/IAR/mbed-os/platform/mbed_wait_api_rtos.o
#        ./BUILD/STEVAL_IDB007V1/IAR/mbed-os/rtos/ConditionVariable.o
#        ./BUILD/STEVAL_IDB007V1/IAR/mbed-os/rtos/EventFlags.o
#        ./BUILD/STEVAL_IDB007V1/IAR/mbed-os/rtos/Mutex.o
#        ./BUILD/STEVAL_IDB007V1/IAR/mbed-os/rtos/RtosTimer.o
#        ./BUILD/STEVAL_IDB007V1/IAR/mbed-os/rtos/Semaphore.o
#        ./BUILD/STEVAL_IDB007V1/IAR/mbed-os/rtos/TARGET_CORTEX/mbed_boot.o
#        ./BUILD/STEVAL_IDB007V1/IAR/mbed-os/rtos/TARGET_CORTEX/mbed_rtx_handlers.o
#        ./BUILD/STEVAL_IDB007V1/IAR/mbed-os/rtos/TARGET_CORTEX/mbed_rtx_idle.o
#        ./BUILD/STEVAL_IDB007V1/IAR/mbed-os/rtos/TARGET_CORTEX/rtx4/cmsis_os1.o
#        ./BUILD/STEVAL_IDB007V1/IAR/mbed-os/rtos/TARGET_CORTEX/rtx5/RTX/Config/RTX_Config.o
#        ./BUILD/STEVAL_IDB007V1/IAR/mbed-os/rtos/TARGET_CORTEX/rtx5/RTX/Source/TOOLCHAIN_IAR/TARGET_M0/irq_cm0.o
#        ./BUILD/STEVAL_IDB007V1/IAR/mbed-os/rtos/TARGET_CORTEX/rtx5/RTX/Source/rt_OsEventObserver.o
#        ./BUILD/STEVAL_IDB007V1/IAR/mbed-os/rtos/TARGET_CORTEX/rtx5/RTX/Source/rtx_delay.o
#        ./BUILD/STEVAL_IDB007V1/IAR/mbed-os/rtos/TARGET_CORTEX/rtx5/RTX/Source/rtx_evflags.o
#        ./BUILD/STEVAL_IDB007V1/IAR/mbed-os/rtos/TARGET_CORTEX/rtx5/RTX/Source/rtx_evr.o
#        ./BUILD/STEVAL_IDB007V1/IAR/mbed-os/rtos/TARGET_CORTEX/rtx5/RTX/Source/rtx_kernel.o
#        ./BUILD/STEVAL_IDB007V1/IAR/mbed-os/rtos/TARGET_CORTEX/rtx5/RTX/Source/rtx_lib.o
#        ./BUILD/STEVAL_IDB007V1/IAR/mbed-os/rtos/TARGET_CORTEX/rtx5/RTX/Source/rtx_memory.o
#        ./BUILD/STEVAL_IDB007V1/IAR/mbed-os/rtos/TARGET_CORTEX/rtx5/RTX/Source/rtx_mempool.o
#        ./BUILD/STEVAL_IDB007V1/IAR/mbed-os/rtos/TARGET_CORTEX/rtx5/RTX/Source/rtx_msgqueue.o
#        ./BUILD/STEVAL_IDB007V1/IAR/mbed-os/rtos/TARGET_CORTEX/rtx5/RTX/Source/rtx_mutex.o
#        ./BUILD/STEVAL_IDB007V1/IAR/mbed-os/rtos/TARGET_CORTEX/rtx5/RTX/Source/rtx_semaphore.o
#        ./BUILD/STEVAL_IDB007V1/IAR/mbed-os/rtos/TARGET_CORTEX/rtx5/RTX/Source/rtx_system.o
#        ./BUILD/STEVAL_IDB007V1/IAR/mbed-os/rtos/TARGET_CORTEX/rtx5/RTX/Source/rtx_thread.o
#        ./BUILD/STEVAL_IDB007V1/IAR/mbed-os/rtos/TARGET_CORTEX/rtx5/RTX/Source/rtx_timer.o
#        ./BUILD/STEVAL_IDB007V1/IAR/mbed-os/rtos/TARGET_CORTEX/rtx5/Source/os_systick.o
#        ./BUILD/STEVAL_IDB007V1/IAR/mbed-os/rtos/TARGET_CORTEX/rtx5/Source/os_tick_ptim.o
#        ./BUILD/STEVAL_IDB007V1/IAR/mbed-os/rtos/Thread.o
#        ./BUILD/STEVAL_IDB007V1/IAR/mbed-os/targets/TARGET_STMBLUE/TARGET_BLUENRG1/TARGET_STEVAL_IDB007V1/device/TOOLCHAIN_IAR/startup_bluenrg1.o
#        ./BUILD/STEVAL_IDB007V1/IAR/mbed-os/targets/TARGET_STMBLUE/TARGET_BLUENRG1/TARGET_STEVAL_IDB007V1/device/cmsis_nvic.o
#        ./BUILD/STEVAL_IDB007V1/IAR/mbed-os/targets/TARGET_STMBLUE/TARGET_BLUENRG1/TARGET_STEVAL_IDB007V1/device/system_bluenrg1.o
#        ./BUILD/STEVAL_IDB007V1/IAR/mbed-os/targets/TARGET_STMBLUE/TARGET_BLUENRG1/device/BlueNRG1_adc.o
#        ./BUILD/STEVAL_IDB007V1/IAR/mbed-os/targets/TARGET_STMBLUE/TARGET_BLUENRG1/device/BlueNRG1_dma.o
#        ./BUILD/STEVAL_IDB007V1/IAR/mbed-os/targets/TARGET_STMBLUE/TARGET_BLUENRG1/device/BlueNRG1_flash.o
#        ./BUILD/STEVAL_IDB007V1/IAR/mbed-os/targets/TARGET_STMBLUE/TARGET_BLUENRG1/device/BlueNRG1_gpio.o
#        ./BUILD/STEVAL_IDB007V1/IAR/mbed-os/targets/TARGET_STMBLUE/TARGET_BLUENRG1/device/BlueNRG1_i2c.o
#        ./BUILD/STEVAL_IDB007V1/IAR/mbed-os/targets/TARGET_STMBLUE/TARGET_BLUENRG1/device/BlueNRG1_it.o
#        ./BUILD/STEVAL_IDB007V1/IAR/mbed-os/targets/TARGET_STMBLUE/TARGET_BLUENRG1/device/BlueNRG1_mft.o
#        ./BUILD/STEVAL_IDB007V1/IAR/mbed-os/targets/TARGET_STMBLUE/TARGET_BLUENRG1/device/BlueNRG1_pka.o
#        ./BUILD/STEVAL_IDB007V1/IAR/mbed-os/targets/TARGET_STMBLUE/TARGET_BLUENRG1/device/BlueNRG1_rng.o
#        ./BUILD/STEVAL_IDB007V1/IAR/mbed-os/targets/TARGET_STMBLUE/TARGET_BLUENRG1/device/BlueNRG1_rtc.o
#        ./BUILD/STEVAL_IDB007V1/IAR/mbed-os/targets/TARGET_STMBLUE/TARGET_BLUENRG1/device/BlueNRG1_spi.o
#        ./BUILD/STEVAL_IDB007V1/IAR/mbed-os/targets/TARGET_STMBLUE/TARGET_BLUENRG1/device/BlueNRG1_sysCtrl.o
#        ./BUILD/STEVAL_IDB007V1/IAR/mbed-os/targets/TARGET_STMBLUE/TARGET_BLUENRG1/device/BlueNRG1_uart.o
#        ./BUILD/STEVAL_IDB007V1/IAR/mbed-os/targets/TARGET_STMBLUE/TARGET_BLUENRG1/device/BlueNRG1_wdg.o
#        ./BUILD/STEVAL_IDB007V1/IAR/mbed-os/targets/TARGET_STMBLUE/TARGET_BLUENRG1/device/clock.o
#        ./BUILD/STEVAL_IDB007V1/IAR/mbed-os/targets/TARGET_STMBLUE/TARGET_BLUENRG1/device/misc.o
#        ./BUILD/STEVAL_IDB007V1/IAR/mbed-os/targets/TARGET_STMBLUE/TARGET_BLUENRG1/pin_device.o
#        ./BUILD/STEVAL_IDB007V1/IAR/mbed-os/targets/TARGET_STMBLUE/gpio_api.o
#        ./BUILD/STEVAL_IDB007V1/IAR/mbed-os/targets/TARGET_STMBLUE/mbed_overrides.o
#        ./BUILD/STEVAL_IDB007V1/IAR/mbed-os/targets/TARGET_STMBLUE/pinmap.o
#        ./BUILD/STEVAL_IDB007V1/IAR/mbed-os/targets/TARGET_STMBLUE/serial_api.o
#        ./BUILD/STEVAL_IDB007V1/IAR/mbed-os/targets/TARGET_STMBLUE/spi_api.o
#        ./BUILD/STEVAL_IDB007V1/IAR/mbed-os/targets/TARGET_STMBLUE/us_ticker_api.o
#        ./BLUE1/Bluetooth_LE/library/libbluenrg1_stack.a --config
#        ./mbed-os/targets/TARGET_STMBLUE/TARGET_BLUENRG1/TARGET_STEVAL_IDB007V1/device/TOOLCHAIN_IAR/BLUENRG1.icf)
#
###############################################################################

*******************************************************************************
*** RUNTIME MODEL ATTRIBUTES
***

CppFlavor                     = *
__CPP_Exceptions              = Disabled
__CPP_Language                = C++
__Heap_Handler                = DLMalloc
__SystemLibrary               = DLib
__dlib_dynamic_initialization = postponed
__dlib_has_iterator_debugging = 0


*******************************************************************************
*** PLACEMENT SUMMARY
***

"A0":  place at start of [0x10067000-0x10067fff] {
          block BLOCK_STACKLIB_FLASH_DATA };
"A1":  place at 0x200000c0 { block BLUE };
"A3":  place at start of [0x10040000-0x10066fff] { ro section .intvec };
"A4":  place at 0x20000004 { block ota_sw_activation_block };
"A5":  place at 0x20000008 { block savedMSP_block };
"A6":  place at 0x2000000c { block wakeupFromSleepFlag_block };
"A8":  place at 0x20000030 { block Blue_Flag_Ram_block };
"P2":  place in [from 0x10040000 to 0x10067fff] { ro };
"P3":  place in [from 0x200000c0 to 0x20005fff] { rw, block CSTACK, block HEAP };
initialize by copy { rw };
 { section .bss.__blue_RAM };
 { section .intvec };
 { section .ota_sw_activation };
 { section .savedMSP };
 { section .wakeupFromSleepFlag };
 { section .__blueflag_RAM };

  Section                 Kind        Address     Size  Object
  -------                 ----        -------     ----  ------
"A3":                                             0xc0
  .intvec                 ro code  0x10040000     0xc0  startup_bluenrg1.o [30]
                                 - 0x100400c0     0xc0

"P2", part 1 of 2:                             0x1c2e6
  i.RAL_Isr               ro code  0x100400c0   0x1714  ll_isr.o [35]
  i.Timer_ExpiryCallback  ro code  0x100417d4     0x14  host_timer.o [35]
  i.Is_Flash_Write_On_Going
                          ro code  0x100417e8     0x10  nvm.o [35]
  i.advance_wakeup_timer  ro code  0x100417f8    0x4d4  advance_wakeup_time.o [35]
  i.get_scan_addr         ro code  0x10041ccc     0x2e  rom_ll_isr_routines.o [35]
  .text                   ro code  0x10041cfa     0x1e  main.o [1]
  i.PRIV_u32ProcessAdvPacket
                          ro code  0x10041d18    0x698  ll_privacy.o [35]
  i.get_adv_addr          ro code  0x100423b0     0x2c  rom_ll_isr_routines.o [35]
  i.PRIV_SearchAddrInWhiteList
                          ro code  0x100423dc     0x48  ll_privacy.o [35]
  i.go_to_connect         ro code  0x10042424    0x278  rom_ll_isr_routines.o [35]
  i.cancel_current_master
                          ro code  0x1004269c    0x19c  multi_master_time.o [35]
  i.machine_time_trans    ro code  0x10042838     0x20  rom_ll_timehandling.o [35]
  i.unpack_update_request
                          ro code  0x10042858     0x46  rom_ll_isr_routines.o [35]
  i.unpack_channel_map    ro code  0x1004289e     0x38  rom_ll_isr_routines.o [35]
  i.char_copy             ro code  0x100428d6     0x12  hal.o [35]
  i.LL_receive_data_patch
                          ro code  0x100428e8     0xc4  isr_routines.o [35]
  i.isr_postproc1         ro code  0x100429ac    0x14c  rom_ll_isr_postproc.o [35]
  i.LL_update_proc        ro code  0x10042af8     0x58  rom_ll_isr_routines.o [35]
  i.modulo_37             ro code  0x10042b50     0x18  rom_ll_routines_support.o [35]
  i.advance_slave_timing_MultiSlave
                          ro code  0x10042b68    0x438  multi_master_time.o [35]
  i.set_string            ro code  0x10042fa0     0x10  hal.o [35]
  i.go_to_connect_master  ro code  0x10042fb0    0x198  isr_routines.o [35]
  i.system_time_trans     ro code  0x10043148      0xa  rom_ll_timehandling.o [35]
  i.isr_postproc_encrypt_data
                          ro code  0x10043152     0x16  rom_ll_isr_postproc.o [35]
  i.anchor_replace        ro code  0x10043168     0x50  multi_master_time.o [35]
  i.read_rssi             ro code  0x100431b8     0x70  ll_routines.o [35]
  i.isr_event_handler_patched
                          ro code  0x10043228    0x8bc  ll_routines_master.o [35]
  i.isr_postproc          ro code  0x10043ae4    0x14c  isr_postproc.o [35]
  i.cancel_master         ro code  0x10043c30    0x100  rom_ll_isr_routines.o [35]
  .text                   ro code  0x10043d30     0xe0  I32DivModFast.o [37]
  i.cancel_slave          ro code  0x10043e10     0x98  isr_routines.o [35]
  i.Hal_Get_Random_Number
                          ro code  0x10043ea8     0x28  hal.o [35]
  i.LL_Sleep_Req          ro code  0x10043ed0     0x54  rom_ll_routines_support.o [35]
  i.LL_Update_Advertising_Buffers
                          ro code  0x10043f24     0x44  rom_ll_ll_routines.o [35]
  i.LL_Update_Scanning_Initiating_Buffers
                          ro code  0x10043f68     0x40  rom_ll_ll_routines.o [35]
  .text                   ro code  0x10043fa8     0x16  uread4.o [37]
  .text                   ro code  0x10043fbe      0xa  EventQueue.o [7]
  i.PRIV_u8ResolvePrivateAddress
                          ro code  0x10043fc8     0xf0  ll_privacy.o [35]
  .text                   ro code  0x100440b8     0x28  osal.o [4]
  i.timebase_start_connect
                          ro code  0x100440e0     0x40  multi_master_time.o [35]
  i.is_slave              ro code  0x10044120     0x34  multi_master_time.o [35]
  i.swap_char             ro code  0x10044154      0xa  multi_master_time.o [35]
  i.swap_short_int        ro code  0x1004415e      0xa  multi_master_time.o [35]
  i.set_sca               ro code  0x10044168     0x20  rom_ll_timehandling.o [35]
  i.WindowWiden1          ro code  0x10044188      0xa  rom_ll_timehandling.o [35]
  i.time_offset1          ro code  0x10044192      0xe  rom_ll_timehandling.o [35]
  i.WindowWiden2          ro code  0x100441a0     0x10  rom_ll_timehandling.o [35]
  i.time_offset2          ro code  0x100441b0     0x10  rom_ll_timehandling.o [35]
  i.microseconds_to_machine_time
                          ro code  0x100441c0      0x8  routines_support.o [35]
  i.system_time_trans_ext
                          ro code  0x100441c8     0x2c  rom_ll_timehandling.o [35]
  i.encrypt               ro code  0x100441f4     0x88  rom_ll_routines_support.o [35]
  i.hci_le_enhanced_connection_complete_event_push
                          ro code  0x1004427c     0x90  ll_routines_master.o [35]
  i.hci_le_connection_complete_event_push
                          ro code  0x1004430c     0x78  ll_routines_master.o [35]
  i.hci_encryption_key_refresh_complete_event_push
                          ro code  0x10044384     0x48  ll_routines_master.o [35]
  i.hci_encryption_change_event_push
                          ro code  0x100443cc     0x4c  ll_routines_master.o [35]
  i.Acl_Tx_Cmpl_Pkt_Handler
                          ro code  0x10044418     0x1e  acl.o [35]
  .text                   ro code  0x10044436      0xa  ATCmdParser.o [19]
  i.aci_event_fifo_push_header
                          ro code  0x10044440     0xc8  aci_events.o [35]
  i.aci_event_fifo_push   ro code  0x10044508     0x28  aci_events.o [35]
  i.hci_le_connection_update_complete_event_push
                          ro code  0x10044530     0x58  ll_routines_master.o [35]
  i.hci_le_direct_advertising_report_event_push
                          ro code  0x10044588     0x74  ll_routines_master.o [35]
  i.hci_le_advertising_report_event_push
                          ro code  0x100445fc     0x80  ll_routines_master.o [35]
  i.Reclassify_All_Channels
                          ro code  0x1004467c     0xc0  ll_routines_master.o [35]
  i.Acl_Rcv_Pkt_Handler   ro code  0x1004473c     0x1e  acl.o [35]
  i.Hal_Get_Random_Number32
                          ro code  0x1004475a     0x12  hal.o [35]
  .text                   ro code  0x1004476c      0x2  IntDivZer.o [37]
  .text                   ro code  0x1004476e      0x2  main.o [1]
  i.PRIVWHIT_u8SearchAddrInList
                          ro code  0x10044770     0xa0  ll_privacy.o [35]
  i.LL_Encrypt_Plain_Data
                          ro code  0x10044810     0x54  ll_routines_support.o [35]
  i.PRIVWHIT_u8AddAddrInList
                          ro code  0x10044864    0x1d8  ll_privacy.o [35]
  i.PRIVWHIT_u8RemoveAddrInList
                          ro code  0x10044a3c     0xc8  ll_privacy.o [35]
  .text                   ro code  0x10044b04     0x5c  ABImemcpy.o [37]
  .text                   ro code  0x10044b60     0x58  ABImemset.o [37]
  .text                   ro code  0x10044bb8     0x28  memcmp.o [37]
  i.fifoBuf_getFreeHeader
                          ro code  0x10044be0     0x6a  aci_events.o [35]
  i.AES128ECB_Wrapper     ro code  0x10044c4a     0x7e  aes128cmac.o [35]
  i.AES_keyschedule_enc   ro code  0x10044cc8     0x36  crypto.o [35]
  .text                   ro code  0x10044cfe      0x2  main.o [1]
  i.AES_general_SW_enc    ro code  0x10044d00    0x268  crypto.o [35]
  i.AES_keyschedule_enc_LL
                          ro code  0x10044f68    0x15c  crypto.o [35]
  .text                   ro code  0x100450c4   0x16b8  dlmalloc.o [33]
  .text                   ro code  0x1004677c      0xa  abort.o [33]
  .text                   ro code  0x10046786      0x2  EventQueue.o [7]
  .text                   ro code  0x10046788     0x2c  xgetmemchunk.o [33]
  .text                   ro code  0x100467b4     0x3c  xsyslock.o [33]
  .text                   ro code  0x100467f0      0xc  XXexit.o [37]
  .text                   ro code  0x100467fc    0x164  xsyslock_mtx.o [33]
  .text                   ro code  0x10046960    0x23a  mbed_boot.o [21]
  .text                   ro code  0x10046b9a      0x2  GenericGattClient.o [10]
  .text                   ro code  0x10046b9c    0x894  rtx_thread.o [24]
  .text                   ro code  0x10047430     0x28  mbed_error.o [19]
  .text                   ro code  0x10047458    0x348  rtx_kernel.o [24]
  .text                   ro code  0x100477a0    0x420  rtx_mutex.o [24]
  .text                   ro code  0x10047bc0     0x1c  dynamic_init.o [37]
  .text                   ro code  0x10047bdc    0x394  main.o [1]
  .text                   ro code  0x10047f70      0x4  low_level_init.o [33]
  .text                   ro code  0x10047f74     0x28  data_init.o [37]
  .text                   ro code  0x10047f9c      0x2  mbed_overrides.o [27]
  .text                   ro code  0x10047f9e      0x2  rtx_evr.o [24]
  .text                   ro code  0x10047fa0      0x2  rtx_evr.o [24]
  .text                   ro code  0x10047fa2      0x2  rtx_evr.o [24]
  .text                   ro code  0x10047fa4      0x2  rtx_evr.o [24]
  .text                   ro code  0x10047fa6      0x2  rtx_evr.o [24]
  .text                   ro code  0x10047fa8      0x2  rtx_evr.o [24]
  .text                   ro code  0x10047faa      0x2  rtx_evr.o [24]
  .text                   ro code  0x10047fac      0x2  rtx_evr.o [24]
  .text                   ro code  0x10047fae      0x2  rtx_evr.o [24]
  .text                   ro code  0x10047fb0      0x2  rtx_evr.o [24]
  .text                   ro code  0x10047fb2      0x2  rtx_evr.o [24]
  .text                   ro code  0x10047fb4      0x2  rtx_evr.o [24]
  .text                   ro code  0x10047fb6      0x2  rtx_evr.o [24]
  .text                   ro code  0x10047fb8     0xcc  rtx_mempool.o [24]
  .text                   ro code  0x10048084     0x70  rtx_memory.o [24]
  .text                   ro code  0x100480f4     0x4e  rtx_memory.o [24]
  .text                   ro code  0x10048142      0x2  rtx_evr.o [24]
  .text                   ro code  0x10048144      0x2  rtx_evr.o [24]
  .text                   ro code  0x10048146      0x2  rtx_evr.o [24]
  .text                   ro code  0x10048148      0x2  rtx_evr.o [24]
  .text                   ro code  0x1004814a      0x2  rtx_evr.o [24]
  .text                   ro code  0x1004814c      0x2  rtx_evr.o [24]
  .text                   ro code  0x1004814e      0x2  ATCmdParser.o [19]
  .text                   ro code  0x10048150    0x284  mbed_rtx_handlers.o [21]
  .text                   ro code  0x100483d4     0x64  mbed_board.o [19]
  .text                   ro code  0x10048438    0x3ac  mbed_retarget.o [19]
  .text                   ro code  0x100487e4      0x2  rtx_evr.o [24]
  .text                   ro code  0x100487e6     0x3e  rtx_memory.o [24]
  .text                   ro code  0x10048824      0x2  rtx_evr.o [24]
  .text                   ro code  0x10048826      0x2  rtx_evr.o [24]
  .text                   ro code  0x10048828     0x4c  os_systick.o [26]
  .text                   ro code  0x10048874      0x6  os_systick.o [26]
  .text                   ro code  0x1004887a      0x2  Stream.o [19]
  .text                   ro code  0x1004887c     0x30  os_systick.o [26]
  .text                   ro code  0x100488ac      0x2  rtx_evr.o [24]
  .text                   ro code  0x100488ae      0x2  rtx_evr.o [24]
  .text                   ro code  0x100488b0      0x2  rtx_evr.o [24]
  .text                   ro code  0x100488b2      0x2  rtx_evr.o [24]
  .text                   ro code  0x100488b4      0x2  rtx_evr.o [24]
  .text                   ro code  0x100488b6      0x2  rtx_evr.o [24]
  .text                   ro code  0x100488b8      0x2  rtx_evr.o [24]
  .text                   ro code  0x100488ba      0x2  rtx_evr.o [24]
  .text                   ro code  0x100488bc      0x2  rtx_evr.o [24]
  .text                   ro code  0x100488be      0x2  rtx_evr.o [24]
  .text                   ro code  0x100488c0      0x2  rtx_evr.o [24]
  .text                   ro code  0x100488c2      0x2  rtx_evr.o [24]
  .text                   ro code  0x100488c4      0x2  rtx_evr.o [24]
  .text                   ro code  0x100488c6      0x2  rtx_evr.o [24]
  .text                   ro code  0x100488c8     0x18  cppinit.o [33]
  .text                   ro code  0x100488e0     0x5e  Serial.o [6]
  .text                   ro code  0x1004893e     0x6e  mbed_gpio.o [18]
  .text                   ro code  0x100489ac    0x138  SPI.o [6]
  .text                   ro code  0x10048ae4    0x96c  Blue1.o [2]
  .text                   ro code  0x10049450     0x34  EventQueue.o [7]
  .text                   ro code  0x10049484     0x8c  gpio_api.o [27]
  .text                   ro code  0x10049510    0x1a0  BLE.o [9]
  .text                   ro code  0x100496b0     0x30  main.o [1]
  .text                   ro code  0x100496e0    0x3d8  equeue.o [8]
  .text                   ro code  0x10049ab8     0x18  CallChain.o [19]
  .text                   ro code  0x10049ad0     0x1a  main.o [1]
  .text                   ro code  0x10049aea      0x2  Stream.o [19]
  .text                   ro code  0x10049aec     0x24  printf.o [33]
  .text                   ro code  0x10049b10     0x20  main.o [1]
  .text                   ro code  0x10049b30     0x16  main.o [1]
  .text                   ro code  0x10049b46      0x2  startup_bluenrg1.o [30]
  .text                   ro code  0x10049b48     0x98  main.o [1]
  .text                   ro code  0x10049be0     0x30  main.o [1]
  .text                   ro code  0x10049c10     0x4c  main.o [1]
  .text                   ro code  0x10049c5c     0x20  main.o [1]
  .text                   ro code  0x10049c7c     0x20  main.o [1]
  .text                   ro code  0x10049c9c     0x16  BLE.o [9]
  .text                   ro code  0x10049cb2      0x2  rtx_evr.o [24]
  .text                   ro code  0x10049cb4      0x2  rtx_evr.o [24]
  .text                   ro code  0x10049cb6      0x2  rtx_evr.o [24]
  .text                   ro code  0x10049cb8      0x2  rtx_evr.o [24]
  .text                   ro code  0x10049cba      0x2  rtx_evr.o [24]
  .text                   ro code  0x10049cbc     0x24  mbed_rtx_idle.o [21]
  .text                   ro code  0x10049ce0     0x1c  Thread.o [20]
  .text                   ro code  0x10049cfc     0x68  mbed_critical.o [19]
  .text                   ro code  0x10049d64     0x3c  vsnprint.o [33]
  .text                   ro code  0x10049da0     0xe8  serial_api.o [27]
  .text                   ro code  0x10049e88     0x40  mbed_critical.o [19]
  .text                   ro code  0x10049ec8     0x22  strcmp.o [37]
  .text                   ro code  0x10049eea      0x2  startup_bluenrg1.o [30]
  .text                   ro code  0x10049eec     0x50  mbed_rtc_time.o [19]
  .text                   ro code  0x10049f3c     0xb0  Mutex.o [20]
  .text                   ro code  0x10049fec     0x10  errno.o [33]
  .text                   ro code  0x10049ffc     0xa4  FilePath.o [19]
  .text                   ro code  0x1004a0a0     0xf4  mbed_board.o [19]
  .text                   ro code  0x1004a194     0xb0  setvbuf.o [33]
  .text                   ro code  0x1004a244     0x2a  fopen.o [33]
  .text                   ro code  0x1004a26e      0x2  rtx_evr.o [24]
  .text                   ro code  0x1004a270     0xf0  SerialBase.o [6]
  .text                   ro code  0x1004a360     0xc8  Stream.o [19]
  .text                   ro code  0x1004a428    0x1f0  spi_api.o [27]
  .text                   ro code  0x1004a618     0x32  I32ToFlt.o [36]
  .text                   ro code  0x1004a64a     0xb0  FltMul.o [36]
  .text                   ro code  0x1004a6fa    0x116  FltAddSub.o [36]
  .text                   ro code  0x1004a810     0x32  FltToDbl.o [36]
  .text                   ro code  0x1004a842      0x2  startup_bluenrg1.o [30]
  i.BlueNRG_Stack_Initialization
                          ro code  0x1004a844     0x30  bluenrg_main_func.o [35]
  i.aci_hal_write_config_data
                          ro code  0x1004a874      0x8  bluenrg_hal_aci.o [35]
  i.aci_hal_set_tx_power_level
                          ro code  0x1004a87c      0x8  bluenrg_hal_aci.o [35]
  i.aci_gatt_init         ro code  0x1004a884      0x8  bluenrg_gatt_aci.o [35]
  i.aci_gap_init          ro code  0x1004a88c     0x30  bluenrg_gap_aci.o [35]
  i.aci_gatt_update_char_value
                          ro code  0x1004a8bc     0x14  bluenrg_gatt_aci.o [35]
  i.aci_gap_set_authentication_requirement
                          ro code  0x1004a8d0     0x7c  bluenrg_gap_aci.o [35]
  .text                   ro code  0x1004a94c    0x430  gatt_db.o [3]
  i.HAL_VTimerStart_ms    ro code  0x1004ad7c     0x1a  host_timer.o [35]
  i.hci_le_set_scan_response_data
                          ro code  0x1004ad96     0x16  hci.o [35]
  i.aci_gap_set_discoverable
                          ro code  0x1004adac     0x42  bluenrg_gap_aci.o [35]
  .text                   ro code  0x1004adee      0x2  startup_bluenrg1.o [30]
  i.BTLE_StackTick        ro code  0x1004adf0     0x8c  bluenrg_main_func.o [35]
  .text                   ro code  0x1004ae7c     0x34  I32ToDbl.o [36]
  .text                   ro code  0x1004aeb0    0x184  DblMul.o [36]
  .text                   ro code  0x1004b034     0x52  DblToI32.o [36]
  .text                   ro code  0x1004b086      0x2  startup_bluenrg1.o [30]
  .text                   ro code  0x1004b088     0x3a  FltToS32.o [36]
  .text                   ro code  0x1004b0c2      0x2  startup_bluenrg1.o [30]
  .text                   ro code  0x1004b0c4     0x30  EventQueue.o [7]
  .text                   ro code  0x1004b0f4     0xe6  BlueNRG1_gpio.o [31]
  .text                   ro code  0x1004b1da      0x2  startup_bluenrg1.o [30]
  .text                   ro code  0x1004b1dc     0x18  BlueNRG1_sysCtrl.o [31]
  .text                   ro code  0x1004b1f4      0xc  pin_device.o [28]
  .text                   ro code  0x1004b200     0x10  BLE.o [9]
  .text                   ro code  0x1004b210     0x2a  cxxabiguard.o [34]
  .text                   ro code  0x1004b23a      0x8  main.o [1]
  .text                   ro code  0x1004b242      0x2  startup_bluenrg1.o [30]
  .text                   ro code  0x1004b244    0x15c  equeue_mbed.o [8]
  .text                   ro code  0x1004b3a0    0xece  xprintffull_nomb.o [33]
  .text                   ro code  0x1004c26e     0x1a  GenericGattClient.o [10]
  .text                   ro code  0x1004c288     0x20  main.o [1]
  .text                   ro code  0x1004c2a8     0x20  main.o [1]
  .text                   ro code  0x1004c2c8     0xc6  main.o [1]
  .text                   ro code  0x1004c38e     0x50  main.o [1]
  .text                   ro code  0x1004c3de      0x4  mbed_sleep_manager.o [18]
  .text                   ro code  0x1004c3e2      0x2  startup_bluenrg1.o [30]
  .text                   ro code  0x1004c3e4     0x4c  rtx_delay.o [24]
  .text                   ro code  0x1004c430     0x54  mbed_assert.o [19]
  .text                   ro code  0x1004c484    0x1c8  BlueNRG1_uart.o [31]
  .text                   ro code  0x1004c64c      0x2  xtls.o [33]
  .text                   ro code  0x1004c64e      0x2  startup_bluenrg1.o [30]
  .text                   ro code  0x1004c650     0xac  FileBase.o [19]
  .text                   ro code  0x1004c6fc     0x52  mbed_wait_api_rtos.o [19]
  .text                   ro code  0x1004c74e      0x2  startup_bluenrg1.o [30]
  .text                   ro code  0x1004c750     0xe8  xfofind.o [33]
  .text                   ro code  0x1004c838    0x12c  xfoprep.o [33]
  .text                   ro code  0x1004c964     0x22  cxxabi.o [34]
  .text                   ro code  0x1004c986      0x2  startup_bluenrg1.o [30]
  .text                   ro code  0x1004c988     0x30  mbed_shared_queues.o [7]
  .text                   ro code  0x1004c9b8     0x12  SerialBase.o [6]
  .text                   ro code  0x1004c9ca      0x8  FileHandle.o [19]
  .text                   ro code  0x1004c9d2      0x2  startup_bluenrg1.o [30]
  .text                   ro code  0x1004c9d4    0x128  BlueNRG1_spi.o [31]
  i.BlueNRG_Stack_Initialize_RAM_check
                          ro code  0x1004cafc     0x64  bluenrg_main_func.o [35]
  i._BlueNRG_Stack_Initialization
                          ro code  0x1004cb60     0x94  bluenrg_main_func.o [35]
  i.HAL_Write_ConfigData  ro code  0x1004cbf4     0x68  hal.o [35]
  i.HAL_Set_TX_Power_Level
                          ro code  0x1004cc5c     0x44  hal.o [35]
  i.Gatt_Server_Init      ro code  0x1004cca0    0x190  gatt_server.o [35]
  i.GAP_Init              ro code  0x1004ce30    0x1f8  gap.o [35]
  i.Gatt_Update_Charac_Value
                          ro code  0x1004d028     0x64  gatt_server.o [35]
  i.SM_Set_Authentication_req
                          ro code  0x1004d08c     0x80  sm_common.o [35]
  i.aci_gatt_add_service  ro code  0x1004d10c     0x36  bluenrg_gatt_aci.o [35]
  i.aci_gatt_add_char     ro code  0x1004d142     0x3e  bluenrg_gatt_aci.o [35]
  i.aci_gatt_add_char_desc
                          ro code  0x1004d180     0x50  bluenrg_gatt_aci.o [35]
  i.aci_gatt_allow_read   ro code  0x1004d1d0      0xc  bluenrg_gatt_aci.o [35]
  i.HAL_VTimerGetCurrentTime_sysT32
                          ro code  0x1004d1dc     0x12  host_timer.o [35]
  i.hci_data_buffer_overflow_event_cb
                          ro code  0x1004d1ee      0x2  aci_events.o [35]
  i.HAL_VTimerAcc_sysT32_ms
                          ro code  0x1004d1f0     0x24  host_timer.o [35]
  i.HAL_VTimerStart_sysT32
                          ro code  0x1004d214     0x1a  host_timer.o [35]
  i.LL_Set_Scan_Resp_Data
                          ro code  0x1004d230     0x60  rom_ll_ll_routines.o [35]
  i._aci_gap_set_discoverable_param_check
                          ro code  0x1004d290     0x6c  bluenrg_gap_aci.o [35]
  i.GAP_Set_Discoverable_Mode
                          ro code  0x1004d2fc     0x38  gap.o [35]
  i.Timer_ProcessQ        ro code  0x1004d334    0x144  host_timer.o [35]
  i.hci_acl_Process_Q     ro code  0x1004d478     0x64  hci.o [35]
  i.Controller_Process_Q  ro code  0x1004d4dc      0xc  hci.o [35]
  i.Events_Process_Q      ro code  0x1004d4e8    0x120  aci_events.o [35]
  i.BlueNRG_Stack_Perform_Crystal_Check
                          ro code  0x1004d608     0xb8  bluenrg_main_func.o [35]
  i.patch_advance_transmit
                          ro code  0x1004d6c0     0x44  routines_support.o [35]
  i.GAP_Process_Q         ro code  0x1004d704     0x70  gap.o [35]
  i.Gatt_Process_Q        ro code  0x1004d774    0x160  gatt_server.o [35]
  i.SMP_Process_Q         ro code  0x1004d8d4    0x114  securitymgr.o [35]
  .text                   ro code  0x1004d9e8     0xdc  Timer.o [6]
  .text                   ro code  0x1004dac4     0x56  TimerEvent.o [6]
  .text                   ro code  0x1004db1a     0x62  Ticker.o [6]
  .text                   ro code  0x1004db7c    0x3a8  rtx_evflags.o [24]
  .text                   ro code  0x1004df24     0x14  strchr.o [37]
  .text                   ro code  0x1004df38     0x10  strlen.o [37]
  .text                   ro code  0x1004df48     0x18  memchr.o [37]
  .text                   ro code  0x1004df60     0x6a  I64DivMod.o [37]
  .text                   ro code  0x1004dfca     0x32  DblCmpLe.o [36]
  .text                   ro code  0x1004dffc     0x32  DblCmpGe.o [36]
  .text                   ro code  0x1004e030     0x80  xdscale.o [36]
  .text                   ro code  0x1004e0b0    0x1a8  DblAddSub.o [36]
  .text                   ro code  0x1004e258     0xc2  DblDiv.o [36]
  .text                   ro code  0x1004e31c     0x68  localeconv.o [33]
  .text                   ro code  0x1004e384     0x20  div.o [33]
  .text                   ro code  0x1004e3a4      0x2  rtx_evr.o [24]
  .text                   ro code  0x1004e3a6     0x2c  strncmp.o [33]
  .text                   ro code  0x1004e3d4      0xc  mbed_us_ticker_api.o [18]
  .text                   ro code  0x1004e3e0    0x380  mbed_ticker_api.o [18]
  .text                   ro code  0x1004e760     0x60  xfopen.o [33]
  .text                   ro code  0x1004e7c0     0x7e  fclose.o [33]
  i.Dynamic_allocator     ro code  0x1004e840    0x270  mem_alloc.o [35]
  i.Dynamic_allocator_noRet
                          ro code  0x1004eab0      0x2  mem_alloc.o [35]
  i.BlueNRG_Stack_Initialize_RAM
                          ro code  0x1004eab4     0x2c  bluenrg_main_func.o [35]
  .text                   ro code  0x1004eae0     0xf4  BlueNRG1_pka.o [31]
  i.BlueNRG_Stack_Initialize_ConfigData
                          ro code  0x1004ebd4     0x48  bluenrg_main_func.o [35]
  i.BlueNRG_Stack_Initialize_Layers
                          ro code  0x1004ec1c     0x8c  bluenrg_main_func.o [35]
  i.PRIVWHIT_vInit_Struct
                          ro code  0x1004eca8     0x78  ll_privacy.o [35]
  i.SMP_Force_SC_Debug_Key_Usage
                          ro code  0x1004ed20     0x20  smp_scv42_isap.o [35]
  i.acl_list_init         ro code  0x1004ed40     0x12  acl_list.o [35]
  i.List_Circular_Insert_Tail
                          ro code  0x1004ed52      0xe  rom_list.o [35]
  i.GATT_Server_Set_Flag  ro code  0x1004ed60     0x14  gatt_server.o [35]
  i.Gatt_Add_Service      ro code  0x1004ed74    0x150  gatt_server.o [35]
  i.Gatt_Add_Characteristic
                          ro code  0x1004eec4    0x330  gatt_server.o [35]
  i.IDD_Initialize_Device_IDs
                          ro code  0x1004f1f4    0x12c  device_id_data.o [35]
  i.Get_StaticRandAddr    ro code  0x1004f320     0x14  rom_gap_rom.o [35]
  i.LL_LE_Set_Resolvable_Private_Address_Timeout
                          ro code  0x1004f334     0x1c  ll_privacy.o [35]
  i.hci_le_set_event_mask
                          ro code  0x1004f350     0x24  hci.o [35]
  i.LL_SetAddressResolutionEnable
                          ro code  0x1004f374      0x8  routines_support.o [35]
  i.Search_Service_Handle
                          ro code  0x1004f37c     0x28  gatt_server.o [35]
  i.Search_Handle         ro code  0x1004f3a4     0x1e  rom_gatt_server.o [35]
  i.Gatt_Update_Charac_Value_Ext
                          ro code  0x1004f3c4    0x308  gatt_server.o [35]
  i._load_uuid            ro code  0x1004f6cc     0x26  bluenrg_gatt_aci.o [35]
  i.Gatt_Add_Charac_Desc  ro code  0x1004f6f4    0x15c  gatt_server.o [35]
  i.Gatt_Appl_Auth_For_Read
                          ro code  0x1004f850     0xfc  gatt_server.o [35]
  i.Timer_sysTime32_convMachineTime
                          ro code  0x1004f94c     0x20  host_timer.o [35]
  i.Timer_StartOneShot_sysTime32
                          ro code  0x1004f96c     0x70  host_timer.o [35]
  i._gap_set_discoverable_connectable
                          ro code  0x1004f9dc    0x16c  gap.o [35]
  i.TimerCallback         ro code  0x1004fb48     0x7c  host_timer.o [35]
  i.List_Circular_Remove_Node
                          ro code  0x1004fbc4     0x20  rom_list.o [35]
  i.acl_list_is_empty     ro code  0x1004fbe4     0x10  acl_list.o [35]
  i.Acl_Transmit_Data     ro code  0x1004fbf4     0x48  acl.o [35]
  i.acl_list_remove       ro code  0x1004fc3c     0x20  acl_list.o [35]
  i.PRIV_u8OfflineProcessing
                          ro code  0x1004fc5c    0x1f8  ll_privacy.o [35]
  i.PKA_Offline_Processing
                          ro code  0x1004fe54     0xbc  hci.o [35]
  i.hci_hardware_error_event
                          ro code  0x1004ff10      0x2  aci_events.o [35]
  i.hal_radio_activity_state_callback_check
                          ro code  0x1004ff14     0x34  hal.o [35]
  i.BlueNRG_Start_Crystal_Measurement
                          ro code  0x1004ff48     0x1c  bluenrg_main_func.o [35]
  i.set_freq              ro code  0x1004ff64     0x7c  rom_ll_timehandling.o [35]
  i.advance_transmit      ro code  0x1004ffe0     0xb8  rom_ll_routines_support.o [35]
  i.Timer_StopOneShot     ro code  0x10050098     0x54  host_timer.o [35]
  i.aci_gap_limited_discoverable_event_push
                          ro code  0x100500ec     0x40  gap.o [35]
  i.Gatt_Read_Charac_By_Uuid
                          ro code  0x1005012c     0x88  gatt_client.o [35]
  i.Gatt_Reset_To_Closed_State
                          ro code  0x100501b4     0xc0  gatt_server.o [35]
  i.SMP_Forget_Device_by_ConnHandle
                          ro code  0x10050274     0x1c  sm_common.o [35]
  i.SMP_Check_Is_Device_Bonded
                          ro code  0x10050290     0x48  sm_common.o [35]
  i.Check_For_Service_Change
                          ro code  0x100502d8    0x30c  gatt_server.o [35]
  i.GATT_Clear_Flag       ro code  0x100505e4      0x8  rom_att.o [35]
  i.Process_Peer_Server_Data
                          ro code  0x100505ec    0x210  gatt_server.o [35]
  i.Process_Peer_Client_Data
                          ro code  0x100507fc    0x228  gatt_server.o [35]
  i.acl_list_remove_head  ro code  0x10050a24     0x20  acl_list.o [35]
  i.L2C_Send_Data         ro code  0x10050a44     0x2c  l2cap.o [35]
  i.acl_list_insert_tail  ro code  0x10050a70     0x20  acl_list.o [35]
  i.hci_le_read_local_p256_public_key
                          ro code  0x10050a90     0x5c  hci.o [35]
  i.sm_Get_Long_Term_Key  ro code  0x10050aec     0x90  securitymgr.o [35]
  i.LL_Get_LTK            ro code  0x10050b7c     0xd4  ll_routines_support.o [35]
  i.smp_Execute_Actions_wrt_Current_State
                          ro code  0x10050c50    0x26c  securitymgr.o [35]
  i.SM_Get_Remote_Device_Info
                          ro code  0x10050ebc     0x48  sm_common.o [35]
  i.smp_Process_Rx_Packet_wrt_Current_State
                          ro code  0x10050f04    0x178  securitymgr.o [35]
  i.smp____Pairing_Process_Abort
                          ro code  0x1005107c     0xbc  securitymgr.o [35]
  i.smp_Process_Rx_Packet_Exception_Cases
                          ro code  0x10051138     0xb4  securitymgr.o [35]
  i.acl_list_insert_head  ro code  0x100511ec     0x20  acl_list.o [35]
  i.PM_Release_Pckt       ro code  0x1005120c     0x5c  pm.o [35]
  .text                   ro code  0x10051268     0x14  memset.o [33]
  .text                   ro code  0x1005127c      0x2  rtx_evr.o [24]
  .text                   ro code  0x1005127e      0x2  rtx_evr.o [24]
  .text                   ro code  0x10051280      0x2  rtx_evr.o [24]
  .text                   ro code  0x10051282      0x2  rtx_evr.o [24]
  .text                   ro code  0x10051284      0x2  rtx_evr.o [24]
  .text                   ro code  0x10051286      0x2  rtx_evr.o [24]
  .text                   ro code  0x10051288      0x2  rtx_evr.o [24]
  .text                   ro code  0x1005128a      0x2  rtx_evr.o [24]
  .text                   ro code  0x1005128c    0x160  rtx_system.o [24]
  .text                   ro code  0x100513ec      0x2  rtx_evr.o [24]
  .text                   ro code  0x100513f0      0x2  I64DivZer.o [37]
  .text                   ro code  0x100513f4     0x22  I64Shl.o [37]
  .text                   ro code  0x10051418     0x32  I64Mul.o [37]
  .text                   ro code  0x1005144c     0xb4  fflush.o [33]
  i.Mem_assign            ro code  0x10051500     0x16  mem_alloc.o [35]
  i.mem_alloc_ctx_init    ro code  0x10051518     0xa8  mem_alloc.o [35]
  i.hal_get_hw_version    ro code  0x100515c0     0x20  hal.o [35]
  i.Timer_Init            ro code  0x100515e0     0x34  host_timer.o [35]
  i.LL_Init               ro code  0x10051614    0x180  rom_ll_ll_routines.o [35]
  i.PM_Init               ro code  0x10051794     0x70  pm.o [35]
  i.Acl_Init              ro code  0x10051804     0x34  acl.o [35]
  i.L2C_Init              ro code  0x10051838     0x44  l2cap.o [35]
  i.SMP_Init              ro code  0x1005187c     0x70  sm_common.o [35]
  i.GAP_Init_Context      ro code  0x100518ec     0x14  gap.o [35]
  i.HCI_Init              ro code  0x10051900     0x54  hci.o [35]
  i.HAL_Init              ro code  0x10051954     0x18  hal.o [35]
  i.Events_Process_init   ro code  0x1005196c     0x50  aci_events.o [35]
  i.smp____SC_is_any_other_SC_Pairing_Ongoing
                          ro code  0x100519bc     0x38  smp_scv42_isap.o [35]
  i.smp____SC_initialize  ro code  0x100519f4     0x58  smp_scv42_isap.o [35]
  i.Gatt_Server_Db_Check  ro code  0x10051a4c     0x4c  gatt_server.o [35]
  i.List_Circular_Get_Size
                          ro code  0x10051a98     0x12  rom_list.o [35]
  i.Ind_Service_Change_Charac
                          ro code  0x10051aac     0x44  gatt_server.o [35]
  i.Get_GAP_Handle        ro code  0x10051af0     0x10  rom_gap_rom.o [35]
  i.GAP_Notify_Add_Charac
                          ro code  0x10051b00     0x98  rom_gap_rom.o [35]
  i.Check_Encry_Key_Size  ro code  0x10051b98     0x18  rom_gatt_server.o [35]
  i.HAL_Generate_Random_Bytes_To
                          ro code  0x10051bb0     0x20  hal.o [35]
  i.HAL_Flash_Store_Data  ro code  0x10051bd0     0x50  hal.o [35]
  .text                   ro code  0x10051c20     0x3c  BlueNRG1_flash.o [31]
  i.is_Buffer_All_Set_To  ro code  0x10051c5c     0x1e  utils.o [35]
  i.LL_LE_Set_Address_Resolution_Enable
                          ro code  0x10051c7c     0x24  ll_privacy.o [35]
  i.PM_Get_Pckt           ro code  0x10051ca0     0x80  pm.o [35]
  i.PM_Extend_Pckt_Pdu_Size
                          ro code  0x10051d20     0x36  pm.o [35]
  i.Build_Notif_Or_Ind    ro code  0x10051d56     0x46  gatt_server.o [35]
  i.Send_Notif_Or_Ind     ro code  0x10051d9c     0x7c  gatt_server.o [35]
  i.__ARM_common_switch8  ro code  0x10051e18     0x1a  rom_ll_routines_support.o [35]
  i.Gatt_Add_Descriptor   ro code  0x10051e34    0x150  gatt_server.o [35]
  i.Find_Gatt_Client      ro code  0x10051f84     0x40  gatt_client.o [35]
  i.acl_list_get_pckt_count
                          ro code  0x10051fc4      0x4  acl_list.o [35]
  i.Send_Error_Resp       ro code  0x10051fc8     0x30  rom_att.o [35]
  i.Read_Resp             ro code  0x10051ff8    0x146  att.o [35]
  i.Read_Blob_Resp        ro code  0x1005213e    0x160  att.o [35]
  i.Read_Multi_Resp       ro code  0x100522a0    0x1a4  att.o [35]
  i.Read_By_Type_Resp     ro code  0x10052444    0x344  att.o [35]
  i.PM_Set_ConnHandle     ro code  0x10052788      0xc  pm.o [35]
  i.GATT_Set_Flag         ro code  0x10052794      0x8  rom_att.o [35]
  i.List_Circular_Remove_Head
                          ro code  0x1005279c     0x1a  rom_list.o [35]
  i.LL_Enable_Disable_Adv
                          ro code  0x100527b8    0x1cc  rom_ll_ll_routines.o [35]
  i.GAP_Privacy1v2        ro code  0x10052984    0x1c8  rom_gap.o [35]
  i.gapClearAllModeFlags  ro code  0x10052b4c     0x14  gap.o [35]
  i.advParamsCheckAndSet  ro code  0x10052b60     0x78  gap.o [35]
  i.setGapAdvData         ro code  0x10052bd8    0x100  gap.o [35]
  i.LL_Set_Adv_Params     ro code  0x10052cd8    0x2ec  rom_ll_ll_routines.o [35]
  i.GAP_LimDiscTimeoutcb  ro code  0x10052fc4     0x2c  gap.o [35]
  i.GAP_PrivateAddrTimercb
                          ro code  0x10052ff0     0x44  rom_gap.o [35]
  i.GATT_TimeOut_Handler  ro code  0x10053034     0x1a  gatt_server.o [35]
  i.L2C_SigChan_Req_TimeOut_Handler
                          ro code  0x10053050     0x4c  l2cap.o [35]
  i.SMP_Timer_cb          ro code  0x1005309c     0x50  sm_common.o [35]
  i.SMP_Repeated_Attacks_Timer_cb
                          ro code  0x100530ec     0x78  sm_common.o [35]
  i.GAP_DiscProcTimeoutcb
                          ro code  0x10053164     0x48  gap.o [35]
  i.List_Circular_Node_Present
                          ro code  0x100531ac     0x16  rom_list.o [35]
  i.Acl_Transmit_Packet   ro code  0x100531c2     0x16  acl.o [35]
  i.PM_Get_Fragments_Count
                          ro code  0x100531d8     0x12  pm.o [35]
  i.PKA_Get_Current_Operation
                          ro code  0x100531ec     0x14  pka.o [35]
  i.hci_le_read_local_p256_public_key_complete_event_push
                          ro code  0x10053200     0x58  hci.o [35]
  i.hci_le_generate_dhkey_complete_event_push
                          ro code  0x10053258     0x54  hci.o [35]
  i.hal_read_radio_activity_state
                          ro code  0x100532ac     0x40  hal.o [35]
  i.Check_Flags           ro code  0x100532ec     0x38  gatt_client.o [35]
  i.Att_Send_Read_By_Typ_Req_Pdu
                          ro code  0x10053324     0x7c  rom_att.o [35]
  i.Gatt_Flush_Pending_AclPacket_Lists
                          ro code  0x100533a0     0x74  gatt_server.o [35]
  i.Gatt_Find_Timed_Out_Connection_Index
                          ro code  0x10053414     0x38  gatt_server.o [35]
  i.Gatt_Store_Server_Database_And_Reset_CCCD
                          ro code  0x1005344c    0x150  gatt_server.o [35]
  i.SDB_Find_Record       ro code  0x1005359c     0xcc  sdb.o [35]
  i.SDB_Read_Peer_Bonded_Data
                          ro code  0x10053668     0x22  sdb.o [35]
  i.Fetch_Handle          ro code  0x1005368a     0x3c  rom_gatt_server.o [35]
  i.Find_Attr_Index       ro code  0x100536c8     0x50  gatt_server.o [35]
  i.Stop_Gatt_Timer       ro code  0x10053718     0x1c  rom_gatt_server.o [35]
  i.Start_Gatt_Timer      ro code  0x10053734     0x24  rom_gatt_server.o [35]
  i.L2CAP_Get_PDU_Len     ro code  0x10053758      0xe  l2cap.o [35]
  i.PM_Copy_Pckt_Data     ro code  0x10053766     0x14  pm.o [35]
  i.Exchg_Mtu_Resp        ro code  0x1005377c     0xb4  rom_att.o [35]
  i.Find_Info_Resp        ro code  0x10053830    0x206  rom_att.o [35]
  i.Find_By_Type_Val_Resp
                          ro code  0x10053a38    0x2a0  att.o [35]
  i.Read_By_Grp_Type_Resp
                          ro code  0x10053cd8    0x360  att.o [35]
  i.Write_Resp            ro code  0x10054038    0x14a  att.o [35]
  i.Prepare_Write_Resp    ro code  0x10054184    0x194  att.o [35]
  i.Exec_Write_Resp       ro code  0x10054318    0x258  att.o [35]
  i.Write_Cmd             ro code  0x10054570    0x132  att.o [35]
  i.PKA_Generate_ECDH_Public_Key
                          ro code  0x100546a4     0xc4  pka.o [35]
  i.SMA_GenEDIV_RecovDIV  ro code  0x10054768     0x7c  ssm_algo.o [35]
  i.SDB_Find_Matching_LTK
                          ro code  0x100547e4     0xa8  rom_sdb.o [35]
  i.SMA_Diversify         ro code  0x1005488c     0x2e  ssm_algo.o [35]
  i.get_connection_no     ro code  0x100548bc     0x84  multi_master_time.o [35]
  i.smp____MI_PairingConfirm_Receive
                          ro code  0x10054940     0x56  securitymgr.o [35]
  i.GapIsPrivacySupported
                          ro code  0x10054998     0x14  rom_gap.o [35]
  i.SDB_Get_Number_Of_Records
                          ro code  0x100549ac     0x44  rom_sdb.o [35]
  i.smp____SC_Phase_2AS2_Start
                          ro code  0x100549f0     0xb4  smp_scv42_isap.o [35]
  i.smp____PairingFailed_Send
                          ro code  0x10054aa4     0x30  securitymgr.o [35]
  i.smp_Keys_Distribution_Start
                          ro code  0x10054ad4     0x36  sm_common.o [35]
  i.smp_Keys_Distribution_Send
                          ro code  0x10054b0c    0x12c  securitymgr.o [35]
  i.smp_Pairing_Completed
                          ro code  0x10054c38     0xa8  sm_common.o [35]
  i.smp_Find_Remote_Device_Index
                          ro code  0x10054ce0     0x40  sm_common.o [35]
  i.smp_Reset_Timer       ro code  0x10054d20     0x20  securitymgr.o [35]
  i.smp____SR_PairingRequest_Receive
                          ro code  0x10054d40    0x194  securitymgr.o [35]
  i.smp____MI_SecurityRequest_Receive
                          ro code  0x10054ed4     0x64  securitymgr.o [35]
  i.smp____SC_PairingPublicKey_Receive
                          ro code  0x10054f38     0x70  smp_scv42_isap.o [35]
  i.smp____SR_PairingRandom_Receive
                          ro code  0x10054fa8    0x1a4  securitymgr.o [35]
  i.smp_Receive_Keys      ro code  0x1005514c     0xd2  sm_common.o [35]
  i.smp____MI_PairingResponse_Receive
                          ro code  0x10055220     0x84  securitymgr.o [35]
  i.smp____MI_PairingRandom_Receive
                          ro code  0x100552a4    0x1ac  securitymgr.o [35]
  i.smp____SC_Phase_2AS2_DHKeyCheck_Receive
                          ro code  0x10055450     0x80  smp_scv42_isap.o [35]
  i.sm_RepeatedAttacks_Protection
                          ro code  0x100554d0    0x118  securitymgr.o [35]
  i.List_Circular_Insert_Head
                          ro code  0x100555e8      0xe  rom_list.o [35]
  .text                   ro code  0x100555f8      0xc  os_systick.o [26]
  i.LL_Rcv_ACL_Data       ro code  0x10055604     0x30  rom_ll_ll_routines.o [35]
  i.Blue_Init_Global      ro code  0x10055634     0x8c  routines_support.o [35]
  i.LL_LE_Clear_White_List
                          ro code  0x100556c0     0x20  ll_privacy.o [35]
  i.nsar_init             ro code  0x100556e0     0x18  multi_master_time.o [35]
  i.PM_Eng_Config         ro code  0x100556f8     0x18  pm.o [35]
  i.hal_radio_activity_state_init
                          ro code  0x10055710     0x1c  hal.o [35]
  i.fifoCtrl_init         ro code  0x1005572c      0xa  aci_events.o [35]
  i.PM_Get_Available_Fragments
                          ro code  0x10055738     0x38  pm.o [35]
  i.Check_Serv_Chng_Charac_Ind_Not
                          ro code  0x10055770     0x80  rom_gatt_server.o [35]
  i.GATT_Num_Charac_Present
                          ro code  0x100557f0     0x3a  rom_gatt_server.o [35]
  i.get_advertiser        ro code  0x1005582c     0x48  multi_master_time.o [35]
  i.get_scan_connection   ro code  0x10055874     0x48  multi_master_time.o [35]
  i.PM_Write_Pckt_Data    ro code  0x100558bc     0x14  pm.o [35]
  i.PM_Set_Att_Pdu_Length
                          ro code  0x100558d0     0x50  pm.o [35]
  i.Select_Next_Notification_Client
                          ro code  0x10055920     0x54  gatt_server.o [35]
  i.Gatt_Find_Srv_Owner_Of_Handle
                          ro code  0x10055974     0x44  gatt_server.o [35]
  i.ValidLinkPermRequest  ro code  0x100559b8     0x50  att.o [35]
  i.aci_gatt_read_permit_req_event_push
                          ro code  0x10055a08     0x38  att.o [35]
  i.Accu_Handles_Requiring_Auth
                          ro code  0x10055a40     0x6e  rom_att.o [35]
  i.aci_gatt_read_multi_permit_req_event_push
                          ro code  0x10055aae     0x50  att.o [35]
  i.STORE_LE_16           ro code  0x10055afe      0x8  utils.o [35]
  i.Accu_UuidTypes_Requiring_Auth
                          ro code  0x10055b06     0xe8  rom_att.o [35]
  i.get_next_free_slot    ro code  0x10055bf0     0x34  multi_master_time.o [35]
  i.LL_Set_Advertising_Buffers
                          ro code  0x10055c24     0x88  rom_ll_ll_routines.o [35]
  i.schedule_advertise_slot
                          ro code  0x10055cac     0x94  multi_master_time.o [35]
  i.LL_Allow_Address_Setting
                          ro code  0x10055d40     0x42  rom_ll_ll_routines.o [35]
  i.LL_Get_AdvAddress     ro code  0x10055d84     0x40  rom_ll_ll_routines.o [35]
  i.LL_Get_ScanAddress    ro code  0x10055dc4     0x40  rom_ll_ll_routines.o [35]
  i.Generate_Non_Resolvable_Private_Address
                          ro code  0x10055e04     0x88  rom_gap.o [35]
  i.SM_Generate_Resolvable_Private_Address
                          ro code  0x10055e8c     0x4e  ssm_algo.o [35]
  i.Timer_StartOneShot    ro code  0x10055eda     0x22  host_timer.o [35]
  i.LL_Get_Adv_Tx_Power_Level
                          ro code  0x10055efc     0x18  rom_ll_routines_support.o [35]
  i.LL_Set_Adv_Data       ro code  0x10055f14     0x74  rom_ll_ll_routines.o [35]
  i.Is_Address_Initialized
                          ro code  0x10055f88     0x16  rom_ll_ll_routines.o [35]
  i.LL_Check_And_Set_Addresses
                          ro code  0x10055fa0    0x1c4  rom_ll_ll_routines.o [35]
  i.Find_Timed_Out_Connection
                          ro code  0x10056164     0x38  gatt_server.o [35]
  i.aci_gap_pairing_complete_event_push
                          ro code  0x1005619c     0x4c  sm_common.o [35]
  i.LL_Enable_Disable_Scan
                          ro code  0x100561e8    0x260  ll_routines_master.o [35]
  i.aci_gap_proc_complete_event_push
                          ro code  0x10056448     0x64  gap.o [35]
  i.LL_Send_ACL_Data      ro code  0x100564ac     0x54  rom_ll_ll_routines.o [35]
  i.slave_advance         ro code  0x10056500     0xfc  routines_support.o [35]
  i.store_data            ro code  0x100565fc     0x1c  gatt_server.o [35]
  i.Flash_Write_Client_Data
                          ro code  0x10056618     0xc8  sdb.o [35]
  i.Read_RecordValidity   ro code  0x100566e0     0x10  rom_sdb.o [35]
  i.Get_SecRec_Len_In_Words
                          ro code  0x100566f0      0xc  rom_sdb.o [35]
  i.Read_SDBRecord        ro code  0x100566fc     0x2c  rom_sdb.o [35]
  i.SM_Resolve_Private_Address
                          ro code  0x10056728     0x22  ssm_algo.o [35]
  i.SDB_Find_Record_By_ConnHandle
                          ro code  0x1005674a     0x26  sdb.o [35]
  i.Find_Client_Data      ro code  0x10056770     0xcc  rom_sdb.o [35]
  i.Acl_Copy_Data         ro code  0x1005683c     0x82  pm.o [35]
  i.PM_Pckt_Cmp           ro code  0x100568be     0x6a  pm.o [35]
  i.Gatt_Find_Srv_From_Handle
                          ro code  0x10056928     0x28  gatt_server.o [35]
  i.aci_gatt_write_permit_req_event_push
                          ro code  0x10056950     0x56  att.o [35]
  i.aci_gatt_attribute_modified_event_push
                          ro code  0x100569a8     0x68  att.o [35]
  i.acl_list_full_on_packt
                          ro code  0x10056a10     0x26  acl_list.o [35]
  i.PM_Clone_Pckt         ro code  0x10056a36     0x2a  pm.o [35]
  i.SM_Validate_Signed_Packet
                          ro code  0x10056a60     0x7c  ssm_algo.o [35]
  i.CheckSecForSignedWrite
                          ro code  0x10056adc     0x2c  att.o [35]
  i.SDB_Get_SecurityDb_Start_Addr
                          ro code  0x10056b08     0x14  sdb.o [35]
  i.Get_Max_SecDb_Size    ro code  0x10056b1c      0x4  sdb.o [35]
  i.smp_Send_Data         ro code  0x10056b20     0x2c  securitymgr.o [35]
  i.smp____SC_is_Debug_Key_Usage_Forced
                          ro code  0x10056b4c     0x14  smp_scv42_isap.o [35]
  i.SMA_SC_Gen_f4_Confirm
                          ro code  0x10056b60     0x50  ssm_algo.o [35]
  i.smp_LP_MI_Compute_c1_Confirm_Value
                          ro code  0x10056bb0    0x15c  securitymgr.o [35]
  i.smp_OOB_Check_Is_Remote_Data_Present
                          ro code  0x10056d0c     0x3c  sm_common.o [35]
  i.smp_OOB_Get_Remote_Data_Reference
                          ro code  0x10056d48     0x4c  sm_common.o [35]
  i.smp_SR_Compute_c1_Confirm_Value
                          ro code  0x10056d94    0x170  securitymgr.o [35]
  i.smp____SC_Phase_2AS2__Set_Addresses
                          ro code  0x10056f04     0x32  smp_scv42_isap.o [35]
  i.SMA_SC_Gen_f5_Keys    ro code  0x10056f38     0xe0  ssm_algo.o [35]
  i.smp____SC_Phase_2AS2_Generate_DHKeyCheck
                          ro code  0x10057018    0x130  smp_scv42_isap.o [35]
  i.smp____SC_Phase_2AS2_DHKeyCheck_Send
                          ro code  0x10057148     0x5c  smp_scv42_isap.o [35]
  i.smp____Pairing_2Octets_Packet_Send
                          ro code  0x100571a4     0x48  sm_common.o [35]
  i.SMA_Generate_IRK      ro code  0x100571ec     0x28  ssm_algo.o [35]
  i.smp_Get_Local_Identity_Address
                          ro code  0x10057214     0x40  sm_common.o [35]
  i.SMA_Generate_CSRK     ro code  0x10057254     0x28  ssm_algo.o [35]
  i.smp_Add_To_Database   ro code  0x1005727c    0x14c  sm_common.o [35]
  i.smp_OOB_Clear_Remote_Data_Entry_by_Index
                          ro code  0x100573c8     0x20  sm_common.o [35]
  i.aci_gap_authorization_req_event_push
                          ro code  0x100573e8     0x44  sm_common.o [35]
  i.smp_Check_Incoming_Pairing_Parameters
                          ro code  0x1005742c     0x38  securitymgr.o [35]
  i.smp_Build_AuthReq_Field
                          ro code  0x10057464     0x1a  securitymgr.o [35]
  i.smp____SC_Continue_If_Exclusive_SC_Pairing
                          ro code  0x10057480     0x3c  smp_scv42_isap.o [35]
  i.smp_Get_Pairing_Parameters_From_Peer_Packet
                          ro code  0x100574bc     0x88  securitymgr.o [35]
  i.smp_Set_Key_Association_Method
                          ro code  0x10057544     0x68  securitymgr.o [35]
  i.smp_Build_Pairing_ReqResp_Packet
                          ro code  0x100575ac     0x54  securitymgr.o [35]
  i.SMP_MI_PairingRequest_Send
                          ro code  0x10057600    0x130  securitymgr.o [35]
  i.smp____SC_Verify_Peer_PK_and_Generate_DHKey
                          ro code  0x10057730     0x44  smp_scv42_isap.o [35]
  i.SMA_SC_Gen_g2_NumComp_Val
                          ro code  0x10057774     0x58  ssm_algo.o [35]
  i.aci_gap_numeric_comparison_value_event_push
                          ro code  0x100577cc     0x48  securitymgr.o [35]
  i.STORE_LE_32           ro code  0x10057814     0x10  utils.o [35]
  i.SMA_LP_s1_Generate_STK
                          ro code  0x10057824     0x28  ssm_algo.o [35]
  i.LL_Start_Encryption   ro code  0x1005784c     0xec  rom_ll_ll_routines_master.o [35]
  i.Blue_Set_Radio_Config_Data
                          ro code  0x10057938     0x24  rom_ll_routines_support.o [35]
  i.Check_Permission      ro code  0x1005795c     0x9c  rom_att.o [35]
  i.LL_Get_Address        ro code  0x100579f8     0x30  rom_ll_ll_routines.o [35]
  i.adapt_slot            ro code  0x10057a28    0x258  multi_master_time.o [35]
  i.start_timebase        ro code  0x10057c80     0xa0  multi_master_time.o [35]
  i.sm_Calculate_Hash     ro code  0x10057d20     0x38  ssm_algo.o [35]
  i.convert_power         ro code  0x10057d58     0x24  rom_ll_routines_support.o [35]
  i.PRIV_vGeneratePrivateAddress
                          ro code  0x10057d7c     0x62  ll_privacy.o [35]
  i.LL_Set_DirectAddress  ro code  0x10057de0     0x64  rom_ll_ll_routines.o [35]
  i.LL_Set_OwnAddress     ro code  0x10057e44     0x3c  rom_ll_ll_routines.o [35]
  i.request_scan_slot     ro code  0x10057e80     0x88  multi_master_time.o [35]
  i.Write_Client_Data     ro code  0x10057f08    0x1b8  sdb.o [35]
  i.SDB_Delete            ro code  0x100580c0    0x170  sdb.o [35]
  i.Get_SecRecord_Size    ro code  0x10058230      0x4  sdb.o [35]
  i.SDB_Get_GattDb_Start_Addr
                          ro code  0x10058234     0x18  sdb.o [35]
  i.Acl_Get_Pack_Off      ro code  0x1005824c     0x18  pm.o [35]
  i.Acl_Clone_Fragment    ro code  0x10058264     0x20  pm.o [35]
  i.LE_TO_NRG_32          ro code  0x10058284     0x14  utils.o [35]
  i.SM_CMAC_Generate_Tag  ro code  0x10058298     0xc4  ssm_algo.o [35]
  i.copy_swap_buffer      ro code  0x1005835c     0x22  utils.o [35]
  i.AES_CMAC_Encrypt      ro code  0x1005837e     0x3a  aes128cmac.o [35]
  i.SMA_SC_Gen_f6_Check_Val
                          ro code  0x100583b8     0x84  ssm_algo.o [35]
  i.SDB_Add_Record        ro code  0x1005843c    0x1ac  sdb.o [35]
  i.smp_Determine_Key_Association_Method
                          ro code  0x100585e8     0xb4  securitymgr.o [35]
  i.sm_Search_BlackList   ro code  0x1005869c     0x4c  securitymgr.o [35]
  i.hci_le_generate_dhkey
                          ro code  0x100586e8     0x94  hci.o [35]
  i.SM_Get_Link_Status    ro code  0x1005877c     0x2e  sm_common.o [35]
  i.SM_Check_Encryption_KeySize
                          ro code  0x100587aa     0x20  sm_common.o [35]
  i.nsar_updateSlotListEntry
                          ro code  0x100587cc     0x6c  multi_master_time.o [35]
  i.nsar_insertSlotListEntry
                          ro code  0x10058838     0x1c  multi_master_time.o [35]
  i.nsar_searchBestFreeSlot
                          ro code  0x10058854     0xac  multi_master_time.o [35]
  i.InvaliDate_Record     ro code  0x10058900     0x20  rom_sdb.o [35]
  i.SDB_Get_GattDb_End_Addr
                          ro code  0x10058920     0x1c  sdb.o [35]
  i.Flash_Write_Flagged   ro code  0x1005893c     0x3c  nvm.o [35]
  i.Erase_Sector          ro code  0x10058978      0xe  sdb.o [35]
  i.Write_SDBRecord       ro code  0x10058988     0x6c  sdb.o [35]
  i.sm_Generate_SubKeys   ro code  0x100589f4     0x80  ssm_algo.o [35]
  i.AES_CMAC_Encrypt_Init
                          ro code  0x10058a74     0x34  crypto.o [35]
  i.AES_CMAC_Encrypt_Append
                          ro code  0x10058aa8    0x288  crypto.o [35]
  i.AES_CMAC_Encrypt_Finish
                          ro code  0x10058d30     0x6c  crypto.o [35]
  i.PKA_Start_Generate_DHKey
                          ro code  0x10058d9c     0x30  pka.o [35]
  i.nsar_updateBestFreeSlot
                          ro code  0x10058dcc     0x22  multi_master_time.o [35]
  i.Delay_With_NOP_Cycles
                          ro code  0x10058dee      0xe  utils.o [35]
  i.LeftShift             ro code  0x10058dfc     0x2c  ssm_algo.o [35]
  i.AESstdInit            ro code  0x10058e28     0xb8  crypto.o [35]
  i.AES_general_enc       ro code  0x10058ee0      0x8  crypto.o [35]
  .text                   ro code  0x10058ee8    0x6b0  rtx_msgqueue.o [24]
  .text                   ro code  0x10059598      0x2  rtx_evr.o [24]
  .text                   ro code  0x1005959a      0x2  rtx_evr.o [24]
  .text                   ro code  0x1005959c      0x2  rtx_evr.o [24]
  .text                   ro code  0x1005959e      0x2  rtx_evr.o [24]
  .text                   ro code  0x100595a0      0x2  rtx_evr.o [24]
  .text                   ro code  0x100595a2      0x2  rtx_evr.o [24]
  .text                   ro code  0x100595a4      0x2  rtx_evr.o [24]
  .text                   ro code  0x100595a6      0x2  rtx_evr.o [24]
  .text                   ro code  0x100595a8      0x2  rtx_evr.o [24]
  .text                   ro code  0x100595aa      0x2  rtx_evr.o [24]
  .text                   ro code  0x100595ac      0x2  rtx_evr.o [24]
  .text                   ro code  0x100595ae      0x2  rtx_evr.o [24]
  i.Gatt_Server_L2C_Handler
                          ro code  0x100595b0    0x228  gatt_server.o [35]
  .text                   ro code  0x100597d8    0x1d8  system_bluenrg1.o [29]
  i.Gatt_Super_Handler_Task7
                          ro code  0x100599b0    0x1a8  gatt_client.o [35]
  i.GAP_Started_Gatt_Proc
                          ro code  0x10059b58     0x2c  gap.o [35]
  i.Gatt_Check_Not_Error_Resp
                          ro code  0x10059b84     0x6c  gatt_client.o [35]
  i.aci_att_read_resp_event_push
                          ro code  0x10059bf0     0x68  gatt_client.o [35]
  i.aci_att_read_multiple_resp_event_push
                          ro code  0x10059c58     0x64  gatt_client.o [35]
  i.aci_att_read_blob_resp_event_push
                          ro code  0x10059cbc     0x68  gatt_client.o [35]
  i.Att_Send_Read_Blob_Req_Pdu
                          ro code  0x10059d24     0x4e  rom_att.o [35]
  i.GAP_Internal_Evt_Handler
                          ro code  0x10059d74     0x38  gap.o [35]
  i.aci_gatt_disc_read_char_by_uuid_resp_event_push
                          ro code  0x10059dac     0x74  gatt_client.o [35]
  i.aci_gatt_proc_complete_event_push
                          ro code  0x10059e20     0x48  gatt_client.o [35]
  i.aci_gatt_error_resp_event_push
                          ro code  0x10059e68     0x64  gatt_client.o [35]
  i.L2C_Signal_Channel_Handler
                          ro code  0x10059ecc    0x19c  l2cap.o [35]
  i.Find_L2cap_conn_index
                          ro code  0x1005a068     0x38  l2cap.o [35]
  i.aci_l2cap_connection_update_req_event_push
                          ro code  0x1005a0a0     0x88  l2cap.o [35]
  i.L2C_Build_Command_Reject_Pdu
                          ro code  0x1005a128     0x7a  l2cap.o [35]
  i.Find_L2cap_signalling_connection
                          ro code  0x1005a1a4     0x38  l2cap.o [35]
  i.SM_L2CAP_Handler_ISR  ro code  0x1005a1dc    0x12c  sm_common.o [35]
  i.SM_Connection_Complete_Handler
                          ro code  0x1005a308     0x7c  sm_common.o [35]
  .constdata              const    0x1005a384    0x128  crypto.o [35]
  .constdata              const    0x1005a4ac    0x110  aci_events.o [35]
  .text                   ro code  0x1005a5bc     0xfa  BlueNRG1_mft.o [31]
  .text                   ro code  0x1005a6b8     0xf0  rtx_timer.o [24]
  .text                   ro code  0x1005a7a8      0x2  rtx_evr.o [24]
  i.hci_acl_data_ind_event_int_cb
                          ro code  0x1005a7ac     0xe4  acl.o [35]
  i.hci_rx_acl_data       ro code  0x1005a890     0x5a  hci.o [35]
  i.Search_In_Stat        ro code  0x1005a8ea     0x20  acl.o [35]
  i.Check_Stat            ro code  0x1005a90a     0x24  acl.o [35]
  i.PM_Append_Fragment    ro code  0x1005a92e     0x10  pm.o [35]
  i.L2C_Rcv_Event_Handler
                          ro code  0x1005a93e     0x3e  l2cap.o [35]
  i.Acl_Get_Last          ro code  0x1005a97c      0xc  pm.o [35]
  i.SM_L2CAP_Handler      ro code  0x1005a988     0xe0  sm_common.o [35]
  i.smp_Keys_Distribution_Complete
                          ro code  0x1005aa68     0x46  sm_common.o [35]
  .text                   ro code  0x1005aab0     0xe0  xfspos.o [33]
  .text                   ro code  0x1005ab90      0xc  xfgpos.o [33]
  .text                   ro code  0x1005ab9c     0xc4  us_ticker_api.o [27]
  .text                   ro code  0x1005ac60     0x78  misc.o [31]
  i.SM_L2CAP_Encryption_changed_Handler_ISR
                          ro code  0x1005acd8     0xc4  sm_common.o [35]
  .text                   ro code  0x1005ad9c     0xc0  xfwprep.o [33]
  .text                   ro code  0x1005ae5c     0x22  fseek.o [33]
  .text                   ro code  0x1005ae80     0x98  irq_cm0.o [25]
  i.hci_acl_data_tx_cmpl_event_int_cb
                          ro code  0x1005af18     0x98  acl.o [35]
  i.hci_tx_acl_data_done  ro code  0x1005afb0     0x34  hci.o [35]
  .rodata                 const    0x1005afe4     0x8c  Serial.o [6]
  .rodata                 const    0x1005b070     0x6c  Stream.o [19]
  .rodata                 const    0x1005b0dc     0x68  rtx_lib.o [24]
  .text                   ro code  0x1005b144     0x68  xcloseall.o [33]
  i._GAP_Parse_Advertising_Report
                          ro code  0x1005b1ac     0x64  gap.o [35]
  .constdata              const    0x1005b210     0x60  smp_scv42_isap.o [35]
  .rodata                 const    0x1005b270     0x60  mbed_critical.o [19]
  .rodata                 const    0x1005b2d0     0x60  rtx_lib.o [24]
  i.GAP_Connection_Complete_Handler
                          ro code  0x1005b330     0x60  gap.o [35]
  .rodata                 const    0x1005b390     0x5c  Stream.o [19]
  i.GAP_LL_Event_Handler_ISR
                          ro code  0x1005b3ec     0x5c  gap.o [35]
  i.GAP_Parse_Advertising_Report
                          ro code  0x1005b448     0x10  gap.o [35]
  i.L2C_Rcv_Event_Handler_ISR
                          ro code  0x1005b458     0x5a  l2cap.o [35]
  i.L2C_Connection_Complete_Handler
                          ro code  0x1005b4b2     0x24  l2cap.o [35]
  i.Gatt_Server_L2C_Handler_ISR
                          ro code  0x1005b4d8     0x48  gatt_server.o [35]
  i.L2C_Signal_Channel_Handler_ISR
                          ro code  0x1005b520     0x24  l2cap.o [35]
  i.Acl_Disconnected_Peer
                          ro code  0x1005b544     0x54  acl.o [35]
  i.GATT_Connection_Complete_Handler
                          ro code  0x1005b598     0x48  gatt_server.o [35]
  i.L2C_Connection_Complete_Signal_Handler
                          ro code  0x1005b5e0     0x24  l2cap.o [35]
  i.L2CAP_Reset_To_Closed_State
                          ro code  0x1005b604     0x38  l2cap.o [35]
  .text                   ro code  0x1005b63c     0x56  fputc.o [33]
  i.hci_le_enhanced_connection_complete_event_cb
                          ro code  0x1005b694     0x48  aci_events.o [35]
  i.hci_le_enhanced_connection_complete_event
                          ro code  0x1005b6dc      0x2  aci_events.o [35]
  i.smp____SC_hci_le_read_local_p256_public_key_complete_evt_hndl
                          ro code  0x1005b6e0     0x44  smp_scv42_isap.o [35]
  i.hci_le_connection_complete_event_cb
                          ro code  0x1005b724     0x40  aci_events.o [35]
  .text                   ro code  0x1005b764     0x3c  zero_init3.o [37]
  .text                   ro code  0x1005b7a0     0x3c  packbits_init_single.o [37]
  .rodata                 const    0x1005b7dc     0x30  BLE.o [9]
  i.aci_l2cap_connection_update_req_event_cb
                          ro code  0x1005b80c     0x30  aci_events.o [35]
[...]
savedMSP                0x20000008     0x4  Data  Gb  system_bluenrg1.o [29]
savedMSP_block$$Base    0x20000008           --   Gb  - Linker created -
savedMSP_block$$Limit   0x2000000c           --   Gb  - Linker created -
scheduleBleEventsProcessing(BLE::OnEventsToProcessCallbackContext *)
                        0x10047c91    0x4e  Code  Gb  main.o [1]
schedule_advertise_slot
                        0x10055cad    0x8c  Code  Gb  multi_master_time.o [35]
schedule_interrupt      0x1004e649    0x68  Code  Lc  mbed_ticker_api.o [18]
segment_holding         0x100450c5    0x1c  Code  Lc  dlmalloc.o [33]
serial_baud             0x10049e2d     0x6  Code  Gb  serial_api.o [27]
serial_init             0x10049da1    0x76  Code  Gb  serial_api.o [27]
serial_irq_handler      0x10049e33     0xa  Code  Gb  serial_api.o [27]
serial_irq_ids          0x200052b8     0x4  Data  Lc  serial_api.o [27]
serial_putc             0x10049e17    0x16  Code  Gb  serial_api.o [27]
serialport              0x20004c3c    0x74  Data  Gb  main.o [1]
service_uuid            0x200050cc    0x10  Data  Gb  gatt_db.o [3]
setGapAdvData           0x10052bd9    0xfa  Code  Gb  gap.o [35]
set_freq                0x1004ff65    0x5e  Code  Gb  rom_ll_timehandling.o [35]
set_sca                 0x10044169    0x1c  Code  Gb  rom_ll_timehandling.o [35]
set_string              0x10042fa1    0x10  Code  Gb  hal.o [35]
setvbuf                 0x1004a195    0xb0  Code  Gb  setvbuf.o [33]
singleton_mutex_attr    0x20005100    0x10  Data  Gb  mbed_boot.o [21]
singleton_mutex_id      0x20005118     0x4  Data  Gb  mbed_boot.o [21]
singleton_mutex_obj     0x2000511c    0x1c  Data  Gb  mbed_boot.o [21]
slave_advance           0x10056501    0xf0  Code  Gb  routines_support.o [35]
sleep_manager_lock_deep_sleep
                        0x1004c3df     0x2  Code  Gb  mbed_sleep_manager.o [18]
sleep_manager_unlock_deep_sleep
                        0x1004c3e1     0x2  Code  Gb  mbed_sleep_manager.o [18]
sm_Calculate_Hash       0x10057d21    0x38  Code  Lc  ssm_algo.o [35]
sm_Generate_SubKeys     0x100589f5    0x80  Code  Lc  ssm_algo.o [35]
sm_Get_Long_Term_Key    0x10050aed    0x8a  Code  Lc  securitymgr.o [35]
sm_RepeatedAttacks_Protection
                        0x100554d1   0x102  Code  Lc  securitymgr.o [35]
sm_Search_BlackList     0x1005869d    0x46  Code  Gb  securitymgr.o [35]
smp_Add_To_Database     0x1005727d   0x146  Code  Gb  sm_common.o [35]
smp_Build_AuthReq_Field
                        0x10057465    0x1a  Code  Lc  securitymgr.o [35]
smp_Build_Pairing_ReqResp_Packet
                        0x100575ad    0x50  Code  Lc  securitymgr.o [35]
smp_Check_Incoming_Pairing_Parameters
                        0x1005742d    0x34  Code  Lc  securitymgr.o [35]
smp_Determine_Key_Association_Method
                        0x100585e9    0xac  Code  Gb  securitymgr.o [35]
smp_Execute_Actions_wrt_Current_State
                        0x10050c51   0x266  Code  Lc  securitymgr.o [35]
smp_Find_Remote_Device_Index
                        0x10054ce1    0x3a  Code  Gb  sm_common.o [35]
smp_Get_Local_Identity_Address
                        0x10057215    0x3a  Code  Gb  sm_common.o [35]
smp_Get_Pairing_Parameters_From_Peer_Packet
                        0x100574bd    0x82  Code  Lc  securitymgr.o [35]
smp_Keys_Distribution_Complete
                        0x1005aa69    0x46  Code  Lc  sm_common.o [35]
smp_Keys_Distribution_Send
                        0x10054b0d   0x126  Code  Lc  securitymgr.o [35]
smp_Keys_Distribution_Start
                        0x10054ad5    0x36  Code  Gb  sm_common.o [35]
smp_LP_MI_Compute_c1_Confirm_Value
                        0x10056bb1   0x156  Code  Lc  securitymgr.o [35]
smp_OOB_Check_Is_Remote_Data_Present
                        0x10056d0d    0x36  Code  Gb  sm_common.o [35]
smp_OOB_Clear_Remote_Data_Entry_by_Index
                        0x100573c9    0x1a  Code  Gb  sm_common.o [35]
smp_OOB_Get_Remote_Data_Reference
                        0x10056d49    0x48  Code  Gb  sm_common.o [35]
smp_Pairing_Completed   0x10054c39    0xa2  Code  Gb  sm_common.o [35]
smp_Process_Rx_Packet_Exception_Cases
                        0x10051139    0xae  Code  Lc  securitymgr.o [35]
smp_Process_Rx_Packet_wrt_Current_State
                        0x10050f05   0x174  Code  Lc  securitymgr.o [35]
smp_Receive_Keys        0x1005514d    0xd2  Code  Gb  sm_common.o [35]
smp_Reset_Timer         0x10054d21    0x1a  Code  Lc  securitymgr.o [35]
smp_SR_Compute_c1_Confirm_Value
                        0x10056d95   0x16a  Code  Lc  securitymgr.o [35]
smp_Send_Data           0x10056b21    0x2c  Code  Gb  securitymgr.o [35]
smp_Set_Key_Association_Method
                        0x10057545    0x64  Code  Lc  securitymgr.o [35]
smp____MI_PairingConfirm_Receive
                        0x10054941    0x56  Code  Lc  securitymgr.o [35]
smp____MI_PairingConfirm_Send
                        0x1006799d    0x92  Code  Lc  securitymgr.o [35]
smp____MI_PairingRandom_Receive
                        0x100552a5   0x1a2  Code  Lc  securitymgr.o [35]
smp____MI_PairingResponse_Receive
                        0x10055221    0x7e  Code  Lc  securitymgr.o [35]
smp____MI_SecurityRequest_Receive
                        0x10054ed5    0x60  Code  Lc  securitymgr.o [35]
smp____PairingFailed_Send
                        0x10054aa5    0x30  Code  Gb  securitymgr.o [35]
smp____Pairing_2Octets_Packet_Send
                        0x100571a5    0x48  Code  Gb  sm_common.o [35]
smp____Pairing_Process_Abort
                        0x1005107d    0xb6  Code  Lc  securitymgr.o [35]
smp____SC_Continue_If_Exclusive_SC_Pairing
                        0x10057481    0x36  Code  Gb  smp_scv42_isap.o [35]
smp____SC_PairingPublicKey_Receive
                        0x10054f39    0x68  Code  Gb  smp_scv42_isap.o [35]
smp____SC_PairingPublicKey_Send
                        0x10067935    0x64  Code  Gb  smp_scv42_isap.o [35]
smp____SC_Pairing_OOB_Confirm_Receive_and_Verify
                        0x10067a35    0x8c  Code  Gb  smp_scv42_isap.o [35]
smp____SC_Phase_2AS2_DHKeyCheck_Receive
                        0x10055451    0x80  Code  Gb  smp_scv42_isap.o [35]
smp____SC_Phase_2AS2_DHKeyCheck_Send
                        0x10057149    0x56  Code  Gb  smp_scv42_isap.o [35]
smp____SC_Phase_2AS2_Generate_DHKeyCheck
                        0x10057019   0x12a  Code  Lc  smp_scv42_isap.o [35]
smp____SC_Phase_2AS2_Start
                        0x100549f1    0xae  Code  Gb  smp_scv42_isap.o [35]
smp____SC_Phase_2AS2__Set_Addresses
                        0x10056f05    0x32  Code  Lc  smp_scv42_isap.o [35]
smp____SC_Verify_Peer_PK_and_Generate_DHKey
                        0x10057731    0x3e  Code  Gb  smp_scv42_isap.o [35]
smp____SC_hci_le_generate_dhkey_complete_evt_hndl
                        0x1005b919    0x22  Code  Gb  smp_scv42_isap.o [35]
smp____SC_hci_le_read_local_p256_public_key_complete_evt_hndl
                        0x1005b6e1    0x3c  Code  Gb  smp_scv42_isap.o [35]
smp____SC_initialize    0x100519f5    0x50  Code  Gb  smp_scv42_isap.o [35]
smp____SC_is_Debug_Key_Usage_Forced
                        0x10056b4d    0x10  Code  Gb  smp_scv42_isap.o [35]
smp____SC_is_any_other_SC_Pairing_Ongoing
                        0x100519bd    0x34  Code  Gb  smp_scv42_isap.o [35]
smp____SC_submit_ECC_PK_generation_request
                        0x10067919    0x16  Code  Gb  smp_scv42_isap.o [35]
smp____SR_PairingConfirm_Receive
                        0x10067ac5    0xac  Code  Lc  securitymgr.o [35]
smp____SR_PairingRandom_Receive
                        0x10054fa9   0x19a  Code  Lc  securitymgr.o [35]
smp____SR_PairingRequest_Receive
                        0x10054d41   0x18e  Code  Lc  securitymgr.o [35]
spi                     0x20004cc8    0x24  Data  Gb  main.o [1]
spi_format              0x1004a4fd    0x60  Code  Gb  spi_api.o [27]
spi_frequency           0x1004a55d     0xa  Code  Gb  spi_api.o [27]
spi_init                0x1004a429    0xd0  Code  Gb  spi_api.o [27]
spi_master_block_write  0x1004a567    0xb2  Code  Gb  spi_api.o [27]
stacklib_flash_data     0x10067000   0x800  Data  Lc  Blue1.o [2]
stacklib_stored_device_id_data
                        0x10067800    0x38  Data  Lc  Blue1.o [2]
start_timebase          0x10057c81    0x92  Code  Gb  multi_master_time.o [35]
std_mutex_file          0x20004b20   0x118  Data  Lc  mbed_boot.o [21]
std_mutex_id_file       0x20004af8    0x28  Data  Lc  mbed_boot.o [21]
std_mutex_id_sys        0x20004d74    0x14  Data  Lc  mbed_boot.o [21]
std_mutex_sys           0x20004d88    0x8c  Data  Lc  mbed_boot.o [21]
stdio_uart              0x20005294    0x10  Data  Gb  serial_api.o [27]
stdio_uart_inited       0x200052d4     0x4  Data  Gb  serial_api.o [27]
store_data              0x100565fd    0x1c  Code  Gb  gatt_server.o [35]
strcmp                  0x10049ec9    0x22  Code  Gb  strcmp.o [37]
strlen                  0x1004df39    0x10  Code  Gb  strlen.o [37]
strncmp                 0x1004e3a7    0x2c  Code  Gb  strncmp.o [33]
svcRtxDelay             0x1004c3e5    0x14  Code  Gb  rtx_delay.o [24]
svcRtxEventFlagsNew     0x1004dc13    0x76  Code  Gb  rtx_evflags.o [24]
svcRtxEventFlagsSet     0x1004dc89    0xa2  Code  Gb  rtx_evflags.o [24]
svcRtxEventFlagsWait    0x1004dd2b    0xa6  Code  Gb  rtx_evflags.o [24]
svcRtxKernelGetState    0x100475e1     0xe  Code  Gb  rtx_kernel.o [24]
svcRtxKernelInitialize  0x10047459   0x17a  Code  Gb  rtx_kernel.o [24]
svcRtxKernelStart       0x100475ef    0xa6  Code  Gb  rtx_kernel.o [24]
svcRtxMessageQueueGet   0x100592e7   0x106  Code  Gb  rtx_msgqueue.o [24]
svcRtxMessageQueueNew   0x1005908f   0x16e  Code  Gb  rtx_msgqueue.o [24]
svcRtxMessageQueuePut   0x100591fd    0xea  Code  Gb  rtx_msgqueue.o [24]
svcRtxMutexAcquire      0x1004786b    0xca  Code  Gb  rtx_mutex.o [24]
svcRtxMutexDelete       0x10047a27    0xba  Code  Gb  rtx_mutex.o [24]
svcRtxMutexNew          0x100477ef    0x7c  Code  Gb  rtx_mutex.o [24]
svcRtxMutexRelease      0x10047935    0xdc  Code  Gb  rtx_mutex.o [24]
svcRtxThreadExit        0x10047291    0xa0  Code  Gb  rtx_thread.o [24]
svcRtxThreadGetId       0x1004721d    0x10  Code  Gb  rtx_thread.o [24]
svcRtxThreadGetName     0x100471f3    0x2a  Code  Gb  rtx_thread.o [24]
svcRtxThreadNew         0x10046fed   0x206  Code  Gb  rtx_thread.o [24]
swap_char               0x10044155     0xa  Code  Lc  multi_master_time.o [35]
swap_short_int          0x1004415f     0xa  Code  Lc  multi_master_time.o [35]
sys_alloc               0x100454b9   0x3e8  Code  Lc  dlmalloc.o [33]
syslock_o               0x20005138     0x4  Data  Lc  xsyslock_mtx.o [33]
system_time_trans       0x10043149     0xa  Code  Gb  rom_ll_timehandling.o [35]
system_time_trans_ext   0x100441c9    0x26  Code  Gb  rom_ll_timehandling.o [35]
tempCharHandle          0x200050c8     0x2  Data  Gb  gatt_db.o [3]
terminate_hook          0x200052d0     0x4  Data  Lc  Thread.o [20]
thread_terminate_hook   0x10049ce1    0x10  Code  Gb  Thread.o [20]
ticker_insert_event_us  0x1004e6c1    0x52  Code  Gb  mbed_ticker_api.o [18]
ticker_read             0x1004e747     0x4  Code  Gb  mbed_ticker_api.o [18]
ticker_read_us          0x1004e74b     0x2  Code  Gb  mbed_ticker_api.o [18]
ticker_remove_event     0x1004e713    0x34  Code  Gb  mbed_ticker_api.o [18]
ticker_set_handler      0x1004e6b1    0x10  Code  Gb  mbed_ticker_api.o [18]
time_offset1            0x10044193     0xe  Code  Gb  rom_ll_timehandling.o [35]
time_offset2            0x100441b1     0xc  Code  Gb  rom_ll_timehandling.o [35]
timebase_start_connect  0x100440e1    0x36  Code  Gb  multi_master_time.o [35]
tmalloc_large           0x100458ad   0x3ca  Code  Lc  dlmalloc.o [33]
tmalloc_small           0x10045c7d   0x230  Code  Lc  dlmalloc.o [33]
touch_it                0x200004f3     0x1  Data  Gb  rom_global_var.o [35]
unpack_channel_map      0x1004289f    0x38  Code  Gb  rom_ll_isr_routines.o [35]
unpack_update_request   0x10042859    0x46  Code  Gb  rom_ll_isr_routines.o [35]
update_present_time     0x1004e4e1    0xf4  Code  Lc  mbed_ticker_api.o [18]
us_data                 0x1004e3d8     0x8  Data  Lc  mbed_us_ticker_api.o [18]
us_interface            0x1005bf60    0x1c  Data  Lc  mbed_us_ticker_api.o [18]
us_ticker_clear_interrupt
                        0x1005ac5d     0x2  Code  Gb  us_ticker_api.o [27]
us_ticker_disable_interrupt
                        0x1005ac43     0xc  Code  Gb  us_ticker_api.o [27]
us_ticker_fire_interrupt
                        0x1005ac5f     0x2  Code  Gb  us_ticker_api.o [27]
us_ticker_get_info      0x1005c375     0x8  Code  Wk  mbed_retarget.o [19]
us_ticker_get_info::info
                        0x1005c354     0x8  Data  Lc  mbed_retarget.o [19]
us_ticker_init          0x1005abc3    0x5c  Code  Gb  us_ticker_api.o [27]
us_ticker_read          0x1005ac1f    0x18  Code  Gb  us_ticker_api.o [27]
us_ticker_set_interrupt
                        0x1005ac37     0xc  Code  Gb  us_ticker_api.o [27]
uuid16_list             0x10047f64     0x2  Data  Lc  main.o [1]
void events::EventQueue::function_call<mbed::Callback<void ()>>(void *)
                        0x1005b871    0x28  Code  Gb  main.o [1]
void events::EventQueue::function_call<void (*)()>(void *)
                        0x1005c365     0x8  Code  Gb  main.o [1]
void events::EventQueue::function_dtor<mbed::Callback<void ()>>(void *)
                        0x1005c251    0x10  Code  Gb  main.o [1]
void events::EventQueue::function_dtor<void (*)()>(void *)
                        0x10044cff     0x2  Code  Gb  main.o [1]
void mbed::Callback<void ()>::function_call<mbed::Callback<void ()>::method_context<BLE, void (BLE::*)()>>(void const *)
                        0x10041cfb    0x1e  Code  Gb  main.o [1]
void mbed::Callback<void ()>::function_call<void (*)()>(void const *)
                        0x1005c36d     0x8  Code  Gb  ATCmdParser.o [19]
void mbed::Callback<void ()>::function_dtor<mbed::Callback<void ()>::method_context<BLE, void (BLE::*)()>>(void *)
                        0x1004476f     0x2  Code  Gb  main.o [1]
void mbed::Callback<void ()>::function_dtor<void (*)()>(void *)
                        0x1004814f     0x2  Code  Gb  ATCmdParser.o [19]
void mbed::Callback<void ()>::function_move<mbed::Callback<void ()>::method_context<BLE, void (BLE::*)()>>(void *, void const *)
                        0x1005c241    0x10  Code  Gb  main.o [1]
void mbed::Callback<void ()>::function_move<void (*)()>(void *, void const *)
                        0x10044437     0xa  Code  Gb  ATCmdParser.o [19]
void mbed::Callback<void ()>::generate<mbed::Callback<void ()>::method_context<BLE, void (BLE::*)()>>(mbed::Callback<void ()>::method_context<BLE, void (BLE::*)()> const &)::ops
                        0x1005c2f4     0xc  Data  Gb  main.o [1]
void mbed::Callback<void ()>::generate<void (*)()>(void (*)() const &)::ops
                        0x1005c30c     0xc  Data  Gb  ATCmdParser.o [19]
void mbed::Callback<void (int)>::function_call<void (*)(int)>(void const *, int)
                        0x1005c319     0xc  Code  Gb  EventQueue.o [7]
void mbed::Callback<void (int)>::function_dtor<void (*)(int)>(void *)
                        0x10046787     0x2  Code  Gb  EventQueue.o [7]
void mbed::Callback<void (int)>::function_move<void (*)(int)>(void *, void const *)
                        0x10043fbf     0xa  Code  Gb  EventQueue.o [7]
void mbed::Callback<void (int)>::generate<void (*)(int)>(void (*)(int) const &)::ops
                        0x1005c300     0xc  Data  Gb  EventQueue.o [7]
vsnprintf               0x10049d65    0x3c  Code  Gb  vsnprint.o [33]
wait_ms                 0x1004c6fd     0xe  Code  Gb  mbed_wait_api_rtos.o [19]
wait_us                 0x1004c70b     0x2  Code  Gb  mbed_wait_api_rtos.o [19]
wakeupFromSleepFlag     0x2000000c     0x1  Data  Gb  system_bluenrg1.o [29]
wakeupFromSleepFlag_block$$Base
                        0x2000000c           --   Gb  - Linker created -
wakeupFromSleepFlag_block$$Limit
                        0x20000010           --   Gb  - Linker created -


[1] = C:\Users\Gianluca\mbedCLIdev\gian-ble-Copia-bleapi\BUILD\STEVAL_IDB007V1\IAR
[2] = C:\Users\Gianluca\mbedCLIdev\gian-ble-Copia-bleapi\BUILD\STEVAL_IDB007V1\IAR\BLUE1
[3] = C:\Users\Gianluca\mbedCLIdev\gian-ble-Copia-bleapi\BUILD\STEVAL_IDB007V1\IAR\BLUE1\SensorDemo
[4] = C:\Users\Gianluca\mbedCLIdev\gian-ble-Copia-bleapi\BUILD\STEVAL_IDB007V1\IAR\BLUE1\sdk_hal\src
[5] = C:\Users\Gianluca\mbedCLIdev\gian-ble-Copia-bleapi\BUILD\STEVAL_IDB007V1\IAR\mbed-os\cmsis\TARGET_CORTEX_M\TOOLCHAIN_IAR
[6] = C:\Users\Gianluca\mbedCLIdev\gian-ble-Copia-bleapi\BUILD\STEVAL_IDB007V1\IAR\mbed-os\drivers
[7] = C:\Users\Gianluca\mbedCLIdev\gian-ble-Copia-bleapi\BUILD\STEVAL_IDB007V1\IAR\mbed-os\events
[8] = C:\Users\Gianluca\mbedCLIdev\gian-ble-Copia-bleapi\BUILD\STEVAL_IDB007V1\IAR\mbed-os\events\equeue
[9] = C:\Users\Gianluca\mbedCLIdev\gian-ble-Copia-bleapi\BUILD\STEVAL_IDB007V1\IAR\mbed-os\features\FEATURE_BLE\source
[10] = C:\Users\Gianluca\mbedCLIdev\gian-ble-Copia-bleapi\BUILD\STEVAL_IDB007V1\IAR\mbed-os\features\FEATURE_BLE\source\generic
[11] = C:\Users\Gianluca\mbedCLIdev\gian-ble-Copia-bleapi\BUILD\STEVAL_IDB007V1\IAR\mbed-os\features\FEATURE_BLE\source\services
[12] = C:\Users\Gianluca\mbedCLIdev\gian-ble-Copia-bleapi\BUILD\STEVAL_IDB007V1\IAR\mbed-os\features\filesystem
[13] = C:\Users\Gianluca\mbedCLIdev\gian-ble-Copia-bleapi\BUILD\STEVAL_IDB007V1\IAR\mbed-os\features\filesystem\bd
[14] = C:\Users\Gianluca\mbedCLIdev\gian-ble-Copia-bleapi\BUILD\STEVAL_IDB007V1\IAR\mbed-os\features\filesystem\fat
[15] = C:\Users\Gianluca\mbedCLIdev\gian-ble-Copia-bleapi\BUILD\STEVAL_IDB007V1\IAR\mbed-os\features\filesystem\fat\ChaN
[16] = C:\Users\Gianluca\mbedCLIdev\gian-ble-Copia-bleapi\BUILD\STEVAL_IDB007V1\IAR\mbed-os\features\mbedtls\platform\src
[17] = C:\Users\Gianluca\mbedCLIdev\gian-ble-Copia-bleapi\BUILD\STEVAL_IDB007V1\IAR\mbed-os\features\mbedtls\src
[18] = C:\Users\Gianluca\mbedCLIdev\gian-ble-Copia-bleapi\BUILD\STEVAL_IDB007V1\IAR\mbed-os\hal
[19] = C:\Users\Gianluca\mbedCLIdev\gian-ble-Copia-bleapi\BUILD\STEVAL_IDB007V1\IAR\mbed-os\platform
[20] = C:\Users\Gianluca\mbedCLIdev\gian-ble-Copia-bleapi\BUILD\STEVAL_IDB007V1\IAR\mbed-os\rtos
[21] = C:\Users\Gianluca\mbedCLIdev\gian-ble-Copia-bleapi\BUILD\STEVAL_IDB007V1\IAR\mbed-os\rtos\TARGET_CORTEX
[22] = C:\Users\Gianluca\mbedCLIdev\gian-ble-Copia-bleapi\BUILD\STEVAL_IDB007V1\IAR\mbed-os\rtos\TARGET_CORTEX\rtx4
[23] = C:\Users\Gianluca\mbedCLIdev\gian-ble-Copia-bleapi\BUILD\STEVAL_IDB007V1\IAR\mbed-os\rtos\TARGET_CORTEX\rtx5\RTX\Config
[24] = C:\Users\Gianluca\mbedCLIdev\gian-ble-Copia-bleapi\BUILD\STEVAL_IDB007V1\IAR\mbed-os\rtos\TARGET_CORTEX\rtx5\RTX\Source
[25] = C:\Users\Gianluca\mbedCLIdev\gian-ble-Copia-bleapi\BUILD\STEVAL_IDB007V1\IAR\mbed-os\rtos\TARGET_CORTEX\rtx5\RTX\Source\TOOLCHAIN_IAR\TARGET_M0
[26] = C:\Users\Gianluca\mbedCLIdev\gian-ble-Copia-bleapi\BUILD\STEVAL_IDB007V1\IAR\mbed-os\rtos\TARGET_CORTEX\rtx5\Source
[27] = C:\Users\Gianluca\mbedCLIdev\gian-ble-Copia-bleapi\BUILD\STEVAL_IDB007V1\IAR\mbed-os\targets\TARGET_STMBLUE
[28] = C:\Users\Gianluca\mbedCLIdev\gian-ble-Copia-bleapi\BUILD\STEVAL_IDB007V1\IAR\mbed-os\targets\TARGET_STMBLUE\TARGET_BLUENRG1
[29] = C:\Users\Gianluca\mbedCLIdev\gian-ble-Copia-bleapi\BUILD\STEVAL_IDB007V1\IAR\mbed-os\targets\TARGET_STMBLUE\TARGET_BLUENRG1\TARGET_STEVAL_IDB007V1\device
[30] = C:\Users\Gianluca\mbedCLIdev\gian-ble-Copia-bleapi\BUILD\STEVAL_IDB007V1\IAR\mbed-os\targets\TARGET_STMBLUE\TARGET_BLUENRG1\TARGET_STEVAL_IDB007V1\device\TOOLCHAIN_IAR
[31] = C:\Users\Gianluca\mbedCLIdev\gian-ble-Copia-bleapi\BUILD\STEVAL_IDB007V1\IAR\mbed-os\targets\TARGET_STMBLUE\TARGET_BLUENRG1\device
[32] = command line
[33] = dl6M_tlf.a
[34] = dlpp6M_tl_fc.a
[35] = libbluenrg1_stack.a
[36] = m6M_tl.a
[37] = rt6M_tl.a

  114 602 bytes of readonly  code memory
    4 111 bytes of readonly  data memory
   21 029 bytes of readwrite data memory

Errors: none
Warnings: none
