###############################################################################
#
# IAR ELF Linker V7.70.1.11437/W32 for ARM                21/Mar/2018  13:35:32
# Copyright 2007-2016 IAR Systems AB.
#
#    Output file  =  
#        C:\Users\Gianluca\mbedCLIdev\gian-ble-Copia-bleapi\BUILD\Exe\name.out
#    Map file     =  
#        C:\Users\Gianluca\mbedCLIdev\gian-ble-Copia-bleapi\BUILD\List\name.map
#    Command line =  
#        C:\Users\Gianluca\mbedCLIdev\gian-ble-Copia-bleapi\BUILD\Obj\aes.o
#        C:\Users\Gianluca\mbedCLIdev\gian-ble-Copia-bleapi\BUILD\Obj\aesni.o
#        C:\Users\Gianluca\mbedCLIdev\gian-ble-Copia-bleapi\BUILD\Obj\AnalogIn.o
#        C:\Users\Gianluca\mbedCLIdev\gian-ble-Copia-bleapi\BUILD\Obj\arc4.o
#        C:\Users\Gianluca\mbedCLIdev\gian-ble-Copia-bleapi\BUILD\Obj\asn1parse.o
#        C:\Users\Gianluca\mbedCLIdev\gian-ble-Copia-bleapi\BUILD\Obj\asn1write.o
#        C:\Users\Gianluca\mbedCLIdev\gian-ble-Copia-bleapi\BUILD\Obj\ATCmdParser.o
#        C:\Users\Gianluca\mbedCLIdev\gian-ble-Copia-bleapi\BUILD\Obj\base64.o
#        C:\Users\Gianluca\mbedCLIdev\gian-ble-Copia-bleapi\BUILD\Obj\bignum.o
#        C:\Users\Gianluca\mbedCLIdev\gian-ble-Copia-bleapi\BUILD\Obj\BLE.o
#        C:\Users\Gianluca\mbedCLIdev\gian-ble-Copia-bleapi\BUILD\Obj\BLEInstanceBase.o
#        C:\Users\Gianluca\mbedCLIdev\gian-ble-Copia-bleapi\BUILD\Obj\blowfish.o
#        C:\Users\Gianluca\mbedCLIdev\gian-ble-Copia-bleapi\BUILD\Obj\Blue1.o
#        C:\Users\Gianluca\mbedCLIdev\gian-ble-Copia-bleapi\BUILD\Obj\BlueNRG1_adc.o
#        C:\Users\Gianluca\mbedCLIdev\gian-ble-Copia-bleapi\BUILD\Obj\BlueNRG1_dma.o
#        C:\Users\Gianluca\mbedCLIdev\gian-ble-Copia-bleapi\BUILD\Obj\BlueNRG1_flash.o
#        C:\Users\Gianluca\mbedCLIdev\gian-ble-Copia-bleapi\BUILD\Obj\BlueNRG1_gpio.o
#        C:\Users\Gianluca\mbedCLIdev\gian-ble-Copia-bleapi\BUILD\Obj\BlueNRG1_i2c.o
#        C:\Users\Gianluca\mbedCLIdev\gian-ble-Copia-bleapi\BUILD\Obj\BlueNRG1_it.o
#        C:\Users\Gianluca\mbedCLIdev\gian-ble-Copia-bleapi\BUILD\Obj\BlueNRG1_mft.o
#        C:\Users\Gianluca\mbedCLIdev\gian-ble-Copia-bleapi\BUILD\Obj\BlueNRG1_pka.o
#        C:\Users\Gianluca\mbedCLIdev\gian-ble-Copia-bleapi\BUILD\Obj\BlueNRG1_rng.o
#        C:\Users\Gianluca\mbedCLIdev\gian-ble-Copia-bleapi\BUILD\Obj\BlueNRG1_rtc.o
#        C:\Users\Gianluca\mbedCLIdev\gian-ble-Copia-bleapi\BUILD\Obj\BlueNRG1_sleep.o
#        C:\Users\Gianluca\mbedCLIdev\gian-ble-Copia-bleapi\BUILD\Obj\BlueNRG1_spi.o
#        C:\Users\Gianluca\mbedCLIdev\gian-ble-Copia-bleapi\BUILD\Obj\BlueNRG1_sysCtrl.o
#        C:\Users\Gianluca\mbedCLIdev\gian-ble-Copia-bleapi\BUILD\Obj\BlueNRG1_uart.o
#        C:\Users\Gianluca\mbedCLIdev\gian-ble-Copia-bleapi\BUILD\Obj\BlueNRG1_wdg.o
#        C:\Users\Gianluca\mbedCLIdev\gian-ble-Copia-bleapi\BUILD\Obj\BusIn.o
#        C:\Users\Gianluca\mbedCLIdev\gian-ble-Copia-bleapi\BUILD\Obj\BusInOut.o
#        C:\Users\Gianluca\mbedCLIdev\gian-ble-Copia-bleapi\BUILD\Obj\BusOut.o
#        C:\Users\Gianluca\mbedCLIdev\gian-ble-Copia-bleapi\BUILD\Obj\CallChain.o
#        C:\Users\Gianluca\mbedCLIdev\gian-ble-Copia-bleapi\BUILD\Obj\camellia.o
#        C:\Users\Gianluca\mbedCLIdev\gian-ble-Copia-bleapi\BUILD\Obj\CAN.o
#        C:\Users\Gianluca\mbedCLIdev\gian-ble-Copia-bleapi\BUILD\Obj\ccm.o
#        C:\Users\Gianluca\mbedCLIdev\gian-ble-Copia-bleapi\BUILD\Obj\ccsbcs.o
#        C:\Users\Gianluca\mbedCLIdev\gian-ble-Copia-bleapi\BUILD\Obj\certs.o
#        C:\Users\Gianluca\mbedCLIdev\gian-ble-Copia-bleapi\BUILD\Obj\ChainingBlockDevice.o
#        C:\Users\Gianluca\mbedCLIdev\gian-ble-Copia-bleapi\BUILD\Obj\cipher.o
#        C:\Users\Gianluca\mbedCLIdev\gian-ble-Copia-bleapi\BUILD\Obj\cipher_wrap.o
#        C:\Users\Gianluca\mbedCLIdev\gian-ble-Copia-bleapi\BUILD\Obj\clock.o
#        C:\Users\Gianluca\mbedCLIdev\gian-ble-Copia-bleapi\BUILD\Obj\cmac.o
#        C:\Users\Gianluca\mbedCLIdev\gian-ble-Copia-bleapi\BUILD\Obj\cmain.o
#        C:\Users\Gianluca\mbedCLIdev\gian-ble-Copia-bleapi\BUILD\Obj\cmsis_nvic.o
#        C:\Users\Gianluca\mbedCLIdev\gian-ble-Copia-bleapi\BUILD\Obj\cmsis_os1.o
#        C:\Users\Gianluca\mbedCLIdev\gian-ble-Copia-bleapi\BUILD\Obj\ConditionVariable.o
#        C:\Users\Gianluca\mbedCLIdev\gian-ble-Copia-bleapi\BUILD\Obj\context_switch.o
#        C:\Users\Gianluca\mbedCLIdev\gian-ble-Copia-bleapi\BUILD\Obj\ctr_drbg.o
#        C:\Users\Gianluca\mbedCLIdev\gian-ble-Copia-bleapi\BUILD\Obj\debug.o
#        C:\Users\Gianluca\mbedCLIdev\gian-ble-Copia-bleapi\BUILD\Obj\des.o
#        C:\Users\Gianluca\mbedCLIdev\gian-ble-Copia-bleapi\BUILD\Obj\DFUService.o
#        C:\Users\Gianluca\mbedCLIdev\gian-ble-Copia-bleapi\BUILD\Obj\dhm.o
#        C:\Users\Gianluca\mbedCLIdev\gian-ble-Copia-bleapi\BUILD\Obj\Dir.o
#        C:\Users\Gianluca\mbedCLIdev\gian-ble-Copia-bleapi\BUILD\Obj\DiscoveredCharacteristic.o
#        C:\Users\Gianluca\mbedCLIdev\gian-ble-Copia-bleapi\BUILD\Obj\ecdh.o
#        C:\Users\Gianluca\mbedCLIdev\gian-ble-Copia-bleapi\BUILD\Obj\ecdsa.o
#        C:\Users\Gianluca\mbedCLIdev\gian-ble-Copia-bleapi\BUILD\Obj\ecjpake.o
#        C:\Users\Gianluca\mbedCLIdev\gian-ble-Copia-bleapi\BUILD\Obj\ecp.o
#        C:\Users\Gianluca\mbedCLIdev\gian-ble-Copia-bleapi\BUILD\Obj\ecp_curves.o
#        C:\Users\Gianluca\mbedCLIdev\gian-ble-Copia-bleapi\BUILD\Obj\entropy.o
#        C:\Users\Gianluca\mbedCLIdev\gian-ble-Copia-bleapi\BUILD\Obj\entropy_poll.o
#        C:\Users\Gianluca\mbedCLIdev\gian-ble-Copia-bleapi\BUILD\Obj\error.o
#        C:\Users\Gianluca\mbedCLIdev\gian-ble-Copia-bleapi\BUILD\Obj\Ethernet.o
#        C:\Users\Gianluca\mbedCLIdev\gian-ble-Copia-bleapi\BUILD\Obj\EventFlags.o
#        C:\Users\Gianluca\mbedCLIdev\gian-ble-Copia-bleapi\BUILD\Obj\FATFileSystem.o
#        C:\Users\Gianluca\mbedCLIdev\gian-ble-Copia-bleapi\BUILD\Obj\ff.o
#        C:\Users\Gianluca\mbedCLIdev\gian-ble-Copia-bleapi\BUILD\Obj\File.o
#        C:\Users\Gianluca\mbedCLIdev\gian-ble-Copia-bleapi\BUILD\Obj\FileBase.o
#        C:\Users\Gianluca\mbedCLIdev\gian-ble-Copia-bleapi\BUILD\Obj\FileHandle.o
#        C:\Users\Gianluca\mbedCLIdev\gian-ble-Copia-bleapi\BUILD\Obj\FilePath.o
#        C:\Users\Gianluca\mbedCLIdev\gian-ble-Copia-bleapi\BUILD\Obj\FileSystem.o
#        C:\Users\Gianluca\mbedCLIdev\gian-ble-Copia-bleapi\BUILD\Obj\FileSystemHandle.o
#        C:\Users\Gianluca\mbedCLIdev\gian-ble-Copia-bleapi\BUILD\Obj\FlashIAP.o
#        C:\Users\Gianluca\mbedCLIdev\gian-ble-Copia-bleapi\BUILD\Obj\GapScanningParams.o
#        C:\Users\Gianluca\mbedCLIdev\gian-ble-Copia-bleapi\BUILD\Obj\gatt_db.o
#        C:\Users\Gianluca\mbedCLIdev\gian-ble-Copia-bleapi\BUILD\Obj\gcm.o
#        C:\Users\Gianluca\mbedCLIdev\gian-ble-Copia-bleapi\BUILD\Obj\GenericGattClient.o
#        C:\Users\Gianluca\mbedCLIdev\gian-ble-Copia-bleapi\BUILD\Obj\gp_timer.o
#        C:\Users\Gianluca\mbedCLIdev\gian-ble-Copia-bleapi\BUILD\Obj\gpio_api.o
#        C:\Users\Gianluca\mbedCLIdev\gian-ble-Copia-bleapi\BUILD\Obj\havege.o
#        C:\Users\Gianluca\mbedCLIdev\gian-ble-Copia-bleapi\BUILD\Obj\HeapBlockDevice.o
#        C:\Users\Gianluca\mbedCLIdev\gian-ble-Copia-bleapi\BUILD\Obj\hmac_drbg.o
#        C:\Users\Gianluca\mbedCLIdev\gian-ble-Copia-bleapi\BUILD\Obj\I2C.o
#        C:\Users\Gianluca\mbedCLIdev\gian-ble-Copia-bleapi\BUILD\Obj\I2CSlave.o
#        C:\Users\Gianluca\mbedCLIdev\gian-ble-Copia-bleapi\BUILD\Obj\InterruptIn.o
#        C:\Users\Gianluca\mbedCLIdev\gian-ble-Copia-bleapi\BUILD\Obj\InterruptManager.o
#        C:\Users\Gianluca\mbedCLIdev\gian-ble-Copia-bleapi\BUILD\Obj\irq_cm0.o
#        C:\Users\Gianluca\mbedCLIdev\gian-ble-Copia-bleapi\BLUE1\Bluetooth_LE\library\libbluenrg1_stack.a
#        C:\Users\Gianluca\mbedCLIdev\gian-ble-Copia-bleapi\BUILD\Obj\LocalFileSystem.o
#        C:\Users\Gianluca\mbedCLIdev\gian-ble-Copia-bleapi\BUILD\Obj\main.o
#        C:\Users\Gianluca\mbedCLIdev\gian-ble-Copia-bleapi\BUILD\Obj\mbed_alloc_wrappers.o
#        C:\Users\Gianluca\mbedCLIdev\gian-ble-Copia-bleapi\BUILD\Obj\mbed_application.o
#        C:\Users\Gianluca\mbedCLIdev\gian-ble-Copia-bleapi\BUILD\Obj\mbed_assert.o
#        C:\Users\Gianluca\mbedCLIdev\gian-ble-Copia-bleapi\BUILD\Obj\mbed_board.o
#        C:\Users\Gianluca\mbedCLIdev\gian-ble-Copia-bleapi\BUILD\Obj\mbed_boot.o
#        C:\Users\Gianluca\mbedCLIdev\gian-ble-Copia-bleapi\BUILD\Obj\mbed_critical.o
#        C:\Users\Gianluca\mbedCLIdev\gian-ble-Copia-bleapi\BUILD\Obj\mbed_error.o
#        C:\Users\Gianluca\mbedCLIdev\gian-ble-Copia-bleapi\BUILD\Obj\mbed_flash_api.o
#        C:\Users\Gianluca\mbedCLIdev\gian-ble-Copia-bleapi\BUILD\Obj\mbed_gpio.o
#        C:\Users\Gianluca\mbedCLIdev\gian-ble-Copia-bleapi\BUILD\Obj\mbed_interface.o
#        C:\Users\Gianluca\mbedCLIdev\gian-ble-Copia-bleapi\BUILD\Obj\mbed_lp_ticker_api.o
#        C:\Users\Gianluca\mbedCLIdev\gian-ble-Copia-bleapi\BUILD\Obj\mbed_mem_trace.o
#        C:\Users\Gianluca\mbedCLIdev\gian-ble-Copia-bleapi\BUILD\Obj\mbed_mktime.o
#        C:\Users\Gianluca\mbedCLIdev\gian-ble-Copia-bleapi\BUILD\Obj\mbed_overrides.o
#        C:\Users\Gianluca\mbedCLIdev\gian-ble-Copia-bleapi\BUILD\Obj\mbed_pinmap_common.o
#        C:\Users\Gianluca\mbedCLIdev\gian-ble-Copia-bleapi\BUILD\Obj\mbed_poll.o
#        C:\Users\Gianluca\mbedCLIdev\gian-ble-Copia-bleapi\BUILD\Obj\mbed_retarget.o
#        C:\Users\Gianluca\mbedCLIdev\gian-ble-Copia-bleapi\BUILD\Obj\mbed_rtc_time.o
#        C:\Users\Gianluca\mbedCLIdev\gian-ble-Copia-bleapi\BUILD\Obj\mbed_rtx_handlers.o
#        C:\Users\Gianluca\mbedCLIdev\gian-ble-Copia-bleapi\BUILD\Obj\mbed_rtx_idle.o
#        C:\Users\Gianluca\mbedCLIdev\gian-ble-Copia-bleapi\BUILD\Obj\mbed_sdk_boot.o
#        C:\Users\Gianluca\mbedCLIdev\gian-ble-Copia-bleapi\BUILD\Obj\mbed_semihost_api.o
#        C:\Users\Gianluca\mbedCLIdev\gian-ble-Copia-bleapi\BUILD\Obj\mbed_sleep_manager.o
#        C:\Users\Gianluca\mbedCLIdev\gian-ble-Copia-bleapi\BUILD\Obj\mbed_stats.o
#        C:\Users\Gianluca\mbedCLIdev\gian-ble-Copia-bleapi\BUILD\Obj\mbed_ticker_api.o
#        C:\Users\Gianluca\mbedCLIdev\gian-ble-Copia-bleapi\BUILD\Obj\mbed_trng.o
#        C:\Users\Gianluca\mbedCLIdev\gian-ble-Copia-bleapi\BUILD\Obj\mbed_us_ticker_api.o
#        C:\Users\Gianluca\mbedCLIdev\gian-ble-Copia-bleapi\BUILD\Obj\mbed_wait_api_no_rtos.o
#        C:\Users\Gianluca\mbedCLIdev\gian-ble-Copia-bleapi\BUILD\Obj\mbed_wait_api_rtos.o
#        C:\Users\Gianluca\mbedCLIdev\gian-ble-Copia-bleapi\BUILD\Obj\MBRBlockDevice.o
#        C:\Users\Gianluca\mbedCLIdev\gian-ble-Copia-bleapi\BUILD\Obj\md.o
#        C:\Users\Gianluca\mbedCLIdev\gian-ble-Copia-bleapi\BUILD\Obj\md2.o
#        C:\Users\Gianluca\mbedCLIdev\gian-ble-Copia-bleapi\BUILD\Obj\md4.o
#        C:\Users\Gianluca\mbedCLIdev\gian-ble-Copia-bleapi\BUILD\Obj\md5.o
#        C:\Users\Gianluca\mbedCLIdev\gian-ble-Copia-bleapi\BUILD\Obj\md_wrap.o
#        C:\Users\Gianluca\mbedCLIdev\gian-ble-Copia-bleapi\BUILD\Obj\memory_buffer_alloc.o
#        C:\Users\Gianluca\mbedCLIdev\gian-ble-Copia-bleapi\BUILD\Obj\misc.o
#        C:\Users\Gianluca\mbedCLIdev\gian-ble-Copia-bleapi\BUILD\Obj\Mutex.o
#        C:\Users\Gianluca\mbedCLIdev\gian-ble-Copia-bleapi\BUILD\Obj\net_sockets.o
#        C:\Users\Gianluca\mbedCLIdev\gian-ble-Copia-bleapi\BUILD\Obj\oid.o
#        C:\Users\Gianluca\mbedCLIdev\gian-ble-Copia-bleapi\BUILD\Obj\os_systick.o
#        C:\Users\Gianluca\mbedCLIdev\gian-ble-Copia-bleapi\BUILD\Obj\os_tick_ptim.o
#        C:\Users\Gianluca\mbedCLIdev\gian-ble-Copia-bleapi\BUILD\Obj\osal.o
#        C:\Users\Gianluca\mbedCLIdev\gian-ble-Copia-bleapi\BUILD\Obj\padlock.o
#        C:\Users\Gianluca\mbedCLIdev\gian-ble-Copia-bleapi\BUILD\Obj\pem.o
#        C:\Users\Gianluca\mbedCLIdev\gian-ble-Copia-bleapi\BUILD\Obj\pin_device.o
#        C:\Users\Gianluca\mbedCLIdev\gian-ble-Copia-bleapi\BUILD\Obj\pinmap.o
#        C:\Users\Gianluca\mbedCLIdev\gian-ble-Copia-bleapi\BUILD\Obj\pk.o
#        C:\Users\Gianluca\mbedCLIdev\gian-ble-Copia-bleapi\BUILD\Obj\pk_wrap.o
#        C:\Users\Gianluca\mbedCLIdev\gian-ble-Copia-bleapi\BUILD\Obj\pkcs11.o
#        C:\Users\Gianluca\mbedCLIdev\gian-ble-Copia-bleapi\BUILD\Obj\pkcs12.o
#        C:\Users\Gianluca\mbedCLIdev\gian-ble-Copia-bleapi\BUILD\Obj\pkcs5.o
#        C:\Users\Gianluca\mbedCLIdev\gian-ble-Copia-bleapi\BUILD\Obj\pkparse.o
#        C:\Users\Gianluca\mbedCLIdev\gian-ble-Copia-bleapi\BUILD\Obj\pkwrite.o
#        C:\Users\Gianluca\mbedCLIdev\gian-ble-Copia-bleapi\BUILD\Obj\platform.o
#        C:\Users\Gianluca\mbedCLIdev\gian-ble-Copia-bleapi\BUILD\Obj\ProfilingBlockDevice.o
#        C:\Users\Gianluca\mbedCLIdev\gian-ble-Copia-bleapi\BUILD\Obj\RawSerial.o
#        C:\Users\Gianluca\mbedCLIdev\gian-ble-Copia-bleapi\BUILD\Obj\ripemd160.o
#        C:\Users\Gianluca\mbedCLIdev\gian-ble-Copia-bleapi\BUILD\Obj\rsa.o
#        C:\Users\Gianluca\mbedCLIdev\gian-ble-Copia-bleapi\BUILD\Obj\rt_OsEventObserver.o
#        C:\Users\Gianluca\mbedCLIdev\gian-ble-Copia-bleapi\BUILD\Obj\RtosTimer.o
#        C:\Users\Gianluca\mbedCLIdev\gian-ble-Copia-bleapi\BUILD\Obj\RTX_Config.o
#        C:\Users\Gianluca\mbedCLIdev\gian-ble-Copia-bleapi\BUILD\Obj\rtx_delay.o
#        C:\Users\Gianluca\mbedCLIdev\gian-ble-Copia-bleapi\BUILD\Obj\rtx_evflags.o
#        C:\Users\Gianluca\mbedCLIdev\gian-ble-Copia-bleapi\BUILD\Obj\rtx_evr.o
#        C:\Users\Gianluca\mbedCLIdev\gian-ble-Copia-bleapi\BUILD\Obj\rtx_kernel.o
#        C:\Users\Gianluca\mbedCLIdev\gian-ble-Copia-bleapi\BUILD\Obj\rtx_lib.o
#        C:\Users\Gianluca\mbedCLIdev\gian-ble-Copia-bleapi\BUILD\Obj\rtx_memory.o
#        C:\Users\Gianluca\mbedCLIdev\gian-ble-Copia-bleapi\BUILD\Obj\rtx_mempool.o
#        C:\Users\Gianluca\mbedCLIdev\gian-ble-Copia-bleapi\BUILD\Obj\rtx_msgqueue.o
#        C:\Users\Gianluca\mbedCLIdev\gian-ble-Copia-bleapi\BUILD\Obj\rtx_mutex.o
#        C:\Users\Gianluca\mbedCLIdev\gian-ble-Copia-bleapi\BUILD\Obj\rtx_semaphore.o
#        C:\Users\Gianluca\mbedCLIdev\gian-ble-Copia-bleapi\BUILD\Obj\rtx_system.o
#        C:\Users\Gianluca\mbedCLIdev\gian-ble-Copia-bleapi\BUILD\Obj\rtx_thread.o
#        C:\Users\Gianluca\mbedCLIdev\gian-ble-Copia-bleapi\BUILD\Obj\rtx_timer.o
#        C:\Users\Gianluca\mbedCLIdev\gian-ble-Copia-bleapi\BUILD\Obj\Semaphore.o
#        C:\Users\Gianluca\mbedCLIdev\gian-ble-Copia-bleapi\BUILD\Obj\Serial.o
#        C:\Users\Gianluca\mbedCLIdev\gian-ble-Copia-bleapi\BUILD\Obj\serial_api.o
#        C:\Users\Gianluca\mbedCLIdev\gian-ble-Copia-bleapi\BUILD\Obj\SerialBase.o
#        C:\Users\Gianluca\mbedCLIdev\gian-ble-Copia-bleapi\BUILD\Obj\sha1.o
#        C:\Users\Gianluca\mbedCLIdev\gian-ble-Copia-bleapi\BUILD\Obj\sha256.o
#        C:\Users\Gianluca\mbedCLIdev\gian-ble-Copia-bleapi\BUILD\Obj\sha512.o
#        C:\Users\Gianluca\mbedCLIdev\gian-ble-Copia-bleapi\BUILD\Obj\SlicingBlockDevice.o
#        C:\Users\Gianluca\mbedCLIdev\gian-ble-Copia-bleapi\BUILD\Obj\SPI.o
#        C:\Users\Gianluca\mbedCLIdev\gian-ble-Copia-bleapi\BUILD\Obj\spi_api.o
#        C:\Users\Gianluca\mbedCLIdev\gian-ble-Copia-bleapi\BUILD\Obj\SPISlave.o
#        C:\Users\Gianluca\mbedCLIdev\gian-ble-Copia-bleapi\BUILD\Obj\ssl_cache.o
#        C:\Users\Gianluca\mbedCLIdev\gian-ble-Copia-bleapi\BUILD\Obj\ssl_ciphersuites.o
#        C:\Users\Gianluca\mbedCLIdev\gian-ble-Copia-bleapi\BUILD\Obj\ssl_cli.o
#        C:\Users\Gianluca\mbedCLIdev\gian-ble-Copia-bleapi\BUILD\Obj\ssl_cookie.o
#        C:\Users\Gianluca\mbedCLIdev\gian-ble-Copia-bleapi\BUILD\Obj\ssl_srv.o
#        C:\Users\Gianluca\mbedCLIdev\gian-ble-Copia-bleapi\BUILD\Obj\ssl_ticket.o
#        C:\Users\Gianluca\mbedCLIdev\gian-ble-Copia-bleapi\BUILD\Obj\ssl_tls.o
#        C:\Users\Gianluca\mbedCLIdev\gian-ble-Copia-bleapi\BUILD\Obj\startup_bluenrg1.o
#        C:\Users\Gianluca\mbedCLIdev\gian-ble-Copia-bleapi\BUILD\Obj\Stream.o
#        C:\Users\Gianluca\mbedCLIdev\gian-ble-Copia-bleapi\BUILD\Obj\system_bluenrg1.o
#        C:\Users\Gianluca\mbedCLIdev\gian-ble-Copia-bleapi\BUILD\Obj\Thread.o
#        C:\Users\Gianluca\mbedCLIdev\gian-ble-Copia-bleapi\BUILD\Obj\threading.o
#        C:\Users\Gianluca\mbedCLIdev\gian-ble-Copia-bleapi\BUILD\Obj\Ticker.o
#        C:\Users\Gianluca\mbedCLIdev\gian-ble-Copia-bleapi\BUILD\Obj\Timeout.o
#        C:\Users\Gianluca\mbedCLIdev\gian-ble-Copia-bleapi\BUILD\Obj\Timer.o
#        C:\Users\Gianluca\mbedCLIdev\gian-ble-Copia-bleapi\BUILD\Obj\TimerEvent.o
#        C:\Users\Gianluca\mbedCLIdev\gian-ble-Copia-bleapi\BUILD\Obj\timing.o
#        C:\Users\Gianluca\mbedCLIdev\gian-ble-Copia-bleapi\BUILD\Obj\UARTSerial.o
#        C:\Users\Gianluca\mbedCLIdev\gian-ble-Copia-bleapi\BUILD\Obj\UARTService.o
#        C:\Users\Gianluca\mbedCLIdev\gian-ble-Copia-bleapi\BUILD\Obj\URIBeaconConfigService.o
#        C:\Users\Gianluca\mbedCLIdev\gian-ble-Copia-bleapi\BUILD\Obj\us_ticker_api.o
#        C:\Users\Gianluca\mbedCLIdev\gian-ble-Copia-bleapi\BUILD\Obj\version.o
#        C:\Users\Gianluca\mbedCLIdev\gian-ble-Copia-bleapi\BUILD\Obj\version_features.o
#        C:\Users\Gianluca\mbedCLIdev\gian-ble-Copia-bleapi\BUILD\Obj\x509.o
#        C:\Users\Gianluca\mbedCLIdev\gian-ble-Copia-bleapi\BUILD\Obj\x509_create.o
#        C:\Users\Gianluca\mbedCLIdev\gian-ble-Copia-bleapi\BUILD\Obj\x509_crl.o
#        C:\Users\Gianluca\mbedCLIdev\gian-ble-Copia-bleapi\BUILD\Obj\x509_crt.o
#        C:\Users\Gianluca\mbedCLIdev\gian-ble-Copia-bleapi\BUILD\Obj\x509_csr.o
#        C:\Users\Gianluca\mbedCLIdev\gian-ble-Copia-bleapi\BUILD\Obj\x509write_crt.o
#        C:\Users\Gianluca\mbedCLIdev\gian-ble-Copia-bleapi\BUILD\Obj\x509write_csr.o
#        C:\Users\Gianluca\mbedCLIdev\gian-ble-Copia-bleapi\BUILD\Obj\xtea.o -o
#        C:\Users\Gianluca\mbedCLIdev\gian-ble-Copia-bleapi\BUILD\Exe\name.out
#        --redirect _Printf=_PrintfLarge --redirect _Scanf=_ScanfFull --map
#        C:\Users\Gianluca\mbedCLIdev\gian-ble-Copia-bleapi\BUILD\List\name.map
#        --config
#        C:\Users\Gianluca\mbedCLIdev\gian-ble-Copia-bleapi\.\mbed-os\targets\TARGET_STMBLUE\TARGET_BLUENRG1\TARGET_STEVAL_IDB007V1\device\TOOLCHAIN_IAR\BLUENRG1.icf
#        --skip_dynamic_initialization --threaded_lib --entry
#        __iar_program_start --no_exceptions --vfe
#
###############################################################################

*******************************************************************************
*** RUNTIME MODEL ATTRIBUTES
***

CppFlavor                     = *
__CPP_Exceptions              = Disabled
__CPP_Language                = C++
__Heap_Handler                = DLMalloc
__SystemLibrary               = DLib
__dlib_dynamic_initialization = postponed
__dlib_has_iterator_debugging = 0


*******************************************************************************
*** PLACEMENT SUMMARY
***

"A0":  place at start of [0x10067000-0x10067fff] {
          block BLOCK_STACKLIB_FLASH_DATA };
"A1":  place at 0x200000c0 { block BLUE };
"A3":  place at start of [0x10040000-0x10066fff] { ro section .intvec };
"A4":  place at 0x20000004 { block ota_sw_activation_block };
"A5":  place at 0x20000008 { block savedMSP_block };
"A6":  place at 0x2000000c { block wakeupFromSleepFlag_block };
"A8":  place at 0x20000030 { block Blue_Flag_Ram_block };
"P2":  place in [from 0x10040000 to 0x10066fff] { ro };
"P3":  place in [from 0x200000c0 to 0x20005fff] { rw };
"A10": place at end of [0x200000c0-0x20005fff] { block CSTACK, block HEAP };
initialize by copy { rw };
 { section .bss.__blue_RAM };
 { section .intvec };
 { section .ota_sw_activation };
 { section .savedMSP };
 { section .wakeupFromSleepFlag };
 { section .__blueflag_RAM };

  Section                 Kind        Address     Size  Object
  -------                 ----        -------     ----  ------
"A3":                                             0xc0
  .intvec                 ro code  0x10040000     0xc0  startup_bluenrg1.o [1]
                                 - 0x100400c0     0xc0

"P2":                                          0x1b9e7
  i.RAL_Isr               ro code  0x100400c0   0x1714  ll_isr.o [5]
  i.Timer_ExpiryCallback  ro code  0x100417d4     0x14  host_timer.o [5]
  i.Is_Flash_Write_On_Going
                          ro code  0x100417e8     0x10  nvm.o [5]
  i.advance_wakeup_timer  ro code  0x100417f8    0x4d4  advance_wakeup_time.o [5]
  i.get_scan_addr         ro code  0x10041ccc     0x2e  rom_ll_isr_routines.o [5]
  .text                   ro code  0x10041cfa      0xa  Ticker.o [1]
  i.PRIV_u32ProcessAdvPacket
                          ro code  0x10041d04    0x698  ll_privacy.o [5]
  i.get_adv_addr          ro code  0x1004239c     0x2c  rom_ll_isr_routines.o [5]
  i.PRIV_SearchAddrInWhiteList
                          ro code  0x100423c8     0x48  ll_privacy.o [5]
  i.go_to_connect         ro code  0x10042410    0x278  rom_ll_isr_routines.o [5]
  i.cancel_current_master
                          ro code  0x10042688    0x19c  multi_master_time.o [5]
  i.machine_time_trans    ro code  0x10042824     0x20  rom_ll_timehandling.o [5]
  i.unpack_update_request
                          ro code  0x10042844     0x46  rom_ll_isr_routines.o [5]
  i.unpack_channel_map    ro code  0x1004288a     0x38  rom_ll_isr_routines.o [5]
  i.char_copy             ro code  0x100428c2     0x12  hal.o [5]
  i.LL_receive_data_patch
                          ro code  0x100428d4     0xc4  isr_routines.o [5]
  i.isr_postproc1         ro code  0x10042998    0x14c  rom_ll_isr_postproc.o [5]
  i.LL_update_proc        ro code  0x10042ae4     0x58  rom_ll_isr_routines.o [5]
  i.modulo_37             ro code  0x10042b3c     0x18  rom_ll_routines_support.o [5]
  i.advance_slave_timing_MultiSlave
                          ro code  0x10042b54    0x438  multi_master_time.o [5]
  i.set_string            ro code  0x10042f8c     0x10  hal.o [5]
  i.go_to_connect_master  ro code  0x10042f9c    0x198  isr_routines.o [5]
  i.system_time_trans     ro code  0x10043134      0xa  rom_ll_timehandling.o [5]
  i.isr_postproc_encrypt_data
                          ro code  0x1004313e     0x16  rom_ll_isr_postproc.o [5]
  i.anchor_replace        ro code  0x10043154     0x50  multi_master_time.o [5]
  i.read_rssi             ro code  0x100431a4     0x70  ll_routines.o [5]
  i.isr_event_handler_patched
                          ro code  0x10043214    0x8bc  ll_routines_master.o [5]
  i.isr_postproc          ro code  0x10043ad0    0x14c  isr_postproc.o [5]
  i.cancel_master         ro code  0x10043c1c    0x100  rom_ll_isr_routines.o [5]
  .text                   ro code  0x10043d1c     0xe0  I32DivModFast.o [7]
  i.cancel_slave          ro code  0x10043dfc     0x98  isr_routines.o [5]
  i.Hal_Get_Random_Number
                          ro code  0x10043e94     0x28  hal.o [5]
  i.LL_Sleep_Req          ro code  0x10043ebc     0x54  rom_ll_routines_support.o [5]
  i.LL_Update_Advertising_Buffers
                          ro code  0x10043f10     0x44  rom_ll_ll_routines.o [5]
  i.LL_Update_Scanning_Initiating_Buffers
                          ro code  0x10043f54     0x40  rom_ll_ll_routines.o [5]
  .text                   ro code  0x10043f94     0x16  uread4.o [7]
  .text                   ro code  0x10043faa      0x2  SPI.o [1]
  i.PRIV_u8ResolvePrivateAddress
                          ro code  0x10043fac     0xf0  ll_privacy.o [5]
  .text                   ro code  0x1004409c     0x28  osal.o [1]
  i.timebase_start_connect
                          ro code  0x100440c4     0x40  multi_master_time.o [5]
  i.is_slave              ro code  0x10044104     0x34  multi_master_time.o [5]
  i.swap_char             ro code  0x10044138      0xa  multi_master_time.o [5]
  i.swap_short_int        ro code  0x10044142      0xa  multi_master_time.o [5]
  i.set_sca               ro code  0x1004414c     0x20  rom_ll_timehandling.o [5]
  i.WindowWiden1          ro code  0x1004416c      0xa  rom_ll_timehandling.o [5]
  i.time_offset1          ro code  0x10044176      0xe  rom_ll_timehandling.o [5]
  i.WindowWiden2          ro code  0x10044184     0x10  rom_ll_timehandling.o [5]
  i.time_offset2          ro code  0x10044194     0x10  rom_ll_timehandling.o [5]
  i.microseconds_to_machine_time
                          ro code  0x100441a4      0x8  routines_support.o [5]
  i.system_time_trans_ext
                          ro code  0x100441ac     0x2c  rom_ll_timehandling.o [5]
  i.encrypt               ro code  0x100441d8     0x88  rom_ll_routines_support.o [5]
  i.hci_le_enhanced_connection_complete_event_push
                          ro code  0x10044260     0x90  ll_routines_master.o [5]
  i.hci_le_connection_complete_event_push
                          ro code  0x100442f0     0x78  ll_routines_master.o [5]
  i.hci_encryption_key_refresh_complete_event_push
                          ro code  0x10044368     0x48  ll_routines_master.o [5]
  i.hci_encryption_change_event_push
                          ro code  0x100443b0     0x4c  ll_routines_master.o [5]
  i.Acl_Tx_Cmpl_Pkt_Handler
                          ro code  0x100443fc     0x1e  acl.o [5]
  .text                   ro code  0x1004441a      0x2  startup_bluenrg1.o [1]
  i.aci_event_fifo_push_header
                          ro code  0x1004441c     0xc8  aci_events.o [5]
  i.aci_event_fifo_push   ro code  0x100444e4     0x28  aci_events.o [5]
  i.hci_le_connection_update_complete_event_push
                          ro code  0x1004450c     0x58  ll_routines_master.o [5]
  i.hci_le_direct_advertising_report_event_push
                          ro code  0x10044564     0x74  ll_routines_master.o [5]
  i.hci_le_advertising_report_event_push
                          ro code  0x100445d8     0x80  ll_routines_master.o [5]
  i.Reclassify_All_Channels
                          ro code  0x10044658     0xc0  ll_routines_master.o [5]
  i.Acl_Rcv_Pkt_Handler   ro code  0x10044718     0x1e  acl.o [5]
  i.Hal_Get_Random_Number32
                          ro code  0x10044736     0x12  hal.o [5]
  .text                   ro code  0x10044748      0x2  IntDivZer.o [7]
  .text                   ro code  0x1004474a      0x2  startup_bluenrg1.o [1]
  i.PRIVWHIT_u8SearchAddrInList
                          ro code  0x1004474c     0xa0  ll_privacy.o [5]
  i.LL_Encrypt_Plain_Data
                          ro code  0x100447ec     0x54  ll_routines_support.o [5]
  i.PRIVWHIT_u8AddAddrInList
                          ro code  0x10044840    0x1d8  ll_privacy.o [5]
  i.PRIVWHIT_u8RemoveAddrInList
                          ro code  0x10044a18     0xc8  ll_privacy.o [5]
  .text                   ro code  0x10044ae0     0x5c  ABImemcpy.o [7]
  .text                   ro code  0x10044b3c     0x58  ABImemset.o [7]
  .text                   ro code  0x10044b94     0x28  memcmp.o [7]
  i.fifoBuf_getFreeHeader
                          ro code  0x10044bbc     0x6a  aci_events.o [5]
  i.AES128ECB_Wrapper     ro code  0x10044c26     0x7e  aes128cmac.o [5]
  i.AES_keyschedule_enc   ro code  0x10044ca4     0x36  crypto.o [5]
  .text                   ro code  0x10044cda      0x2  startup_bluenrg1.o [1]
  i.AES_general_SW_enc    ro code  0x10044cdc    0x268  crypto.o [5]
  i.AES_keyschedule_enc_LL
                          ro code  0x10044f44    0x15c  crypto.o [5]
  .text                   ro code  0x100450a0   0x16b8  dlmalloc.o [3]
  .text                   ro code  0x10046758      0xa  abort.o [3]
  .text                   ro code  0x10046762      0x2  startup_bluenrg1.o [1]
  .text                   ro code  0x10046764     0x2c  xgetmemchunk.o [3]
  .text                   ro code  0x10046790     0x3c  xsyslock.o [3]
  .text                   ro code  0x100467cc      0xc  XXexit.o [7]
  .text                   ro code  0x100467d8    0x164  xsyslock_mtx.o [3]
  .text                   ro code  0x1004693c    0x23a  mbed_boot.o [1]
  .text                   ro code  0x10046b76      0x2  startup_bluenrg1.o [1]
  .text                   ro code  0x10046b78    0x894  rtx_thread.o [1]
  .text                   ro code  0x1004740c     0x28  mbed_error.o [1]
  .text                   ro code  0x10047434    0x348  rtx_kernel.o [1]
  .text                   ro code  0x1004777c    0x420  rtx_mutex.o [1]
  .text                   ro code  0x10047b9c     0x1c  dynamic_init.o [7]
  .text                   ro code  0x10047bb8     0xd8  main.o [1]
  .text                   ro code  0x10047c90      0x4  low_level_init.o [3]
  .text                   ro code  0x10047c94     0x28  data_init.o [7]
  .text                   ro code  0x10047cbc      0x2  mbed_overrides.o [1]
  .text                   ro code  0x10047cbe      0x2  rtx_evr.o [1]
  .text                   ro code  0x10047cc0      0x2  rtx_evr.o [1]
  .text                   ro code  0x10047cc2      0x2  rtx_evr.o [1]
  .text                   ro code  0x10047cc4      0x2  rtx_evr.o [1]
  .text                   ro code  0x10047cc6      0x2  rtx_evr.o [1]
  .text                   ro code  0x10047cc8      0x2  rtx_evr.o [1]
  .text                   ro code  0x10047cca      0x2  rtx_evr.o [1]
  .text                   ro code  0x10047ccc      0x2  rtx_evr.o [1]
  .text                   ro code  0x10047cce      0x2  rtx_evr.o [1]
  .text                   ro code  0x10047cd0      0x2  rtx_evr.o [1]
  .text                   ro code  0x10047cd2      0x2  rtx_evr.o [1]
  .text                   ro code  0x10047cd4      0x2  rtx_evr.o [1]
  .text                   ro code  0x10047cd6      0x2  startup_bluenrg1.o [1]
  .text                   ro code  0x10047cd8    0x310  mbed_rtx_handlers.o [1]
  .text                   ro code  0x10047fe8     0xcc  rtx_mempool.o [1]
  .text                   ro code  0x100480b4     0x70  rtx_memory.o [1]
  .text                   ro code  0x10048124     0x4e  rtx_memory.o [1]
  .text                   ro code  0x10048172      0x2  rtx_evr.o [1]
  .text                   ro code  0x10048174      0x2  rtx_evr.o [1]
  .text                   ro code  0x10048176      0x2  rtx_evr.o [1]
  .text                   ro code  0x10048178      0x2  rtx_evr.o [1]
  .text                   ro code  0x1004817a      0x2  rtx_evr.o [1]
  .text                   ro code  0x1004817c      0x2  rtx_evr.o [1]
  .text                   ro code  0x1004817e      0x2  startup_bluenrg1.o [1]
  .text                   ro code  0x10048180     0x64  mbed_board.o [1]
  .text                   ro code  0x100481e4    0x424  mbed_retarget.o [1]
  .text                   ro code  0x10048608     0x3e  rtx_memory.o [1]
  .text                   ro code  0x10048646      0x2  rtx_evr.o [1]
  .text                   ro code  0x10048648      0x2  rtx_evr.o [1]
  .text                   ro code  0x1004864a      0x2  startup_bluenrg1.o [1]
  .text                   ro code  0x1004864c     0x4c  os_systick.o [1]
  .text                   ro code  0x10048698      0x6  os_systick.o [1]
  .text                   ro code  0x1004869e      0x2  startup_bluenrg1.o [1]
  .text                   ro code  0x100486a0     0x30  os_systick.o [1]
  .text                   ro code  0x100486d0      0x2  rtx_evr.o [1]
  .text                   ro code  0x100486d2      0x2  rtx_evr.o [1]
  .text                   ro code  0x100486d4      0x2  rtx_evr.o [1]
  .text                   ro code  0x100486d6      0x2  rtx_evr.o [1]
  .text                   ro code  0x100486d8      0x2  rtx_evr.o [1]
  .text                   ro code  0x100486da      0x2  rtx_evr.o [1]
  .text                   ro code  0x100486dc      0x2  rtx_evr.o [1]
  .text                   ro code  0x100486de      0x2  rtx_evr.o [1]
  .text                   ro code  0x100486e0      0x2  rtx_evr.o [1]
  .text                   ro code  0x100486e2      0x2  rtx_evr.o [1]
  .text                   ro code  0x100486e4      0x2  rtx_evr.o [1]
  .text                   ro code  0x100486e6      0x2  rtx_evr.o [1]
  .text                   ro code  0x100486e8      0x2  rtx_evr.o [1]
  .text                   ro code  0x100486ea      0x2  startup_bluenrg1.o [1]
  .text                   ro code  0x100486ec     0xa4  cppinit.o [3]
  .text                   ro code  0x10048790     0x5e  Serial.o [1]
  .text                   ro code  0x100487ee     0x4e  cxxabi.o [4]
  .text                   ro code  0x1004883c     0x3c  mbed_gpio.o [1]
  .text                   ro code  0x10048878    0x138  SPI.o [1]
  .text                   ro code  0x100489b0    0x96c  Blue1.o [1]
  .text                   ro code  0x1004931c     0x24  mbed_rtx_idle.o [1]
  .text                   ro code  0x10049340     0x1c  Thread.o [1]
  .text                   ro code  0x1004935c      0x2  rtx_evr.o [1]
  .text                   ro code  0x1004935e      0x2  rtx_evr.o [1]
  .text                   ro code  0x10049360      0x2  rtx_evr.o [1]
  .text                   ro code  0x10049362      0x2  rtx_evr.o [1]
  .text                   ro code  0x10049364      0x2  rtx_evr.o [1]
  .text                   ro code  0x10049366      0x2  startup_bluenrg1.o [1]
  .text                   ro code  0x10049368     0x74  mbed_critical.o [1]
  .text                   ro code  0x100493dc     0x3c  vsnprint.o [3]
  .text                   ro code  0x10049418    0x114  serial_api.o [1]
  .text                   ro code  0x1004952c     0x40  mbed_critical.o [1]
  .text                   ro code  0x1004956c     0x50  SPI.o [1]
  .text                   ro code  0x100495bc     0xec  Mutex.o [1]
  .text                   ro code  0x100496a8     0x22  strcmp.o [7]
  .text                   ro code  0x100496ca      0x2  startup_bluenrg1.o [1]
  .text                   ro code  0x100496cc     0x10  errno.o [3]
  .text                   ro code  0x100496dc     0xa4  FilePath.o [1]
  .text                   ro code  0x10049780     0xf4  mbed_board.o [1]
  .text                   ro code  0x10049874     0xb0  setvbuf.o [3]
  .text                   ro code  0x10049924     0x2a  fopen.o [3]
  .text                   ro code  0x1004994e      0x2  rtx_evr.o [1]
  .text                   ro code  0x10049950    0x1d4  SerialBase.o [1]
  .text                   ro code  0x10049b24     0xec  Stream.o [1]
  .text                   ro code  0x10049c10     0x8c  gpio_api.o [1]
  .text                   ro code  0x10049c9c    0x1f0  spi_api.o [1]
  .text                   ro code  0x10049e8c     0x24  printf.o [3]
  .text                   ro code  0x10049eb0     0x32  I32ToFlt.o [6]
  .text                   ro code  0x10049ee2     0xb0  FltMul.o [6]
  .text                   ro code  0x10049f92    0x116  FltAddSub.o [6]
  .text                   ro code  0x1004a0a8     0x32  FltToDbl.o [6]
  .text                   ro code  0x1004a0da      0x2  startup_bluenrg1.o [1]
  i.BlueNRG_Stack_Initialization
                          ro code  0x1004a0dc     0x30  bluenrg_main_func.o [5]
  i.aci_hal_write_config_data
                          ro code  0x1004a10c      0x8  bluenrg_hal_aci.o [5]
  i.aci_hal_set_tx_power_level
                          ro code  0x1004a114      0x8  bluenrg_hal_aci.o [5]
  i.aci_gatt_init         ro code  0x1004a11c      0x8  bluenrg_gatt_aci.o [5]
  i.aci_gap_init          ro code  0x1004a124     0x30  bluenrg_gap_aci.o [5]
  i.aci_gatt_update_char_value
                          ro code  0x1004a154     0x14  bluenrg_gatt_aci.o [5]
  i.aci_gap_set_authentication_requirement
                          ro code  0x1004a168     0x7c  bluenrg_gap_aci.o [5]
  .text                   ro code  0x1004a1e4    0x430  gatt_db.o [1]
  i.HAL_VTimerStart_ms    ro code  0x1004a614     0x1a  host_timer.o [5]
  i.hci_le_set_scan_response_data
                          ro code  0x1004a62e     0x16  hci.o [5]
  i.aci_gap_set_discoverable
                          ro code  0x1004a644     0x42  bluenrg_gap_aci.o [5]
  .text                   ro code  0x1004a686      0x2  Stream.o [1]
  i.BTLE_StackTick        ro code  0x1004a688     0x8c  bluenrg_main_func.o [5]
  .text                   ro code  0x1004a714     0x34  I32ToDbl.o [6]
  .text                   ro code  0x1004a748    0x184  DblMul.o [6]
  .text                   ro code  0x1004a8cc     0x52  DblToI32.o [6]
  .text                   ro code  0x1004a91e      0x2  Stream.o [1]
  .text                   ro code  0x1004a920     0x3a  FltToS32.o [6]
  .text                   ro code  0x1004a95a      0x4  mbed_sleep_manager.o [1]
  .text                   ro code  0x1004a95e      0x2  Ticker.o [1]
  .text                   ro code  0x1004a960     0x4c  rtx_delay.o [1]
  .text                   ro code  0x1004a9ac     0x54  mbed_assert.o [1]
  .text                   ro code  0x1004aa00   0x10de  xprintflarge.o [3]
  i.hci_data_buffer_overflow_event_cb
                          ro code  0x1004bade      0x2  aci_events.o [5]
  .text                   ro code  0x1004bae0     0x18  BlueNRG1_sysCtrl.o [1]
  .text                   ro code  0x1004baf8      0xc  pin_device.o [1]
  .text                   ro code  0x1004bb04     0xe6  BlueNRG1_gpio.o [1]
  .text                   ro code  0x1004bbec    0x1e0  BlueNRG1_uart.o [1]
  .text                   ro code  0x1004bdcc     0x78  misc.o [1]
  .text                   ro code  0x1004be44      0x2  xtls.o [3]
  .text                   ro code  0x1004be48    0x104  FileBase.o [1]
  .text                   ro code  0x1004bf4c     0x52  mbed_wait_api_rtos.o [1]
  .text                   ro code  0x1004bfa0     0xe8  xfofind.o [3]
  .text                   ro code  0x1004c088    0x12c  xfoprep.o [3]
  .text                   ro code  0x1004c1b4     0x30  Ticker.o [1]
  .text                   ro code  0x1004c1e4     0x12  SerialBase.o [1]
  .text                   ro code  0x1004c1f6     0x18  Ticker.o [1]
  .text                   ro code  0x1004c20e     0x1e  SerialBase.o [1]
  .text                   ro code  0x1004c22c      0x8  FileHandle.o [1]
  .text                   ro code  0x1004c234     0x7e  fclose.o [3]
  .text                   ro code  0x1004c2b4    0x128  BlueNRG1_spi.o [1]
  i.BlueNRG_Stack_Initialize_RAM_check
                          ro code  0x1004c3dc     0x64  bluenrg_main_func.o [5]
  i._BlueNRG_Stack_Initialization
                          ro code  0x1004c440     0x94  bluenrg_main_func.o [5]
  i.HAL_Write_ConfigData  ro code  0x1004c4d4     0x68  hal.o [5]
  i.HAL_Set_TX_Power_Level
                          ro code  0x1004c53c     0x44  hal.o [5]
  i.Gatt_Server_Init      ro code  0x1004c580    0x190  gatt_server.o [5]
  i.GAP_Init              ro code  0x1004c710    0x1f8  gap.o [5]
  i.Gatt_Update_Charac_Value
                          ro code  0x1004c908     0x64  gatt_server.o [5]
  i.SM_Set_Authentication_req
                          ro code  0x1004c96c     0x80  sm_common.o [5]
  i.aci_gatt_add_service  ro code  0x1004c9ec     0x36  bluenrg_gatt_aci.o [5]
  i.aci_gatt_add_char     ro code  0x1004ca22     0x3e  bluenrg_gatt_aci.o [5]
  i.aci_gatt_add_char_desc
                          ro code  0x1004ca60     0x50  bluenrg_gatt_aci.o [5]
  i.aci_gatt_allow_read   ro code  0x1004cab0      0xc  bluenrg_gatt_aci.o [5]
  i.HAL_VTimerGetCurrentTime_sysT32
                          ro code  0x1004cabc     0x12  host_timer.o [5]
  i.HAL_VTimerAcc_sysT32_ms
                          ro code  0x1004cad0     0x24  host_timer.o [5]
  i.HAL_VTimerStart_sysT32
                          ro code  0x1004caf4     0x1a  host_timer.o [5]
  i.LL_Set_Scan_Resp_Data
                          ro code  0x1004cb10     0x60  rom_ll_ll_routines.o [5]
  i._aci_gap_set_discoverable_param_check
                          ro code  0x1004cb70     0x6c  bluenrg_gap_aci.o [5]
  i.GAP_Set_Discoverable_Mode
                          ro code  0x1004cbdc     0x38  gap.o [5]
  i.Timer_ProcessQ        ro code  0x1004cc14    0x144  host_timer.o [5]
  i.hci_acl_Process_Q     ro code  0x1004cd58     0x64  hci.o [5]
  i.Controller_Process_Q  ro code  0x1004cdbc      0xc  hci.o [5]
  i.Events_Process_Q      ro code  0x1004cdc8    0x120  aci_events.o [5]
  i.BlueNRG_Stack_Perform_Crystal_Check
                          ro code  0x1004cee8     0xb8  bluenrg_main_func.o [5]
  i.patch_advance_transmit
                          ro code  0x1004cfa0     0x44  routines_support.o [5]
  i.GAP_Process_Q         ro code  0x1004cfe4     0x70  gap.o [5]
  i.Gatt_Process_Q        ro code  0x1004d054    0x160  gatt_server.o [5]
  i.SMP_Process_Q         ro code  0x1004d1b4    0x114  securitymgr.o [5]
  .text                   ro code  0x1004d2c8      0x2  rtx_evr.o [1]
  .text                   ro code  0x1004d2ca     0x1c  xmbtowc.o [3]
  .text                   ro code  0x1004d2e6     0x14  strchr.o [7]
  .text                   ro code  0x1004d2fa     0x10  strlen.o [7]
  .text                   ro code  0x1004d30a     0x18  memchr.o [7]
  .text                   ro code  0x1004d322      0xa  xmbcurmax.o [3]
  .text                   ro code  0x1004d32c     0x18  xwctomb.o [3]
  .text                   ro code  0x1004d344     0x6a  I64DivMod.o [7]
  .text                   ro code  0x1004d3ae     0x32  DblCmpLe.o [6]
  .text                   ro code  0x1004d3e0     0xc2  DblDiv.o [6]
  .text                   ro code  0x1004d4a2    0x1a8  DblAddSub.o [6]
  .text                   ro code  0x1004d64c     0x68  localeconv.o [3]
  .text                   ro code  0x1004d6b4     0x20  div.o [3]
  .text                   ro code  0x1004d6d4     0x2c  strncmp.o [3]
  .text                   ro code  0x1004d700      0xc  mbed_us_ticker_api.o [1]
  .text                   ro code  0x1004d70c    0x31c  mbed_ticker_api.o [1]
  .text                   ro code  0x1004da28     0x60  xfopen.o [3]
  .text                   ro code  0x1004da88     0xb4  fflush.o [3]
  i.Dynamic_allocator     ro code  0x1004db3c    0x270  mem_alloc.o [5]
  i.Dynamic_allocator_noRet
                          ro code  0x1004ddac      0x2  mem_alloc.o [5]
  i.BlueNRG_Stack_Initialize_RAM
                          ro code  0x1004ddb0     0x2c  bluenrg_main_func.o [5]
  .text                   ro code  0x1004dddc     0xf4  BlueNRG1_pka.o [1]
  i.BlueNRG_Stack_Initialize_ConfigData
                          ro code  0x1004ded0     0x48  bluenrg_main_func.o [5]
  i.BlueNRG_Stack_Initialize_Layers
                          ro code  0x1004df18     0x8c  bluenrg_main_func.o [5]
  i.PRIVWHIT_vInit_Struct
                          ro code  0x1004dfa4     0x78  ll_privacy.o [5]
  i.SMP_Force_SC_Debug_Key_Usage
                          ro code  0x1004e01c     0x20  smp_scv42_isap.o [5]
  i.acl_list_init         ro code  0x1004e03c     0x12  acl_list.o [5]
  i.List_Circular_Insert_Tail
                          ro code  0x1004e04e      0xe  rom_list.o [5]
  i.GATT_Server_Set_Flag  ro code  0x1004e05c     0x14  gatt_server.o [5]
  i.Gatt_Add_Service      ro code  0x1004e070    0x150  gatt_server.o [5]
  i.Gatt_Add_Characteristic
                          ro code  0x1004e1c0    0x330  gatt_server.o [5]
  i.IDD_Initialize_Device_IDs
                          ro code  0x1004e4f0    0x12c  device_id_data.o [5]
  i.Get_StaticRandAddr    ro code  0x1004e61c     0x14  rom_gap_rom.o [5]
  i.LL_LE_Set_Resolvable_Private_Address_Timeout
                          ro code  0x1004e630     0x1c  ll_privacy.o [5]
  i.hci_le_set_event_mask
                          ro code  0x1004e64c     0x24  hci.o [5]
  i.LL_SetAddressResolutionEnable
                          ro code  0x1004e670      0x8  routines_support.o [5]
  i.Search_Service_Handle
                          ro code  0x1004e678     0x28  gatt_server.o [5]
  i.Search_Handle         ro code  0x1004e6a0     0x1e  rom_gatt_server.o [5]
  i.Gatt_Update_Charac_Value_Ext
                          ro code  0x1004e6c0    0x308  gatt_server.o [5]
  i._load_uuid            ro code  0x1004e9c8     0x26  bluenrg_gatt_aci.o [5]
  i.Gatt_Add_Charac_Desc  ro code  0x1004e9f0    0x15c  gatt_server.o [5]
  i.Gatt_Appl_Auth_For_Read
                          ro code  0x1004eb4c     0xfc  gatt_server.o [5]
  i.Timer_sysTime32_convMachineTime
                          ro code  0x1004ec48     0x20  host_timer.o [5]
  i.Timer_StartOneShot_sysTime32
                          ro code  0x1004ec68     0x70  host_timer.o [5]
  i._gap_set_discoverable_connectable
                          ro code  0x1004ecd8    0x16c  gap.o [5]
  i.TimerCallback         ro code  0x1004ee44     0x7c  host_timer.o [5]
  i.List_Circular_Remove_Node
                          ro code  0x1004eec0     0x20  rom_list.o [5]
  i.acl_list_is_empty     ro code  0x1004eee0     0x10  acl_list.o [5]
  i.Acl_Transmit_Data     ro code  0x1004eef0     0x48  acl.o [5]
  i.acl_list_remove       ro code  0x1004ef38     0x20  acl_list.o [5]
  i.PRIV_u8OfflineProcessing
                          ro code  0x1004ef58    0x1f8  ll_privacy.o [5]
  i.PKA_Offline_Processing
                          ro code  0x1004f150     0xbc  hci.o [5]
  i.hci_hardware_error_event
                          ro code  0x1004f20c      0x2  aci_events.o [5]
  i.hal_radio_activity_state_callback_check
                          ro code  0x1004f210     0x34  hal.o [5]
  i.BlueNRG_Start_Crystal_Measurement
                          ro code  0x1004f244     0x1c  bluenrg_main_func.o [5]
  i.set_freq              ro code  0x1004f260     0x7c  rom_ll_timehandling.o [5]
  i.advance_transmit      ro code  0x1004f2dc     0xb8  rom_ll_routines_support.o [5]
  i.Timer_StopOneShot     ro code  0x1004f394     0x54  host_timer.o [5]
  i.aci_gap_limited_discoverable_event_push
                          ro code  0x1004f3e8     0x40  gap.o [5]
  i.Gatt_Read_Charac_By_Uuid
                          ro code  0x1004f428     0x88  gatt_client.o [5]
  i.Gatt_Reset_To_Closed_State
                          ro code  0x1004f4b0     0xc0  gatt_server.o [5]
  i.SMP_Forget_Device_by_ConnHandle
                          ro code  0x1004f570     0x1c  sm_common.o [5]
  i.SMP_Check_Is_Device_Bonded
                          ro code  0x1004f58c     0x48  sm_common.o [5]
  i.Check_For_Service_Change
                          ro code  0x1004f5d4    0x30c  gatt_server.o [5]
  i.GATT_Clear_Flag       ro code  0x1004f8e0      0x8  rom_att.o [5]
  i.Process_Peer_Server_Data
                          ro code  0x1004f8e8    0x210  gatt_server.o [5]
  i.Process_Peer_Client_Data
                          ro code  0x1004faf8    0x228  gatt_server.o [5]
  i.acl_list_remove_head  ro code  0x1004fd20     0x20  acl_list.o [5]
  i.L2C_Send_Data         ro code  0x1004fd40     0x2c  l2cap.o [5]
  i.acl_list_insert_tail  ro code  0x1004fd6c     0x20  acl_list.o [5]
  i.hci_le_read_local_p256_public_key
                          ro code  0x1004fd8c     0x5c  hci.o [5]
  i.sm_Get_Long_Term_Key  ro code  0x1004fde8     0x90  securitymgr.o [5]
  i.LL_Get_LTK            ro code  0x1004fe78     0xd4  ll_routines_support.o [5]
  i.smp_Execute_Actions_wrt_Current_State
                          ro code  0x1004ff4c    0x26c  securitymgr.o [5]
  i.SM_Get_Remote_Device_Info
                          ro code  0x100501b8     0x48  sm_common.o [5]
  i.smp_Process_Rx_Packet_wrt_Current_State
                          ro code  0x10050200    0x178  securitymgr.o [5]
  i.smp____Pairing_Process_Abort
                          ro code  0x10050378     0xbc  securitymgr.o [5]
  i.smp_Process_Rx_Packet_Exception_Cases
                          ro code  0x10050434     0xb4  securitymgr.o [5]
  i.acl_list_insert_head  ro code  0x100504e8     0x20  acl_list.o [5]
  i.PM_Release_Pckt       ro code  0x10050508     0x5c  pm.o [5]
  .text                   ro code  0x10050564     0x14  setlocale.o [3]
  .text                   ro code  0x10050578     0x50  xencoding_sb.o [3]
  .text                   ro code  0x100505c8      0x2  I64DivZer.o [7]
  .text                   ro code  0x100505cc     0x22  I64Shl.o [7]
  .text                   ro code  0x100505f0     0x32  I64Mul.o [7]
  i.Mem_assign            ro code  0x10050622     0x16  mem_alloc.o [5]
  i.mem_alloc_ctx_init    ro code  0x10050638     0xa8  mem_alloc.o [5]
  i.hal_get_hw_version    ro code  0x100506e0     0x20  hal.o [5]
  i.Timer_Init            ro code  0x10050700     0x34  host_timer.o [5]
  i.LL_Init               ro code  0x10050734    0x180  rom_ll_ll_routines.o [5]
  i.PM_Init               ro code  0x100508b4     0x70  pm.o [5]
  i.Acl_Init              ro code  0x10050924     0x34  acl.o [5]
  i.L2C_Init              ro code  0x10050958     0x44  l2cap.o [5]
  i.SMP_Init              ro code  0x1005099c     0x70  sm_common.o [5]
  i.GAP_Init_Context      ro code  0x10050a0c     0x14  gap.o [5]
  i.HCI_Init              ro code  0x10050a20     0x54  hci.o [5]
  i.HAL_Init              ro code  0x10050a74     0x18  hal.o [5]
  i.Events_Process_init   ro code  0x10050a8c     0x50  aci_events.o [5]
  i.smp____SC_is_any_other_SC_Pairing_Ongoing
                          ro code  0x10050adc     0x38  smp_scv42_isap.o [5]
  i.smp____SC_initialize  ro code  0x10050b14     0x58  smp_scv42_isap.o [5]
  i.Gatt_Server_Db_Check  ro code  0x10050b6c     0x4c  gatt_server.o [5]
  i.List_Circular_Get_Size
                          ro code  0x10050bb8     0x12  rom_list.o [5]
  i.Ind_Service_Change_Charac
                          ro code  0x10050bcc     0x44  gatt_server.o [5]
  i.Get_GAP_Handle        ro code  0x10050c10     0x10  rom_gap_rom.o [5]
  i.GAP_Notify_Add_Charac
                          ro code  0x10050c20     0x98  rom_gap_rom.o [5]
  i.Check_Encry_Key_Size  ro code  0x10050cb8     0x18  rom_gatt_server.o [5]
  i.HAL_Generate_Random_Bytes_To
                          ro code  0x10050cd0     0x20  hal.o [5]
  i.HAL_Flash_Store_Data  ro code  0x10050cf0     0x50  hal.o [5]
  .text                   ro code  0x10050d40     0x3c  BlueNRG1_flash.o [1]
  i.is_Buffer_All_Set_To  ro code  0x10050d7c     0x1e  utils.o [5]
  i.LL_LE_Set_Address_Resolution_Enable
                          ro code  0x10050d9c     0x24  ll_privacy.o [5]
  i.PM_Get_Pckt           ro code  0x10050dc0     0x80  pm.o [5]
  i.PM_Extend_Pckt_Pdu_Size
                          ro code  0x10050e40     0x36  pm.o [5]
  i.Build_Notif_Or_Ind    ro code  0x10050e76     0x46  gatt_server.o [5]
  i.Send_Notif_Or_Ind     ro code  0x10050ebc     0x7c  gatt_server.o [5]
  i.__ARM_common_switch8  ro code  0x10050f38     0x1a  rom_ll_routines_support.o [5]
  i.Gatt_Add_Descriptor   ro code  0x10050f54    0x150  gatt_server.o [5]
  i.Find_Gatt_Client      ro code  0x100510a4     0x40  gatt_client.o [5]
  i.acl_list_get_pckt_count
                          ro code  0x100510e4      0x4  acl_list.o [5]
  i.Send_Error_Resp       ro code  0x100510e8     0x30  rom_att.o [5]
  i.Read_Resp             ro code  0x10051118    0x146  att.o [5]
  i.Read_Blob_Resp        ro code  0x1005125e    0x160  att.o [5]
  i.Read_Multi_Resp       ro code  0x100513c0    0x1a4  att.o [5]
  i.Read_By_Type_Resp     ro code  0x10051564    0x344  att.o [5]
  i.PM_Set_ConnHandle     ro code  0x100518a8      0xc  pm.o [5]
  i.GATT_Set_Flag         ro code  0x100518b4      0x8  rom_att.o [5]
  i.List_Circular_Remove_Head
                          ro code  0x100518bc     0x1a  rom_list.o [5]
  i.LL_Enable_Disable_Adv
                          ro code  0x100518d8    0x1cc  rom_ll_ll_routines.o [5]
  i.GAP_Privacy1v2        ro code  0x10051aa4    0x1c8  rom_gap.o [5]
  i.gapClearAllModeFlags  ro code  0x10051c6c     0x14  gap.o [5]
  i.advParamsCheckAndSet  ro code  0x10051c80     0x78  gap.o [5]
  i.setGapAdvData         ro code  0x10051cf8    0x100  gap.o [5]
  i.LL_Set_Adv_Params     ro code  0x10051df8    0x2ec  rom_ll_ll_routines.o [5]
  i.GAP_LimDiscTimeoutcb  ro code  0x100520e4     0x2c  gap.o [5]
  i.GAP_PrivateAddrTimercb
                          ro code  0x10052110     0x44  rom_gap.o [5]
  i.GATT_TimeOut_Handler  ro code  0x10052154     0x1a  gatt_server.o [5]
  i.L2C_SigChan_Req_TimeOut_Handler
                          ro code  0x10052170     0x4c  l2cap.o [5]
  i.SMP_Timer_cb          ro code  0x100521bc     0x50  sm_common.o [5]
  i.SMP_Repeated_Attacks_Timer_cb
                          ro code  0x1005220c     0x78  sm_common.o [5]
  i.GAP_DiscProcTimeoutcb
                          ro code  0x10052284     0x48  gap.o [5]
  i.List_Circular_Node_Present
                          ro code  0x100522cc     0x16  rom_list.o [5]
  i.Acl_Transmit_Packet   ro code  0x100522e2     0x16  acl.o [5]
  i.PM_Get_Fragments_Count
                          ro code  0x100522f8     0x12  pm.o [5]
  i.PKA_Get_Current_Operation
                          ro code  0x1005230c     0x14  pka.o [5]
  i.hci_le_read_local_p256_public_key_complete_event_push
                          ro code  0x10052320     0x58  hci.o [5]
  i.hci_le_generate_dhkey_complete_event_push
                          ro code  0x10052378     0x54  hci.o [5]
  i.hal_read_radio_activity_state
                          ro code  0x100523cc     0x40  hal.o [5]
  i.Check_Flags           ro code  0x1005240c     0x38  gatt_client.o [5]
  i.Att_Send_Read_By_Typ_Req_Pdu
                          ro code  0x10052444     0x7c  rom_att.o [5]
  i.Gatt_Flush_Pending_AclPacket_Lists
                          ro code  0x100524c0     0x74  gatt_server.o [5]
  i.Gatt_Find_Timed_Out_Connection_Index
                          ro code  0x10052534     0x38  gatt_server.o [5]
  i.Gatt_Store_Server_Database_And_Reset_CCCD
                          ro code  0x1005256c    0x150  gatt_server.o [5]
  i.SDB_Find_Record       ro code  0x100526bc     0xcc  sdb.o [5]
  i.SDB_Read_Peer_Bonded_Data
                          ro code  0x10052788     0x22  sdb.o [5]
  i.Fetch_Handle          ro code  0x100527aa     0x3c  rom_gatt_server.o [5]
  i.Find_Attr_Index       ro code  0x100527e8     0x50  gatt_server.o [5]
  i.Stop_Gatt_Timer       ro code  0x10052838     0x1c  rom_gatt_server.o [5]
  i.Start_Gatt_Timer      ro code  0x10052854     0x24  rom_gatt_server.o [5]
  i.L2CAP_Get_PDU_Len     ro code  0x10052878      0xe  l2cap.o [5]
  i.PM_Copy_Pckt_Data     ro code  0x10052886     0x14  pm.o [5]
  i.Exchg_Mtu_Resp        ro code  0x1005289c     0xb4  rom_att.o [5]
  i.Find_Info_Resp        ro code  0x10052950    0x206  rom_att.o [5]
  i.Find_By_Type_Val_Resp
                          ro code  0x10052b58    0x2a0  att.o [5]
  i.Read_By_Grp_Type_Resp
                          ro code  0x10052df8    0x360  att.o [5]
  i.Write_Resp            ro code  0x10053158    0x14a  att.o [5]
  i.Prepare_Write_Resp    ro code  0x100532a4    0x194  att.o [5]
  i.Exec_Write_Resp       ro code  0x10053438    0x258  att.o [5]
  i.Write_Cmd             ro code  0x10053690    0x132  att.o [5]
  i.PKA_Generate_ECDH_Public_Key
                          ro code  0x100537c4     0xc4  pka.o [5]
  i.SMA_GenEDIV_RecovDIV  ro code  0x10053888     0x7c  ssm_algo.o [5]
  i.SDB_Find_Matching_LTK
                          ro code  0x10053904     0xa8  rom_sdb.o [5]
  i.SMA_Diversify         ro code  0x100539ac     0x2e  ssm_algo.o [5]
  i.get_connection_no     ro code  0x100539dc     0x84  multi_master_time.o [5]
  i.smp____MI_PairingConfirm_Receive
                          ro code  0x10053a60     0x56  securitymgr.o [5]
  i.GapIsPrivacySupported
                          ro code  0x10053ab8     0x14  rom_gap.o [5]
  i.SDB_Get_Number_Of_Records
                          ro code  0x10053acc     0x44  rom_sdb.o [5]
  i.SDB_Get_Data_From_Record
                          ro code  0x10053b10     0xde  sdb.o [5]
  i.smp____SC_submit_ECC_PK_generation_request
                          ro code  0x10053bf0     0x1c  smp_scv42_isap.o [5]
  i.smp____SC_PairingPublicKey_Send
                          ro code  0x10053c0c     0x68  smp_scv42_isap.o [5]
  i.smp____MI_PairingConfirm_Send
                          ro code  0x10053c74     0x98  securitymgr.o [5]
  i.smp____SC_Pairing_OOB_Confirm_Receive_and_Verify
                          ro code  0x10053d0c     0x90  smp_scv42_isap.o [5]
  i.smp____SR_PairingConfirm_Receive
                          ro code  0x10053d9c     0xb0  securitymgr.o [5]
  i.smp____SC_Phase_2AS2_Start
                          ro code  0x10053e4c     0xb4  smp_scv42_isap.o [5]
  i.smp____PairingFailed_Send
                          ro code  0x10053f00     0x30  securitymgr.o [5]
  i.smp_Keys_Distribution_Start
                          ro code  0x10053f30     0x36  sm_common.o [5]
  i.smp_Keys_Distribution_Send
                          ro code  0x10053f68    0x12c  securitymgr.o [5]
  i.smp_Pairing_Completed
                          ro code  0x10054094     0xa8  sm_common.o [5]
  i.smp_Find_Remote_Device_Index
                          ro code  0x1005413c     0x40  sm_common.o [5]
  i.smp_Reset_Timer       ro code  0x1005417c     0x20  securitymgr.o [5]
  i.smp____SR_PairingRequest_Receive
                          ro code  0x1005419c    0x194  securitymgr.o [5]
  i.smp____MI_SecurityRequest_Receive
                          ro code  0x10054330     0x64  securitymgr.o [5]
  i.smp____SC_PairingPublicKey_Receive
                          ro code  0x10054394     0x70  smp_scv42_isap.o [5]
  i.smp____SR_PairingRandom_Receive
                          ro code  0x10054404    0x1a4  securitymgr.o [5]
  i.smp_Receive_Keys      ro code  0x100545a8     0xd2  sm_common.o [5]
  i.smp____MI_PairingResponse_Receive
                          ro code  0x1005467c     0x84  securitymgr.o [5]
  i.smp____MI_PairingRandom_Receive
                          ro code  0x10054700    0x1ac  securitymgr.o [5]
  i.smp____SC_Phase_2AS2_DHKeyCheck_Receive
                          ro code  0x100548ac     0x80  smp_scv42_isap.o [5]
  i.sm_RepeatedAttacks_Protection
                          ro code  0x1005492c    0x118  securitymgr.o [5]
  i.List_Circular_Insert_Head
                          ro code  0x10054a44      0xe  rom_list.o [5]
  i.LL_Rcv_ACL_Data       ro code  0x10054a54     0x30  rom_ll_ll_routines.o [5]
  i.Blue_Init_Global      ro code  0x10054a84     0x8c  routines_support.o [5]
  i.LL_LE_Clear_White_List
                          ro code  0x10054b10     0x20  ll_privacy.o [5]
  i.nsar_init             ro code  0x10054b30     0x18  multi_master_time.o [5]
  i.PM_Eng_Config         ro code  0x10054b48     0x18  pm.o [5]
  i.hal_radio_activity_state_init
                          ro code  0x10054b60     0x1c  hal.o [5]
  i.fifoCtrl_init         ro code  0x10054b7c      0xa  aci_events.o [5]
  i.PM_Get_Available_Fragments
                          ro code  0x10054b88     0x38  pm.o [5]
  i.Check_Serv_Chng_Charac_Ind_Not
                          ro code  0x10054bc0     0x80  rom_gatt_server.o [5]
  i.GATT_Num_Charac_Present
                          ro code  0x10054c40     0x3a  rom_gatt_server.o [5]
  i.get_advertiser        ro code  0x10054c7c     0x48  multi_master_time.o [5]
  i.get_scan_connection   ro code  0x10054cc4     0x48  multi_master_time.o [5]
  i.PM_Write_Pckt_Data    ro code  0x10054d0c     0x14  pm.o [5]
  i.PM_Set_Att_Pdu_Length
                          ro code  0x10054d20     0x50  pm.o [5]
  i.Select_Next_Notification_Client
                          ro code  0x10054d70     0x54  gatt_server.o [5]
  i.Gatt_Find_Srv_Owner_Of_Handle
                          ro code  0x10054dc4     0x44  gatt_server.o [5]
  i.ValidLinkPermRequest  ro code  0x10054e08     0x50  att.o [5]
  i.aci_gatt_read_permit_req_event_push
                          ro code  0x10054e58     0x38  att.o [5]
  i.Accu_Handles_Requiring_Auth
                          ro code  0x10054e90     0x6e  rom_att.o [5]
  i.aci_gatt_read_multi_permit_req_event_push
                          ro code  0x10054efe     0x50  att.o [5]
  i.STORE_LE_16           ro code  0x10054f4e      0x8  utils.o [5]
  i.Accu_UuidTypes_Requiring_Auth
                          ro code  0x10054f56     0xe8  rom_att.o [5]
  i.get_next_free_slot    ro code  0x10055040     0x34  multi_master_time.o [5]
  i.LL_Set_Advertising_Buffers
                          ro code  0x10055074     0x88  rom_ll_ll_routines.o [5]
  i.schedule_advertise_slot
                          ro code  0x100550fc     0x94  multi_master_time.o [5]
  i.LL_Allow_Address_Setting
                          ro code  0x10055190     0x42  rom_ll_ll_routines.o [5]
  i.LL_Get_AdvAddress     ro code  0x100551d4     0x40  rom_ll_ll_routines.o [5]
  i.LL_Get_ScanAddress    ro code  0x10055214     0x40  rom_ll_ll_routines.o [5]
  i.Generate_Non_Resolvable_Private_Address
                          ro code  0x10055254     0x88  rom_gap.o [5]
  i.SM_Generate_Resolvable_Private_Address
                          ro code  0x100552dc     0x4e  ssm_algo.o [5]
  i.Timer_StartOneShot    ro code  0x1005532a     0x22  host_timer.o [5]
  i.LL_Get_Adv_Tx_Power_Level
                          ro code  0x1005534c     0x18  rom_ll_routines_support.o [5]
  i.LL_Set_Adv_Data       ro code  0x10055364     0x74  rom_ll_ll_routines.o [5]
  i.Is_Address_Initialized
                          ro code  0x100553d8     0x16  rom_ll_ll_routines.o [5]
  i.LL_Check_And_Set_Addresses
                          ro code  0x100553f0    0x1c4  rom_ll_ll_routines.o [5]
  i.Find_Timed_Out_Connection
                          ro code  0x100555b4     0x38  gatt_server.o [5]
  i.aci_gap_pairing_complete_event_push
                          ro code  0x100555ec     0x4c  sm_common.o [5]
  i.LL_Enable_Disable_Scan
                          ro code  0x10055638    0x260  ll_routines_master.o [5]
  i.aci_gap_proc_complete_event_push
                          ro code  0x10055898     0x64  gap.o [5]
  i.LL_Send_ACL_Data      ro code  0x100558fc     0x54  rom_ll_ll_routines.o [5]
  i.slave_advance         ro code  0x10055950     0xfc  routines_support.o [5]
  i.store_data            ro code  0x10055a4c     0x1c  gatt_server.o [5]
  i.Flash_Write_Client_Data
                          ro code  0x10055a68     0xc8  sdb.o [5]
  i.Read_RecordValidity   ro code  0x10055b30     0x10  rom_sdb.o [5]
  i.Get_SecRec_Len_In_Words
                          ro code  0x10055b40      0xc  rom_sdb.o [5]
  i.Read_SDBRecord        ro code  0x10055b4c     0x2c  rom_sdb.o [5]
  i.SM_Resolve_Private_Address
                          ro code  0x10055b78     0x22  ssm_algo.o [5]
  i.SDB_Find_Record_By_ConnHandle
                          ro code  0x10055b9a     0x26  sdb.o [5]
  i.Find_Client_Data      ro code  0x10055bc0     0xcc  rom_sdb.o [5]
  i.Acl_Copy_Data         ro code  0x10055c8c     0x82  pm.o [5]
  i.PM_Pckt_Cmp           ro code  0x10055d0e     0x6a  pm.o [5]
  i.Gatt_Find_Srv_From_Handle
                          ro code  0x10055d78     0x28  gatt_server.o [5]
  i.aci_gatt_write_permit_req_event_push
                          ro code  0x10055da0     0x56  att.o [5]
  i.aci_gatt_attribute_modified_event_push
                          ro code  0x10055df8     0x68  att.o [5]
  i.acl_list_full_on_packt
                          ro code  0x10055e60     0x26  acl_list.o [5]
  i.PM_Clone_Pckt         ro code  0x10055e86     0x2a  pm.o [5]
  i.SM_Validate_Signed_Packet
                          ro code  0x10055eb0     0x7c  ssm_algo.o [5]
  i.CheckSecForSignedWrite
                          ro code  0x10055f2c     0x2c  att.o [5]
  i.SDB_Get_SecurityDb_Start_Addr
                          ro code  0x10055f58     0x14  sdb.o [5]
  i.Get_Max_SecDb_Size    ro code  0x10055f6c      0x4  sdb.o [5]
  i.smp_Send_Data         ro code  0x10055f70     0x2c  securitymgr.o [5]
  i.smp____SC_is_Debug_Key_Usage_Forced
                          ro code  0x10055f9c     0x14  smp_scv42_isap.o [5]
  i.SMA_SC_Gen_f4_Confirm
                          ro code  0x10055fb0     0x50  ssm_algo.o [5]
  i.smp_LP_MI_Compute_c1_Confirm_Value
                          ro code  0x10056000    0x15c  securitymgr.o [5]
  i.smp_OOB_Check_Is_Remote_Data_Present
                          ro code  0x1005615c     0x3c  sm_common.o [5]
  i.smp_OOB_Get_Remote_Data_Reference
                          ro code  0x10056198     0x4c  sm_common.o [5]
  i.smp_SR_Compute_c1_Confirm_Value
                          ro code  0x100561e4    0x170  securitymgr.o [5]
  i.smp____SC_Phase_2AS2__Set_Addresses
                          ro code  0x10056354     0x32  smp_scv42_isap.o [5]
  i.SMA_SC_Gen_f5_Keys    ro code  0x10056388     0xe0  ssm_algo.o [5]
  i.smp____SC_Phase_2AS2_Generate_DHKeyCheck
                          ro code  0x10056468    0x130  smp_scv42_isap.o [5]
  i.smp____SC_Phase_2AS2_DHKeyCheck_Send
                          ro code  0x10056598     0x5c  smp_scv42_isap.o [5]
  i.smp____Pairing_2Octets_Packet_Send
                          ro code  0x100565f4     0x48  sm_common.o [5]
  i.SMA_Generate_IRK      ro code  0x1005663c     0x28  ssm_algo.o [5]
  i.smp_Get_Local_Identity_Address
                          ro code  0x10056664     0x40  sm_common.o [5]
  i.SMA_Generate_CSRK     ro code  0x100566a4     0x28  ssm_algo.o [5]
  i.smp_Add_To_Database   ro code  0x100566cc    0x14c  sm_common.o [5]
  i.smp_OOB_Clear_Remote_Data_Entry_by_Index
                          ro code  0x10056818     0x20  sm_common.o [5]
  i.aci_gap_authorization_req_event_push
                          ro code  0x10056838     0x44  sm_common.o [5]
  i.smp_Check_Incoming_Pairing_Parameters
                          ro code  0x1005687c     0x38  securitymgr.o [5]
  i.smp_Build_AuthReq_Field
                          ro code  0x100568b4     0x1a  securitymgr.o [5]
  i.smp____SC_Continue_If_Exclusive_SC_Pairing
                          ro code  0x100568d0     0x3c  smp_scv42_isap.o [5]
  i.smp_Get_Pairing_Parameters_From_Peer_Packet
                          ro code  0x1005690c     0x88  securitymgr.o [5]
  i.smp_Set_Key_Association_Method
                          ro code  0x10056994     0x68  securitymgr.o [5]
  i.smp_Build_Pairing_ReqResp_Packet
                          ro code  0x100569fc     0x54  securitymgr.o [5]
  i.SMP_MI_PairingRequest_Send
                          ro code  0x10056a50    0x130  securitymgr.o [5]
  i.smp____SC_Verify_Peer_PK_and_Generate_DHKey
                          ro code  0x10056b80     0x44  smp_scv42_isap.o [5]
  i.SMA_SC_Gen_g2_NumComp_Val
                          ro code  0x10056bc4     0x58  ssm_algo.o [5]
  i.aci_gap_numeric_comparison_value_event_push
                          ro code  0x10056c1c     0x48  securitymgr.o [5]
  i.STORE_LE_32           ro code  0x10056c64     0x10  utils.o [5]
  i.SMA_LP_s1_Generate_STK
                          ro code  0x10056c74     0x28  ssm_algo.o [5]
  i.LL_Start_Encryption   ro code  0x10056c9c     0xec  rom_ll_ll_routines_master.o [5]
  i.Blue_Set_Radio_Config_Data
                          ro code  0x10056d88     0x24  rom_ll_routines_support.o [5]
  i.Check_Permission      ro code  0x10056dac     0x9c  rom_att.o [5]
  i.LL_Get_Address        ro code  0x10056e48     0x30  rom_ll_ll_routines.o [5]
  i.adapt_slot            ro code  0x10056e78    0x258  multi_master_time.o [5]
  i.start_timebase        ro code  0x100570d0     0xa0  multi_master_time.o [5]
  i.sm_Calculate_Hash     ro code  0x10057170     0x38  ssm_algo.o [5]
  i.convert_power         ro code  0x100571a8     0x24  rom_ll_routines_support.o [5]
  i.PRIV_vGeneratePrivateAddress
                          ro code  0x100571cc     0x62  ll_privacy.o [5]
  i.LL_Set_DirectAddress  ro code  0x10057230     0x64  rom_ll_ll_routines.o [5]
  i.LL_Set_OwnAddress     ro code  0x10057294     0x3c  rom_ll_ll_routines.o [5]
  i.request_scan_slot     ro code  0x100572d0     0x88  multi_master_time.o [5]
  i.Write_Client_Data     ro code  0x10057358    0x1b8  sdb.o [5]
  i.SDB_Delete            ro code  0x10057510    0x170  sdb.o [5]
  i.Get_SecRecord_Size    ro code  0x10057680      0x4  sdb.o [5]
  i.SDB_Get_GattDb_Start_Addr
                          ro code  0x10057684     0x18  sdb.o [5]
  i.Acl_Get_Pack_Off      ro code  0x1005769c     0x18  pm.o [5]
  i.Acl_Clone_Fragment    ro code  0x100576b4     0x20  pm.o [5]
  i.LE_TO_NRG_32          ro code  0x100576d4     0x14  utils.o [5]
  i.SM_CMAC_Generate_Tag  ro code  0x100576e8     0xc4  ssm_algo.o [5]
  i.copy_swap_buffer      ro code  0x100577ac     0x22  utils.o [5]
  i.AES_CMAC_Encrypt      ro code  0x100577ce     0x3a  aes128cmac.o [5]
  i.SMA_SC_Gen_f6_Check_Val
                          ro code  0x10057808     0x84  ssm_algo.o [5]
  i.SDB_Add_Record        ro code  0x1005788c    0x1ac  sdb.o [5]
  i.smp_Determine_Key_Association_Method
                          ro code  0x10057a38     0xb4  securitymgr.o [5]
  i.sm_Search_BlackList   ro code  0x10057aec     0x4c  securitymgr.o [5]
  i.hci_le_generate_dhkey
                          ro code  0x10057b38     0x94  hci.o [5]
  i.SM_Get_Link_Status    ro code  0x10057bcc     0x2e  sm_common.o [5]
  i.SM_Check_Encryption_KeySize
                          ro code  0x10057bfa     0x20  sm_common.o [5]
  i.nsar_updateSlotListEntry
                          ro code  0x10057c1c     0x6c  multi_master_time.o [5]
  i.nsar_insertSlotListEntry
                          ro code  0x10057c88     0x1c  multi_master_time.o [5]
  i.nsar_searchBestFreeSlot
                          ro code  0x10057ca4     0xac  multi_master_time.o [5]
  i.InvaliDate_Record     ro code  0x10057d50     0x20  rom_sdb.o [5]
  i.SDB_Get_GattDb_End_Addr
                          ro code  0x10057d70     0x1c  sdb.o [5]
  i.Flash_Write_Flagged   ro code  0x10057d8c     0x3c  nvm.o [5]
  i.Erase_Sector          ro code  0x10057dc8      0xe  sdb.o [5]
  i.Write_SDBRecord       ro code  0x10057dd8     0x6c  sdb.o [5]
  i.sm_Generate_SubKeys   ro code  0x10057e44     0x80  ssm_algo.o [5]
  i.AES_CMAC_Encrypt_Init
                          ro code  0x10057ec4     0x34  crypto.o [5]
  i.AES_CMAC_Encrypt_Append
                          ro code  0x10057ef8    0x288  crypto.o [5]
  i.AES_CMAC_Encrypt_Finish
                          ro code  0x10058180     0x6c  crypto.o [5]
  i.PKA_Start_Generate_DHKey
                          ro code  0x100581ec     0x30  pka.o [5]
  i.nsar_updateBestFreeSlot
                          ro code  0x1005821c     0x22  multi_master_time.o [5]
  i.Delay_With_NOP_Cycles
                          ro code  0x1005823e      0xe  utils.o [5]
  i.LeftShift             ro code  0x1005824c     0x2c  ssm_algo.o [5]
  i.AESstdInit            ro code  0x10058278     0xb8  crypto.o [5]
  i.AES_general_enc       ro code  0x10058330      0x8  crypto.o [5]
  .text                   ro code  0x10058338    0x6b0  rtx_msgqueue.o [1]
  .text                   ro code  0x100589e8      0x2  rtx_evr.o [1]
  .text                   ro code  0x100589ea      0x2  rtx_evr.o [1]
  .text                   ro code  0x100589ec      0x2  rtx_evr.o [1]
  .text                   ro code  0x100589ee      0x2  rtx_evr.o [1]
  .text                   ro code  0x100589f0      0x2  rtx_evr.o [1]
  .text                   ro code  0x100589f2      0x2  rtx_evr.o [1]
  .text                   ro code  0x100589f4      0x2  rtx_evr.o [1]
  .text                   ro code  0x100589f6      0x2  rtx_evr.o [1]
  .text                   ro code  0x100589f8      0x2  rtx_evr.o [1]
  .text                   ro code  0x100589fc    0x160  rtx_system.o [1]
  .text                   ro code  0x10058b5c      0x2  rtx_evr.o [1]
  .text                   ro code  0x10058b5e      0x2  rtx_evr.o [1]
  .text                   ro code  0x10058b60      0xc  os_systick.o [1]
  i.Gatt_Server_L2C_Handler
                          ro code  0x10058b6c    0x228  gatt_server.o [5]
  .text                   ro code  0x10058d94    0x1d8  system_bluenrg1.o [1]
  i.Gatt_Super_Handler_Task7
                          ro code  0x10058f6c    0x1a8  gatt_client.o [5]
  i.GAP_Started_Gatt_Proc
                          ro code  0x10059114     0x2c  gap.o [5]
  i.Gatt_Check_Not_Error_Resp
                          ro code  0x10059140     0x6c  gatt_client.o [5]
  i.aci_att_read_resp_event_push
                          ro code  0x100591ac     0x68  gatt_client.o [5]
  i.aci_att_read_multiple_resp_event_push
                          ro code  0x10059214     0x64  gatt_client.o [5]
  i.aci_att_read_blob_resp_event_push
                          ro code  0x10059278     0x68  gatt_client.o [5]
  i.Att_Send_Read_Blob_Req_Pdu
                          ro code  0x100592e0     0x4e  rom_att.o [5]
  i.GAP_Internal_Evt_Handler
                          ro code  0x10059330     0x38  gap.o [5]
  i.aci_gatt_disc_read_char_by_uuid_resp_event_push
                          ro code  0x10059368     0x74  gatt_client.o [5]
  i.aci_gatt_proc_complete_event_push
                          ro code  0x100593dc     0x48  gatt_client.o [5]
  i.aci_gatt_error_resp_event_push
                          ro code  0x10059424     0x64  gatt_client.o [5]
  i.L2C_Signal_Channel_Handler
                          ro code  0x10059488    0x19c  l2cap.o [5]
  i.Find_L2cap_conn_index
                          ro code  0x10059624     0x38  l2cap.o [5]
  i.aci_l2cap_connection_update_req_event_push
                          ro code  0x1005965c     0x88  l2cap.o [5]
  i.L2C_Build_Command_Reject_Pdu
                          ro code  0x100596e4     0x7a  l2cap.o [5]
  i.Find_L2cap_signalling_connection
                          ro code  0x10059760     0x38  l2cap.o [5]
  .rodata                 const    0x10059798    0x170  mbed_rtx_handlers.o [1]
  i.SM_L2CAP_Handler_ISR  ro code  0x10059908    0x12c  sm_common.o [5]
  i.SM_Connection_Complete_Handler
                          ro code  0x10059a34     0x7c  sm_common.o [5]
  .constdata              const    0x10059ab0    0x128  crypto.o [5]
  .constdata              const    0x10059bd8    0x110  aci_events.o [5]
  .text                   ro code  0x10059ce8     0xfa  BlueNRG1_mft.o [1]
  .text                   ro code  0x10059de4     0xf0  rtx_timer.o [1]
  .text                   ro code  0x10059ed4      0x2  rtx_evr.o [1]
  i.hci_acl_data_ind_event_int_cb
                          ro code  0x10059ed8     0xe4  acl.o [5]
  i.hci_rx_acl_data       ro code  0x10059fbc     0x5a  hci.o [5]
  i.Search_In_Stat        ro code  0x1005a016     0x20  acl.o [5]
  i.Check_Stat            ro code  0x1005a036     0x24  acl.o [5]
  i.PM_Append_Fragment    ro code  0x1005a05a     0x10  pm.o [5]
  i.L2C_Rcv_Event_Handler
                          ro code  0x1005a06a     0x3e  l2cap.o [5]
  i.Acl_Get_Last          ro code  0x1005a0a8      0xc  pm.o [5]
  i.SM_L2CAP_Handler      ro code  0x1005a0b4     0xe0  sm_common.o [5]
  i.smp_Keys_Distribution_Complete
                          ro code  0x1005a194     0x46  sm_common.o [5]
  .text                   ro code  0x1005a1dc     0xe0  xfspos.o [3]
  .text                   ro code  0x1005a2bc      0xc  xfgpos.o [3]
  .text                   ro code  0x1005a2c8     0xc4  us_ticker_api.o [1]
  i.SM_L2CAP_Encryption_changed_Handler_ISR
                          ro code  0x1005a38c     0xc4  sm_common.o [5]
  .text                   ro code  0x1005a450     0xc0  xfwprep.o [3]
  .text                   ro code  0x1005a510     0x22  fseek.o [3]
  .text                   ro code  0x1005a534     0x98  irq_cm0.o [1]
  i.hci_acl_data_tx_cmpl_event_int_cb
                          ro code  0x1005a5cc     0x98  acl.o [5]
  i.hci_tx_acl_data_done  ro code  0x1005a664     0x34  hci.o [5]
  .rodata                 const    0x1005a698     0x90  mbed_critical.o [1]
  .rodata                 const    0x1005a728     0x8c  Serial.o [1]
  .rodata                 const    0x1005a7b4     0x6c  Stream.o [1]
  .rodata                 const    0x1005a820     0x68  rtx_lib.o [1]
  .text                   ro code  0x1005a888     0x68  xcloseall.o [3]
  i._GAP_Parse_Advertising_Report
                          ro code  0x1005a8f0     0x64  gap.o [5]
  .constdata              const    0x1005a954     0x60  smp_scv42_isap.o [5]
  .rodata                 const    0x1005a9b4     0x60  rtx_lib.o [1]
  i.GAP_Connection_Complete_Handler
                          ro code  0x1005aa14     0x60  gap.o [5]
  .rodata                 const    0x1005aa74     0x5c  Stream.o [1]
  i.GAP_LL_Event_Handler_ISR
                          ro code  0x1005aad0     0x5c  gap.o [5]
  i.GAP_Parse_Advertising_Report
                          ro code  0x1005ab2c     0x10  gap.o [5]
  i.L2C_Rcv_Event_Handler_ISR
                          ro code  0x1005ab3c     0x5a  l2cap.o [5]
  i.L2C_Connection_Complete_Handler
                          ro code  0x1005ab96     0x24  l2cap.o [5]
  i.Gatt_Server_L2C_Handler_ISR
                          ro code  0x1005abbc     0x48  gatt_server.o [5]
  i.L2C_Signal_Channel_Handler_ISR
                          ro code  0x1005ac04     0x24  l2cap.o [5]
  i.Acl_Disconnected_Peer
                          ro code  0x1005ac28     0x54  acl.o [5]
  i.GATT_Connection_Complete_Handler
                          ro code  0x1005ac7c     0x48  gatt_server.o [5]
  i.L2C_Connection_Complete_Signal_Handler
                          ro code  0x1005acc4     0x24  l2cap.o [5]
  i.L2CAP_Reset_To_Closed_State
                          ro code  0x1005ace8     0x38  l2cap.o [5]
  .text                   ro code  0x1005ad20     0x56  fputc.o [3]
  .rodata                 const    0x1005ad78     0x54  FATFileSystem.o [1]
  .rodata                 const    0x1005adcc     0x50  ATCmdParser.o [1]
  i.hci_le_enhanced_connection_complete_event_cb
                          ro code  0x1005ae1c     0x48  aci_events.o [5]
  i.hci_le_enhanced_connection_complete_event
                          ro code  0x1005ae64      0x2  aci_events.o [5]
  i.smp____SC_hci_le_read_local_p256_public_key_complete_evt_hndl
                          ro code  0x1005ae68     0x44  smp_scv42_isap.o [5]
  i.hci_le_connection_complete_event_cb
                          ro code  0x1005aeac     0x40  aci_events.o [5]
  .text                   ro code  0x1005aeec     0x3c  zero_init3.o [7]
  .text                   ro code  0x1005af28     0x3c  packbits_init_single.o [7]
  .text                   ro code  0x1005af64     0x34  Serial.o [1]
  i.aci_l2cap_connection_update_req_event_cb
                          ro code  0x1005af98     0x30  aci_events.o [5]
  i.aci_l2cap_connection_update_req_event
                          ro code  0x1005afc8      0x2  aci_events.o [5]
  i.hci_le_connection_update_complete_event_cb
                          ro code  0x1005afcc     0x2c  aci_events.o [5]
  i.hci_le_connection_update_complete_event
                          ro code  0x1005aff8      0x2  aci_events.o [5]
  i.aci_att_prepare_write_resp_event_cb
                          ro code  0x1005affc     0x28  aci_events.o [5]
  i.aci_att_prepare_write_resp_event
                          ro code  0x1005b024      0x2  aci_events.o [5]
  i.aci_gatt_attribute_modified_event_cb
                          ro code  0x1005b028     0x28  aci_events.o [5]
  i.hci_le_read_remote_used_features_complete_event_cb
                          ro code  0x1005b050     0x28  aci_events.o [5]
  i.hci_le_read_remote_used_features_complete_event
                          ro code  0x1005b078      0x2  aci_events.o [5]
  i.smp____SC_hci_le_generate_dhkey_complete_evt_hndl
                          ro code  0x1005b07c     0x28  smp_scv42_isap.o [5]
  i.hci_disconnection_complete_event_int_cb
                          ro code  0x1005b0a4     0x26  aci_events.o [5]
  i.hci_le_connection_complete_event_int_cb
                          ro code  0x1005b0ca     0x26  aci_events.o [5]
  i.hci_le_enhanced_connection_complete_event_int_cb
                          ro code  0x1005b0f0     0x26  aci_events.o [5]
  i.aci_att_find_by_type_value_resp_event_cb
                          ro code  0x1005b118     0x24  aci_events.o [5]
  i.aci_att_find_by_type_value_resp_event
                          ro code  0x1005b13c      0x2  aci_events.o [5]
  i.aci_att_find_info_resp_event_cb
                          ro code  0x1005b140     0x24  aci_events.o [5]
  i.aci_att_find_info_resp_event
                          ro code  0x1005b164      0x2  aci_events.o [5]
  i.aci_att_read_blob_resp_event_cb
                          ro code  0x1005b168     0x24  aci_events.o [5]
  i.aci_att_read_blob_resp_event
                          ro code  0x1005b18c      0x2  aci_events.o [5]
[...]
                        0x10057ca5    0xa8  Code  Lc  multi_master_time.o [5]
nsar_updateBestFreeSlot
                        0x1005821d    0x22  Code  Lc  multi_master_time.o [5]
nsar_updateSlotListEntry
                        0x10057c1d    0x66  Code  Lc  multi_master_time.o [5]
obuf                    0x20004378    0x50  Data  Lc  xfiles.o [3]
osDelay                 0x1004a975    0x24  Code  Gb  rtx_delay.o [1]
osEventObs              0x200046c8     0x4  Data  Gb  rt_OsEventObserver.o [1]
osKernelGetState        0x100476cd    0x3c  Code  Gb  rtx_kernel.o [1]
osKernelInitialize      0x1004767d    0x36  Code  Gb  rtx_kernel.o [1]
osKernelStart           0x10047709    0x4e  Code  Gb  rtx_kernel.o [1]
osMessageQueueGet       0x10058941    0x9c  Code  Gb  rtx_msgqueue.o [1]
osMessageQueueNew       0x1005884d    0x4e  Code  Gb  rtx_msgqueue.o [1]
osMessageQueuePut       0x1005889d    0xa2  Code  Gb  rtx_msgqueue.o [1]
osMutexAcquire          0x10047b09    0x28  Code  Gb  rtx_mutex.o [1]
osMutexDelete           0x10047b65    0x24  Code  Gb  rtx_mutex.o [1]
osMutexNew              0x10047abd    0x46  Code  Gb  rtx_mutex.o [1]
osMutexRelease          0x10047b31    0x24  Code  Gb  rtx_mutex.o [1]
osRegisterForOsEvents::has_been_called
                        0x200046c4     0x1  Data  Lc  rt_OsEventObserver.o [1]
osRtxConfig             0x1005a820    0x68  Data  Gb  rtx_lib.o [1]
osRtxErrorNotify        0x10047ce1    0x60  Code  Gb  mbed_rtx_handlers.o [1]
osRtxIdleThread         0x10047cd9     0x6  Code  Gb  mbed_rtx_handlers.o [1]
osRtxInfo               0x200003c0    0xa4  Data  Gb  rtx_kernel.o [1]
osRtxMemoryAlloc        0x100480b5    0x70  Code  Wk  rtx_memory.o [1]
osRtxMemoryFree         0x10048125    0x4e  Code  Wk  rtx_memory.o [1]
osRtxMemoryInit         0x10048609    0x3e  Code  Wk  rtx_memory.o [1]
osRtxMemoryPoolAlloc    0x1004802f    0x40  Code  Gb  rtx_mempool.o [1]
osRtxMemoryPoolFree     0x1004806f    0x46  Code  Gb  rtx_mempool.o [1]
osRtxMemoryPoolInit     0x10047fe9    0x46  Code  Gb  rtx_mempool.o [1]
osRtxMessageQueuePostProcess
                        0x100583e1    0xfe  Code  Gb  rtx_msgqueue.o [1]
osRtxMutexOwnerRelease  0x1004777d    0x4e  Code  Gb  rtx_mutex.o [1]
osRtxPendSV_Handler     0x10058a6f    0x76  Code  Gb  rtx_system.o [1]
osRtxPostProcess        0x10058ae5    0x66  Code  Gb  rtx_system.o [1]
osRtxThreadBlock        0x10046dd9    0x30  Code  Gb  rtx_thread.o [1]
osRtxThreadDelayRemove  0x10046c61    0x66  Code  Gb  rtx_thread.o [1]
osRtxThreadDelayTick    0x10046cc7   0x10c  Code  Gb  rtx_thread.o [1]
osRtxThreadDispatch     0x10046e29    0x6a  Code  Gb  rtx_thread.o [1]
osRtxThreadFree         0x10047229    0x44  Code  Lc  rtx_thread.o [1]
osRtxThreadListGet      0x10046bf9    0x1a  Code  Gb  rtx_thread.o [1]
osRtxThreadListPut      0x10046bc9    0x30  Code  Gb  rtx_thread.o [1]
osRtxThreadListRemove   0x10046c37    0x1a  Code  Gb  rtx_thread.o [1]
osRtxThreadListSort     0x10046c13    0x24  Code  Gb  rtx_thread.o [1]
osRtxThreadPostProcess  0x10046f6b    0x54  Code  Gb  rtx_thread.o [1]
osRtxThreadReadyPut     0x10046c51    0x10  Code  Gb  rtx_thread.o [1]
osRtxThreadRegPtr       0x10046dd3     0x6  Code  Gb  rtx_thread.o [1]
osRtxThreadStackCheck   0x100473e1    0x2c  Code  Wk  rtx_thread.o [1]
osRtxThreadSwitch       0x10046e09    0x18  Code  Gb  rtx_thread.o [1]
osRtxThreadWaitEnter    0x10046ec5    0xa6  Code  Gb  rtx_thread.o [1]
osRtxThreadWaitExit     0x10046e93    0x32  Code  Gb  rtx_thread.o [1]
osRtxTick_Handler       0x100589fd    0x72  Code  Gb  rtx_system.o [1]
osRtxTimerThread        0x10059e81    0x54  Code  Wk  rtx_timer.o [1]
osRtxTimerTick          0x10059e21    0x5a  Code  Gb  rtx_timer.o [1]
osRtxUserSVC            0x1005b9ec     0x4  Data  Wk  rtx_lib.o [1]
osThreadContextNew      0x10047321    0x50  Code  Gb  rtx_thread.o [1]
osThreadExit            0x100473b9    0x16  Code  Gb  rtx_thread.o [1]
osThreadGetId           0x10047395    0x24  Code  Gb  rtx_thread.o [1]
osThreadGetName         0x10047371    0x24  Code  Gb  rtx_thread.o [1]
osThreadNew             0x10047315     0xa  Code  Gb  rtx_thread.o [1]
os_idle_thread_attr     0x1005a9b4    0x24  Data  Lc  rtx_lib.o [1]
os_idle_thread_cb       0x20004418    0x48  Data  Lc  rtx_lib.o [1]
os_idle_thread_stack    0x20003c38   0x200  Data  Lc  rtx_lib.o [1]
os_isr_queue            0x200044e8    0x40  Data  Lc  rtx_lib.o [1]
os_timer_mq_attr        0x1005a9fc    0x18  Data  Lc  rtx_lib.o [1]
os_timer_mq_cb          0x2000460c    0x34  Data  Lc  rtx_lib.o [1]
os_timer_mq_data        0x200043c8    0x50  Data  Lc  rtx_lib.o [1]
os_timer_thread_attr    0x1005a9d8    0x24  Data  Lc  rtx_lib.o [1]
os_timer_thread_cb      0x20004460    0x48  Data  Lc  rtx_lib.o [1]
os_timer_thread_stack   0x20003938   0x300  Data  Lc  rtx_lib.o [1]
ota_sw_activation       0x20000004     0x4  Data  Gb  system_bluenrg1.o [1]
ota_sw_activation_block$$Base
                        0x20000004           --   Gb  - Linker created -
ota_sw_activation_block$$Limit
                        0x20000008           --   Gb  - Linker created -
patch_advance_transmit  0x1004cfa1    0x3a  Code  Gb  routines_support.o [5]
pre_main                0x10046979    0x32  Code  Gb  mbed_boot.o [1]
prepend_alloc           0x1004512d   0x35e  Code  Lc  dlmalloc.o [3]
pressCharHandle         0x20004532     0x2  Data  Gb  gatt_db.o [1]
printf                  0x10049e8d    0x24  Code  Gb  printf.o [3]
putchar                 0x1005b885    0x10  Code  Gb  putchar.o [3]
rcon                    0x10059bb0    0x28  Data  Gb  crypto.o [5]
read_rssi               0x100431a5    0x68  Code  Gb  ll_routines.o [5]
remove                  0x1004856d    0x40  Code  Gb  mbed_retarget.o [1]
request_scan_slot       0x100572d1    0x80  Code  Gb  multi_master_time.o [5]
rtos::Mutex::Mutex()    0x100495bd    0x4a  Code  Gb  Mutex.o [1]
rtos::Mutex::lock(unsigned int)
                        0x1004960d    0x16  Code  Gb  Mutex.o [1]
rtos::Mutex::unlock()   0x10049623    0x10  Code  Gb  Mutex.o [1]
rtos::Mutex::~Mutex()   0x10049633     0x2  Code  Gb  Mutex.o [1]
rtos::Thread::wait(unsigned int)
                        0x10049355     0x8  Code  Gb  Thread.o [1]
rtos_idle_loop          0x10049331     0xa  Code  Gb  mbed_rtx_idle.o [1]
savedMSP                0x20000008     0x4  Data  Gb  system_bluenrg1.o [1]
savedMSP_block$$Base    0x20000008           --   Gb  - Linker created -
savedMSP_block$$Limit   0x2000000c           --   Gb  - Linker created -
scale                   0x1004b51f    0x42  Code  Lc  xprintflarge.o [3]
schedule_advertise_slot
                        0x100550fd    0x8c  Code  Gb  multi_master_time.o [5]
schedule_interrupt      0x1004d9a9    0x68  Code  Lc  mbed_ticker_api.o [1]
segment_holding         0x100450a1    0x1c  Code  Lc  dlmalloc.o [3]
serial_baud             0x100494a5     0x6  Code  Gb  serial_api.o [1]
serial_init             0x10049419    0x76  Code  Gb  serial_api.o [1]
serial_irq_handler      0x100494ab     0xa  Code  Gb  serial_api.o [1]
serial_irq_ids          0x200046d0     0x4  Data  Lc  serial_api.o [1]
serial_irq_set          0x100494b5    0x2c  Code  Gb  serial_api.o [1]
serial_putc             0x1004948f    0x16  Code  Gb  serial_api.o [1]
serialport              0x20004150    0x74  Data  Gb  main.o [1]
service_uuid            0x20004534    0x10  Data  Gb  gatt_db.o [1]
setGapAdvData           0x10051cf9    0xfa  Code  Gb  gap.o [5]
set_freq                0x1004f261    0x5e  Code  Gb  rom_ll_timehandling.o [5]
set_sca                 0x1004414d    0x1c  Code  Gb  rom_ll_timehandling.o [5]
set_string              0x10042f8d    0x10  Code  Gb  hal.o [5]
setvbuf                 0x10049875    0xb0  Code  Gb  setvbuf.o [3]
singleton_mutex_attr    0x20004568    0x10  Data  Gb  mbed_boot.o [1]
singleton_mutex_id      0x20004580     0x4  Data  Gb  mbed_boot.o [1]
singleton_mutex_obj     0x20004584    0x1c  Data  Gb  mbed_boot.o [1]
slave_advance           0x10055951    0xf0  Code  Gb  routines_support.o [5]
sleep_manager_lock_deep_sleep
                        0x1004a95b     0x2  Code  Gb  mbed_sleep_manager.o [1]
sleep_manager_unlock_deep_sleep
                        0x1004a95d     0x2  Code  Gb  mbed_sleep_manager.o [1]
sm_Calculate_Hash       0x10057171    0x38  Code  Lc  ssm_algo.o [5]
sm_Generate_SubKeys     0x10057e45    0x80  Code  Lc  ssm_algo.o [5]
sm_Get_Long_Term_Key    0x1004fde9    0x8a  Code  Lc  securitymgr.o [5]
sm_RepeatedAttacks_Protection
                        0x1005492d   0x102  Code  Lc  securitymgr.o [5]
sm_Search_BlackList     0x10057aed    0x46  Code  Gb  securitymgr.o [5]
smp_Add_To_Database     0x100566cd   0x146  Code  Gb  sm_common.o [5]
smp_Build_AuthReq_Field
                        0x100568b5    0x1a  Code  Lc  securitymgr.o [5]
smp_Build_Pairing_ReqResp_Packet
                        0x100569fd    0x50  Code  Lc  securitymgr.o [5]
smp_Check_Incoming_Pairing_Parameters
                        0x1005687d    0x34  Code  Lc  securitymgr.o [5]
smp_Determine_Key_Association_Method
                        0x10057a39    0xac  Code  Gb  securitymgr.o [5]
smp_Execute_Actions_wrt_Current_State
                        0x1004ff4d   0x266  Code  Lc  securitymgr.o [5]
smp_Find_Remote_Device_Index
                        0x1005413d    0x3a  Code  Gb  sm_common.o [5]
smp_Get_Local_Identity_Address
                        0x10056665    0x3a  Code  Gb  sm_common.o [5]
smp_Get_Pairing_Parameters_From_Peer_Packet
                        0x1005690d    0x82  Code  Lc  securitymgr.o [5]
smp_Keys_Distribution_Complete
                        0x1005a195    0x46  Code  Lc  sm_common.o [5]
smp_Keys_Distribution_Send
                        0x10053f69   0x126  Code  Lc  securitymgr.o [5]
smp_Keys_Distribution_Start
                        0x10053f31    0x36  Code  Gb  sm_common.o [5]
smp_LP_MI_Compute_c1_Confirm_Value
                        0x10056001   0x156  Code  Lc  securitymgr.o [5]
smp_OOB_Check_Is_Remote_Data_Present
                        0x1005615d    0x36  Code  Gb  sm_common.o [5]
smp_OOB_Clear_Remote_Data_Entry_by_Index
                        0x10056819    0x1a  Code  Gb  sm_common.o [5]
smp_OOB_Get_Remote_Data_Reference
                        0x10056199    0x48  Code  Gb  sm_common.o [5]
smp_Pairing_Completed   0x10054095    0xa2  Code  Gb  sm_common.o [5]
smp_Process_Rx_Packet_Exception_Cases
                        0x10050435    0xae  Code  Lc  securitymgr.o [5]
smp_Process_Rx_Packet_wrt_Current_State
                        0x10050201   0x174  Code  Lc  securitymgr.o [5]
smp_Receive_Keys        0x100545a9    0xd2  Code  Gb  sm_common.o [5]
smp_Reset_Timer         0x1005417d    0x1a  Code  Lc  securitymgr.o [5]
smp_SR_Compute_c1_Confirm_Value
                        0x100561e5   0x16a  Code  Lc  securitymgr.o [5]
smp_Send_Data           0x10055f71    0x2c  Code  Gb  securitymgr.o [5]
smp_Set_Key_Association_Method
                        0x10056995    0x64  Code  Lc  securitymgr.o [5]
smp____MI_PairingConfirm_Receive
                        0x10053a61    0x56  Code  Lc  securitymgr.o [5]
smp____MI_PairingConfirm_Send
                        0x10053c75    0x92  Code  Lc  securitymgr.o [5]
smp____MI_PairingRandom_Receive
                        0x10054701   0x1a2  Code  Lc  securitymgr.o [5]
smp____MI_PairingResponse_Receive
                        0x1005467d    0x7e  Code  Lc  securitymgr.o [5]
smp____MI_SecurityRequest_Receive
                        0x10054331    0x60  Code  Lc  securitymgr.o [5]
smp____PairingFailed_Send
                        0x10053f01    0x30  Code  Gb  securitymgr.o [5]
smp____Pairing_2Octets_Packet_Send
                        0x100565f5    0x48  Code  Gb  sm_common.o [5]
smp____Pairing_Process_Abort
                        0x10050379    0xb6  Code  Lc  securitymgr.o [5]
smp____SC_Continue_If_Exclusive_SC_Pairing
                        0x100568d1    0x36  Code  Gb  smp_scv42_isap.o [5]
smp____SC_PairingPublicKey_Receive
                        0x10054395    0x68  Code  Gb  smp_scv42_isap.o [5]
smp____SC_PairingPublicKey_Send
                        0x10053c0d    0x64  Code  Gb  smp_scv42_isap.o [5]
smp____SC_Pairing_OOB_Confirm_Receive_and_Verify
                        0x10053d0d    0x8c  Code  Gb  smp_scv42_isap.o [5]
smp____SC_Phase_2AS2_DHKeyCheck_Receive
                        0x100548ad    0x80  Code  Gb  smp_scv42_isap.o [5]
smp____SC_Phase_2AS2_DHKeyCheck_Send
                        0x10056599    0x56  Code  Gb  smp_scv42_isap.o [5]
smp____SC_Phase_2AS2_Generate_DHKeyCheck
                        0x10056469   0x12a  Code  Lc  smp_scv42_isap.o [5]
smp____SC_Phase_2AS2_Start
                        0x10053e4d    0xae  Code  Gb  smp_scv42_isap.o [5]
smp____SC_Phase_2AS2__Set_Addresses
                        0x10056355    0x32  Code  Lc  smp_scv42_isap.o [5]
smp____SC_Verify_Peer_PK_and_Generate_DHKey
                        0x10056b81    0x3e  Code  Gb  smp_scv42_isap.o [5]
smp____SC_hci_le_generate_dhkey_complete_evt_hndl
                        0x1005b07d    0x22  Code  Gb  smp_scv42_isap.o [5]
smp____SC_hci_le_read_local_p256_public_key_complete_evt_hndl
                        0x1005ae69    0x3c  Code  Gb  smp_scv42_isap.o [5]
smp____SC_initialize    0x10050b15    0x50  Code  Gb  smp_scv42_isap.o [5]
smp____SC_is_Debug_Key_Usage_Forced
                        0x10055f9d    0x10  Code  Gb  smp_scv42_isap.o [5]
smp____SC_is_any_other_SC_Pairing_Ongoing
                        0x10050add    0x34  Code  Gb  smp_scv42_isap.o [5]
smp____SC_submit_ECC_PK_generation_request
                        0x10053bf1    0x16  Code  Gb  smp_scv42_isap.o [5]
smp____SR_PairingConfirm_Receive
                        0x10053d9d    0xac  Code  Lc  securitymgr.o [5]
smp____SR_PairingRandom_Receive
                        0x10054405   0x19a  Code  Lc  securitymgr.o [5]
smp____SR_PairingRequest_Receive
                        0x1005419d   0x18e  Code  Lc  securitymgr.o [5]
spi                     0x200041dc    0x24  Data  Gb  main.o [1]
spi_format              0x10049d71    0x60  Code  Gb  spi_api.o [1]
spi_frequency           0x10049dd1     0xa  Code  Gb  spi_api.o [1]
spi_init                0x10049c9d    0xd0  Code  Gb  spi_api.o [1]
spi_master_block_write  0x10049ddb    0xb2  Code  Gb  spi_api.o [1]
stacklib_flash_data     0x10067000   0x800  Data  Lc  Blue1.o [1]
stacklib_stored_device_id_data
                        0x10067800    0x38  Data  Lc  Blue1.o [1]
start_timebase          0x100570d1    0x92  Code  Gb  multi_master_time.o [5]
std_mutex_file          0x20004038   0x118  Data  Lc  mbed_boot.o [1]
std_mutex_id_file       0x20004010    0x28  Data  Lc  mbed_boot.o [1]
std_mutex_id_sys        0x20004220    0x14  Data  Lc  mbed_boot.o [1]
std_mutex_sys           0x20004234    0x8c  Data  Lc  mbed_boot.o [1]
stdio_uart              0x200046ac    0x10  Data  Gb  serial_api.o [1]
stdio_uart_inited       0x200046e4     0x4  Data  Gb  serial_api.o [1]
store_data              0x10055a4d    0x1c  Code  Gb  gatt_server.o [5]
strcmp                  0x100496a9    0x22  Code  Gb  strcmp.o [7]
strlen                  0x1004d2fb    0x10  Code  Gb  strlen.o [7]
strncmp                 0x1004d6d5    0x2c  Code  Gb  strncmp.o [3]
svcRtxDelay             0x1004a961    0x14  Code  Gb  rtx_delay.o [1]
svcRtxKernelGetState    0x100475bd     0xe  Code  Gb  rtx_kernel.o [1]
svcRtxKernelInitialize  0x10047435   0x17a  Code  Gb  rtx_kernel.o [1]
svcRtxKernelStart       0x100475cb    0xa6  Code  Gb  rtx_kernel.o [1]
svcRtxMessageQueueGet   0x10058737   0x106  Code  Gb  rtx_msgqueue.o [1]
svcRtxMessageQueueNew   0x100584df   0x16e  Code  Gb  rtx_msgqueue.o [1]
svcRtxMessageQueuePut   0x1005864d    0xea  Code  Gb  rtx_msgqueue.o [1]
svcRtxMutexAcquire      0x10047847    0xca  Code  Gb  rtx_mutex.o [1]
svcRtxMutexDelete       0x10047a03    0xba  Code  Gb  rtx_mutex.o [1]
svcRtxMutexNew          0x100477cb    0x7c  Code  Gb  rtx_mutex.o [1]
svcRtxMutexRelease      0x10047911    0xdc  Code  Gb  rtx_mutex.o [1]
svcRtxThreadExit        0x1004726d    0xa0  Code  Gb  rtx_thread.o [1]
svcRtxThreadGetId       0x100471f9    0x10  Code  Gb  rtx_thread.o [1]
svcRtxThreadGetName     0x100471cf    0x2a  Code  Gb  rtx_thread.o [1]
svcRtxThreadNew         0x10046fc9   0x206  Code  Gb  rtx_thread.o [1]
swap_char               0x10044139     0xa  Code  Lc  multi_master_time.o [5]
swap_short_int          0x10044143     0xa  Code  Lc  multi_master_time.o [5]
sys_alloc               0x10045495   0x3e8  Code  Lc  dlmalloc.o [3]
syslock_o               0x200045a0     0x4  Data  Lc  xsyslock_mtx.o [3]
system_time_trans       0x10043135     0xa  Code  Gb  rom_ll_timehandling.o [5]
system_time_trans_ext   0x100441ad    0x26  Code  Gb  rom_ll_timehandling.o [5]
tempCharHandle          0x20004530     0x2  Data  Gb  gatt_db.o [1]
terminate_hook          0x200046ec     0x4  Data  Lc  Thread.o [1]
thread_terminate_hook   0x10049341    0x10  Code  Gb  Thread.o [1]
ticker_read             0x1004da11     0x4  Code  Gb  mbed_ticker_api.o [1]
time_offset1            0x10044177     0xe  Code  Gb  rom_ll_timehandling.o [5]
time_offset2            0x10044195     0xc  Code  Gb  rom_ll_timehandling.o [5]
timebase_start_connect  0x100440c5    0x36  Code  Gb  multi_master_time.o [5]
tmalloc_large           0x10045889   0x3ca  Code  Lc  dlmalloc.o [3]
tmalloc_small           0x10045c59   0x230  Code  Lc  dlmalloc.o [3]
touch_it                0x20000567     0x1  Data  Gb  rom_global_var.o [5]
unpack_channel_map      0x1004288b    0x38  Code  Gb  rom_ll_isr_routines.o [5]
unpack_update_request   0x10042845    0x46  Code  Gb  rom_ll_isr_routines.o [5]
update_present_time     0x1004d841    0xf4  Code  Lc  mbed_ticker_api.o [1]
us_data                 0x1004d704     0x8  Data  Lc  mbed_us_ticker_api.o [1]
us_interface            0x1005b680    0x1c  Data  Lc  mbed_us_ticker_api.o [1]
us_ticker_clear_interrupt
                        0x1005a389     0x2  Code  Gb  us_ticker_api.o [1]
us_ticker_disable_interrupt
                        0x1005a36f     0xc  Code  Gb  us_ticker_api.o [1]
us_ticker_fire_interrupt
                        0x1005a38b     0x2  Code  Gb  us_ticker_api.o [1]
us_ticker_get_info      0x1005b9d5     0x8  Code  Wk  mbed_retarget.o [1]
us_ticker_get_info::info
                        0x1005b9c4     0x8  Data  Lc  mbed_retarget.o [1]
us_ticker_init          0x1005a2ef    0x5c  Code  Gb  us_ticker_api.o [1]
us_ticker_read          0x1005a34b    0x18  Code  Gb  us_ticker_api.o [1]
us_ticker_set_interrupt
                        0x1005a363     0xc  Code  Gb  us_ticker_api.o [1]
void mbed::Callback<void ()>::function_call<void (*)()>(void const *)
                        0x1005b9dd     0x8  Code  Gb  Ticker.o [1]
void mbed::Callback<void ()>::function_dtor<void (*)()>(void *)
                        0x1004a95f     0x2  Code  Gb  Ticker.o [1]
void mbed::Callback<void ()>::function_move<void (*)()>(void *, void const *)
                        0x10041cfb     0xa  Code  Gb  Ticker.o [1]
void mbed::Callback<void ()>::generate<void (*)()>(void (*)() const &)::ops
                        0x1005b97c     0xc  Data  Gb  Ticker.o [1]
vsnprintf               0x100493dd    0x3c  Code  Gb  vsnprint.o [3]
wait_ms                 0x1004bf4d     0xe  Code  Gb  mbed_wait_api_rtos.o [1]
wait_us                 0x1004bf5b     0x2  Code  Gb  mbed_wait_api_rtos.o [1]
wakeupFromSleepFlag     0x2000000c     0x1  Data  Gb  system_bluenrg1.o [1]
wakeupFromSleepFlag_block$$Base
                        0x2000000c           --   Gb  - Linker created -
wakeupFromSleepFlag_block$$Limit
                        0x20000010           --   Gb  - Linker created -


[1] = C:\Users\Gianluca\mbedCLIdev\gian-ble-Copia-bleapi\BUILD\Obj
[2] = command line
[3] = dl6M_tlf.a
[4] = dlpp6M_tl_fc.a
[5] = libbluenrg1_stack.a
[6] = m6M_tl.a
[7] = rt6M_tl.a

  110 910 bytes of readonly  code memory
    4 513 bytes of readonly  data memory
   23 367 bytes of readwrite data memory

Errors: none
Warnings: none
